W/ContextImpl(20982): Calling a method in the system process without a qualified user: android.app.ContextImpl.startService:1378 android.content.ContextWrapper.startService:581 android.content.ContextWrapper.startService:581 com.huawei.systemmanager.antivirus.utils.AntiVirusTools.checkVirusForNewInstalledApk:563 com.huawei.systemmanager.antivirus.AntiVirusReceiver.onReceive:35 
I/ActivityManager( 1415): new Process app=ProcessRecord{4949406 0:com.android.providers.calendar/u0a25}, name: com.android.providers.calendar, euid: 0
I/ActivityManager( 1415): Start proc 21234:com.android.providers.calendar/u0a25 for content provider com.android.providers.calendar/.CalendarProvider2
V/ActivityManager_MU( 1415): Waiting to start provider ContentProviderRecord{b010ac7 u0 euid:0 com.android.providers.calendar/.CalendarProvider2} launchingApp=ProcessRecord{4949406 21234:com.android.providers.calendar/u0a25} caller pid= 16616
I/ActivityManager( 1415): retrieveServiceLocked, callerApp: ProcessRecord{531177a 20982:com.huawei.systemmanager/1000}, flags: 400
W/ContextImpl(20982): Calling a method in the system process without a qualified user: android.app.ContextImpl.startService:1378 android.content.ContextWrapper.startService:581 com.huawei.systemmanager.spacecleanner.receiver.SpaceCleanReceiver.checkRarelyUsedApp:132 com.huawei.systemmanager.spacecleanner.receiver.SpaceCleanReceiver.doInBackground:60 java.lang.reflect.Method.invoke:-2 
I/ActivityManager( 1415): collectReceiverComponents for intent: Intent { act=com.huawei.systemmanager.action.found_virusscan_app flg=0x10 pkg=com.huawei.systemmanager (has extras) }, receivers: null
D/ActivityThread(21234): ActivityThread,attachApplication
D/ActivityManager( 1415): ActivityManagerService,attachApplication,callingPid = 21234
V/ActivityManager( 1415): New app record ProcessRecord{4949406 21234:com.android.providers.calendar/u0a25} thread=android.os.BinderProxy@da468f4 pid=21234
I/ActivityManager( 1415): new Process app=ProcessRecord{7b3381d 0:com.android.browser/u0a7}, name: com.android.browser, euid: 0
I/ActivityManager( 1415): Start proc 21260:com.android.browser/u0a7 for broadcast com.android.browser/com.uc.base.system.receivers.SysReceiver
V/ActivityManager( 1415): Successfully start provider ContentProviderRecord{b010ac7 u0 euid:0 com.android.providers.calendar/.CalendarProvider2} launchingApp=ProcessRecord{4949406 21234:com.android.providers.calendar/u0a25} caller pid= 16616
I/ActivityManager( 1415): retrieveServiceLocked, callerApp: ProcessRecord{4949406 21234:com.android.providers.calendar/u0a25}, flags: 400
I/ActivityManager( 1415): bindServiceLocked, r: ServiceRecord{d5fe28c u0 euid: 0 com.android.providers.calendar/.EmptyService}, euid: 0
D/ActivityThread(21260): ActivityThread,attachApplication
D/ActivityManager( 1415): ActivityManagerService,attachApplication,callingPid = 21260
V/ActivityManager( 1415): New app record ProcessRecord{7b3381d 21260:com.android.browser/u0a7} thread=android.os.BinderProxy@d224dd5 pid=21260
I/ActivityManager( 1415): collectReceiverComponents for intent: Intent { act=PACKAGE_ADDED_OR_REMOVED flg=0x10 pkg=com.huawei.systemmanager (has extras) }, receivers: null
I/ActivityManager( 1415): Process com.android.browser (pid 21260) has died
D/ActivityManager( 1415): cleanUpApplicationRecord -- 21260
I/ActivityManager( 1415): cleanUpApplicationRecordLocked, reset pid: 21260, euid: 0
I/ActivityManager( 1415): retrieveServiceLocked, callerApp: ProcessRecord{a9727ca 20905:com.huawei.hwmwlauncher/u0a82}, flags: 400
I/ActivityManager( 1415): bindServiceLocked, r: ServiceRecord{48a24db u0 euid: 0 com.huawei.hwmwlauncher/.HwMwLauncherService}, euid: 0
W/ContextImpl(20982): Calling a method in the system process without a qualified user: android.app.ContextImpl.startService:1378 android.content.ContextWrapper.startService:581 android.content.ContextWrapper.startService:581 com.huawei.systemmanager.antivirus.utils.AntiVirusTools.checkVirusForNewInstalledApk:563 com.huawei.systemmanager.antivirus.AntiVirusReceiver.onReceive:35 
I/ActivityManager( 1415): retrieveServiceLocked, callerApp: ProcessRecord{531177a 20982:com.huawei.systemmanager/1000}, flags: 400
I/ActivityManager( 1415): collectReceiverComponents for intent: Intent { act=com.huawei.multiwindow.launcher.action.REFRESH_MW_LAUNCHER flg=0x10 }, receivers: null
I/ActivityManager( 1415): collectReceiverComponents for intent: Intent { act=com.huawei.systemmanager.action.found_virusscan_app flg=0x10 pkg=com.huawei.systemmanager (has extras) }, receivers: null
W/ActivityManager( 1415): getRunningAppProcesses: caller 10104 does not hold REAL_GET_TASKS; limiting output
I/ActivityManager( 1415): collectReceiverComponents for intent: Intent { act=android.intent.action.PROVIDER_CHANGED dat=content://com.android.calendar flg=0x10 }, receivers: [ResolveInfo{2fc33b7 com.android.calendar/.alerts.AlertReceiver m=0x308000 euid=0}, ResolveInfo{3adf724 com.android.calendar/.widget.CalendarAppWidgetService$CalendarFactory m=0x308000 euid=0}, ResolveInfo{c37628d com.android.calendar/.simpleui.CalendarSimpleUiPRovider m=0x308000 euid=0}, ResolveInfo{9aa1c42 com.android.calendar/.mycalendar.CalendarAppWidgetProvider m=0x308000 euid=0}]
I/ActivityManager( 1415): new Process app=ProcessRecord{f165453 0:com.android.calendar/u0a39}, name: com.android.calendar, euid: 0
I/ActivityManager( 1415): Start proc 21332:com.android.calendar/u0a39 for broadcast com.android.calendar/.alerts.AlertReceiver
D/ActivityThread(21332): ActivityThread,attachApplication
D/ActivityManager( 1415): ActivityManagerService,attachApplication,callingPid = 21332
V/ActivityManager( 1415): New app record ProcessRecord{f165453 21332:com.android.calendar/u0a39} thread=android.os.BinderProxy@5656190 pid=21332
I/ActivityManager( 1415): retrieveServiceLocked, callerApp: ProcessRecord{f165453 21332:com.android.calendar/u0a39}, flags: 400
I/ActivityManager( 1415): bindServiceLocked, r: ServiceRecord{5449a89 u0 euid: 0 com.android.calendar/.alerts.AlertService}, euid: 0
I/ActivityManager( 1415): collectReceiverComponents for intent: Intent { act=com.android.calendar.APPWIDGET_UPDATE flg=0x10 }, receivers: [ResolveInfo{441ba8e com.android.calendar/.widget.CalendarAppWidgetProvider m=0x108000 euid=0}]
I/AppWidgetServiceImpl( 1415): recycle oldRemoteView
V/AlarmManager( 1415): set(PendingIntent{5d35645: PendingIntentRecord{c642996 com.ss.android.ugc.aweme broadcastIntent}}) : type=0 triggerAtTime=1530201842462 win=202500 tElapsed=140195645 maxElapsed=140398145 interval=0 flags=0x0
V/AlarmManager( 1415): set(PendingIntent{da2f19a: PendingIntentRecord{c642996 com.ss.android.ugc.aweme broadcastIntent}}) : type=0 triggerAtTime=1530201842466 win=202499 tElapsed=140195648 maxElapsed=140398147 interval=0 flags=0x0
I/ActivityManager( 1415): collectReceiverComponents for intent: Intent { act=android.intent.action.SIG_STR flg=0x20000010 (has extras) }, receivers: null
W/ActivityManager( 1415): getRunningAppProcesses: caller 10080 does not hold REAL_GET_TASKS; limiting output
W/ActivityManager( 1415): getRunningAppProcesses: caller 10104 does not hold REAL_GET_TASKS; limiting output
I/ActivityManager( 1415): collectReceiverComponents for intent: Intent { act=com.tencent.mm.plugin.report.service.KVCommCrossProcessReceiver flg=0x10 cmp=com.tencent.mm/.plugin.report.service.KVCommCrossProcessReceiver (has extras) }, receivers: [ResolveInfo{b19facb com.tencent.mm/.plugin.report.service.KVCommCrossProcessReceiver m=0x0 euid=0}]
W/ActivityManager( 1415): getRunningAppProcesses: caller 10080 does not hold REAL_GET_TASKS; limiting output
I/ActivityManager( 1415): collectReceiverComponents for intent: Intent { act=android.intent.action.SIG_STR flg=0x20000010 (has extras) }, receivers: null
W/ActivityManager( 1415): getRunningAppProcesses: caller 10080 does not hold REAL_GET_TASKS; limiting output
D/HwBatteryService( 1415): onUEvent fcp_values = 0
D/WifiService( 1415): onReceive, action:android.intent.action.BATTERY_CHANGED
D/WifiService( 1415): ACTION_BATTERY_CHANGED pluggedType: 2
I/ActivityManager( 1415): collectReceiverComponents for intent: Intent { act=android.net.wifi.SCAN_RESULTS flg=0x4000010 (has extras) }, receivers: [ResolveInfo{87bd2a8 com.android.settings/.wifi.cmcc.ConnectSwitchReceiver m=0x108000 euid=0}]
W/ActivityManager( 1415): getRunningAppProcesses: caller 10106 does not hold REAL_GET_TASKS; limiting output
W/ActivityManager( 1415): getRunningAppProcesses: caller 10106 does not hold REAL_GET_TASKS; limiting output
I/ActivityManager( 1415): collectReceiverComponents for intent: Intent { act=android.intent.action.SIG_STR flg=0x20000010 (has extras) }, receivers: null
W/ActivityManager( 1415): getRunningAppProcesses: caller 10080 does not hold REAL_GET_TASKS; limiting output
V/AlarmManager( 1415): sending alarm Alarm{cd811c1 type 1 when 1530201600000 android},repeatInterval = 0
I/ActivityManager( 1415): collectReceiverComponents for intent: Intent { act=android.intent.action.DATE_CHANGED flg=0x20000010 }, receivers: [ResolveInfo{9ae8d66 com.android.calendar/.widget.CalendarAppWidgetService$CalendarFactory m=0x108000 euid=0}, ResolveInfo{14b78a7 com.qualcomm.timeservice/.TimeServiceBroadcastReceiver m=0x108000 euid=0}, ResolveInfo{40f7154 com.android.inputmethod.latin/com.android.inputmethod.dictionarypack.EventHandler m=0x108000 euid=0}, ResolveInfo{a1308fd com.huawei.phoneservice/com.huawei.phoneserviceuni.usersurvey.check.UsersurveyAutoCheckReceiver m=0x108000 euid=0}, ResolveInfo{78619f2 com.huawei.phoneservice/com.huawei.phoneserviceuni.guideuse.GuideUserUseReceiver m=0x108000 euid=0}, ResolveInfo{32cf843 com.ss.android.ugc.aweme/com.ss.android.message.MessageReceiver m=0x108000 euid=0}]
V/AlarmManager( 1415): Received DATE_CHANGED alarm; rescheduling
V/AlarmManager( 1415): sending alarm Alarm{49c4ec0 type 3 when 139953183 android},repeatInterval = 0
V/AlarmManager( 1415): Alarm triggering (type 0 or 2): [Alarm{f0c37f9 type 0 when 1530201600035 com.huawei.android.powermonitor}]
V/AlarmManager( 1415): sending alarm Alarm{f0c37f9 type 0 when 1530201600035 com.huawei.android.powermonitor},repeatInterval = 0
I/ActivityManager( 1415): collectReceiverComponents for intent: Intent { act=android.intent.pm_action.STATS_FINISHED flg=0x14 (has extras) }, receivers: null
I/ActivityManager( 1415): new Process app=ProcessRecord{4d7e33e 0:com.huawei.android.totemweather/u0a73}, name: com.huawei.android.totemweather, euid: 0
I/ActivityManager( 1415): Start proc 21415:com.huawei.android.totemweather/u0a73 for content provider com.huawei.android.totemweather/.provider.WeatherProvider
V/ActivityManager_MU( 1415): Waiting to start provider ContentProviderRecord{71cd59f u0 euid:0 com.huawei.android.totemweather/.provider.WeatherProvider} launchingApp=ProcessRecord{4d7e33e 21415:com.huawei.android.totemweather/u0a73} caller pid= 2596
D/ActivityThread(21415): ActivityThread,attachApplication
D/ActivityManager( 1415): ActivityManagerService,attachApplication,callingPid = 21415
V/ActivityManager( 1415): New app record ProcessRecord{4d7e33e 21415:com.huawei.android.totemweather/u0a73} thread=android.os.BinderProxy@85796ec pid=21415
I/ActivityManager( 1415): new Process app=ProcessRecord{3cf5ab5 0:com.qualcomm.timeservice/1000}, name: com.qualcomm.timeservice, euid: 0
I/ActivityManager( 1415): Start proc 21432:com.qualcomm.timeservice/1000 for broadcast com.qualcomm.timeservice/.TimeServiceBroadcastReceiver
V/ActivityManager( 1415): Successfully start provider ContentProviderRecord{71cd59f u0 euid:0 com.huawei.android.totemweather/.provider.WeatherProvider} launchingApp=ProcessRecord{4d7e33e 21415:com.huawei.android.totemweather/u0a73} caller pid= 2596
I/ActivityManager( 1415): collectReceiverComponents for intent: Intent { act=com.android.calendar.APPWIDGET_UPDATE flg=0x10 }, receivers: [ResolveInfo{9eaf54a com.android.calendar/.widget.CalendarAppWidgetProvider m=0x108000 euid=0}]
W/ActivityManager( 1415): getRunningAppProcesses: caller 10073 does not hold REAL_GET_TASKS; limiting output
I/ActivityManager( 1415): Process com.android.keychain (pid 21142) has died
D/ActivityManager( 1415): cleanUpApplicationRecord -- 21142
I/ActivityManager( 1415): cleanUpApplicationRecordLocked, reset pid: 21142, euid: 0
V/AlarmManager( 1415): set(PendingIntent{a6b1c16: PendingIntentRecord{71f889e com.huawei.android.totemweather broadcastIntent}}) : type=0 triggerAtTime=1530277200000 win=0 tElapsed=215553183 maxElapsed=215553183 interval=0 flags=0x9
I/ActivityManager( 1415): retrieveServiceLocked, callerApp: ProcessRecord{4d7e33e 21415:com.huawei.android.totemweather/u0a73}, flags: 400
I/ActivityManager( 1415): bindServiceLocked, r: ServiceRecord{12dd997 u0 euid: 0 com.huawei.android.totemweather/.WeatherService}, euid: 0
D/ActivityThread(21432): ActivityThread,attachApplication
D/ActivityManager( 1415): ActivityManagerService,attachApplication,callingPid = 21432
V/ActivityManager( 1415): New app record ProcessRecord{3cf5ab5 21432:com.qualcomm.timeservice/1000} thread=android.os.BinderProxy@a9bd784 pid=21432
I/ActivityManager( 1415): new Process app=ProcessRecord{41d2b6d 0:com.android.inputmethod.latin/u0a74}, name: com.android.inputmethod.latin, euid: 0
I/ActivityManager( 1415): Start proc 21463:com.android.inputmethod.latin/u0a74 for broadcast com.android.inputmethod.latin/com.android.inputmethod.dictionarypack.EventHandler
D/ActivityThread(21463): ActivityThread,attachApplication
D/ActivityManager( 1415): ActivityManagerService,attachApplication,callingPid = 21463
V/ActivityManager( 1415): New app record ProcessRecord{41d2b6d 21463:com.android.inputmethod.latin/u0a74} thread=android.os.BinderProxy@6f4e3a2 pid=21463
I/ActivityManager( 1415): retrieveServiceLocked, callerApp: ProcessRecord{41d2b6d 21463:com.android.inputmethod.latin/u0a74}, flags: 400
I/ActivityManager( 1415): bindServiceLocked, r: ServiceRecord{4ec7833 u0 euid: 0 com.android.inputmethod.latin/com.android.inputmethod.dictionarypack.DictionaryService}, euid: 0
I/ActivityManager( 1415): new Process app=ProcessRecord{fc0e7f0 0:com.huawei.phoneservice/u0a10}, name: com.huawei.phoneservice, euid: 0
I/ActivityManager( 1415): Start proc 21479:com.huawei.phoneservice/u0a10 for broadcast com.huawei.phoneservice/com.huawei.phoneserviceuni.usersurvey.check.UsersurveyAutoCheckReceiver
D/ActivityThread(21479): ActivityThread,attachApplication
D/ActivityManager( 1415): ActivityManagerService,attachApplication,callingPid = 21479
V/ActivityManager( 1415): New app record ProcessRecord{fc0e7f0 21479:com.huawei.phoneservice/u0a10} thread=android.os.BinderProxy@f6e1169 pid=21479
V/AlarmManager( 1415): set(PendingIntent{4e4931c: PendingIntentRecord{41fca0c com.huawei.android.powermonitor broadcastIntent}}) : type=0 triggerAtTime=1530288001970 win=0 tElapsed=226355152 maxElapsed=226355152 interval=0 flags=0x9
V/AlarmManager( 1415): sending alarm Alarm{dcd5b25 type 1 when 1530201601999 com.huawei.intelligent},repeatInterval = 0
I/ActivityManager( 1415): collectReceiverComponents for intent: Intent { act=com.huawei.intelligent.time_24oclock_notify flg=0x14 cmp=com.huawei.intelligent/.main.receiver.IntelligentReceiver (has extras) }, receivers: [ResolveInfo{5d344fa com.huawei.intelligent/.main.receiver.IntelligentReceiver m=0x0 euid=0}]
I/ActivityManager( 1415): new Process app=ProcessRecord{d54baab 0:com.huawei.intelligent/u0a91}, name: com.huawei.intelligent, euid: 0
I/ActivityManager( 1415): Start proc 21504:com.huawei.intelligent/u0a91 for broadcast com.huawei.intelligent/.main.receiver.IntelligentReceiver
D/NetdConnector( 1415): SND -> {2911 bandwidth removenaughtyapps 10091}
D/ActivityThread(21504): ActivityThread,attachApplication
D/ActivityManager( 1415): ActivityManagerService,attachApplication,callingPid = 21504
V/ActivityManager( 1415): New app record ProcessRecord{d54baab 21504:com.huawei.intelligent/u0a91} thread=android.os.BinderProxy@935c508 pid=21504
D/NetdConnector( 1415): RCV <- {200 2911 Bandwidth command succeeeded}
D/NetdConnector( 1415): RCV <- {200 2911 Bandwidth command succeeeded}
D/NetdConnector( 1415): SND -> {2912 bandwidth addnaughtyapps 10091}
D/NetdConnector( 1415): RCV <- {200 2912 Bandwidth command succeeeded}
D/NetdConnector( 1415): RCV <- {200 2912 Bandwidth command succeeeded}
I/ActivityManager( 1415): retrieveServiceLocked, callerApp: ProcessRecord{d54baab 21504:com.huawei.intelligent/u0a91}, flags: 400
I/ActivityManager( 1415): bindServiceLocked, r: ServiceRecord{a1d84a1 u0 euid: 0 com.huawei.intelligent/com.huawei.placerecognition.service.PlaceRecognitionService}, euid: 0
I/ActivityManager( 1415): retrieveServiceLocked, callerApp: ProcessRecord{d54baab 21504:com.huawei.intelligent/u0a91}, flags: 400
I/ActivityManager( 1415): bindServiceLocked, r: ServiceRecord{ecc9dd u0 euid: 0 com.huawei.intelligent/.main.receiver.IntelligentIntentService}, euid: 0
I/ActivityManager( 1415): retrieveServiceLocked, callerApp: ProcessRecord{d54baab 21504:com.huawei.intelligent/u0a91}, flags: 400
I/ActivityManager( 1415): bindServiceLocked, r: ServiceRecord{f7126d9 u0 euid: 0 com.huawei.intelligent/.main.businesslogic.weatherservice.WeatherAlarmService}, euid: 0
V/AlarmManager( 1415): set(PendingIntent{1d9d89e: PendingIntentRecord{1f58f7f com.huawei.intelligent startService}}) : type=0 triggerAtTime=1530270060556 win=51343401 tElapsed=208413738 maxElapsed=259757139 interval=0 flags=0x8
V/AlarmManager( 1415): set(PendingIntent{280fb4c: PendingIntentRecord{6445795 com.huawei.intelligent startService}}) : type=0 triggerAtTime=1530277228695 win=56719488 tElapsed=215581877 maxElapsed=272301365 interval=0 flags=0x8
I/ActivityManager( 1415): retrieveServiceLocked, callerApp: ProcessRecord{d54baab 21504:com.huawei.intelligent/u0a91}, flags: 400
I/ActivityManager( 1415): bindServiceLocked, r: ServiceRecord{9688038 u0 euid: 0 com.huawei.android.totemweather/.aidl.WeatherAidlService}, euid: 0
V/AlarmManager( 1415): set(PendingIntent{bdfd811: PendingIntentRecord{4a5d76 com.huawei.intelligent startService}}) : type=0 triggerAtTime=1530229200556 win=20698363 tElapsed=167553739 maxElapsed=188252102 interval=0 flags=0x8
V/AlarmManager( 1415): set(PendingIntent{767ef77: PendingIntentRecord{f4167e4 com.huawei.intelligent startService}}) : type=0 triggerAtTime=1530288000745 win=64798497 tElapsed=226353928 maxElapsed=291152425 interval=0 flags=0x8
I/ActivityManager( 1415): Process com.huawei.android.pushagent (pid 21119) has died
D/ActivityManager( 1415): cleanUpApplicationRecord -- 21119
I/ActivityManager( 1415): cleanUpApplicationRecordLocked, reset pid: 21119, euid: 0
I/ActivityManager( 1415): retrieveServiceLocked, callerApp: ProcessRecord{d54baab 21504:com.huawei.intelligent/u0a91}, flags: 400
I/ActivityManager( 1415): bindServiceLocked, r: ServiceRecord{ad8e44d u0 euid: 0 com.huawei.intelligent/.main.businesslogic.weatherservice.WeatherAlarmService}, euid: 0
I/ActivityManager( 1415): collectReceiverComponents for intent: Intent { act=com.huawei.intelligent.data.changed flg=0x10 }, receivers: null
I/ActivityManager( 1415): Process com.huawei.appmarket (pid 20760) has died
D/ActivityManager( 1415): cleanUpApplicationRecord -- 20760
I/ActivityManager( 1415): cleanUpApplicationRecordLocked, reset pid: 20760, euid: 0
V/HwWindowManagerService( 1415): moveTaskToTop mTaskChanged:true
V/HwWindowManagerService( 1415): setFocusedApp update app ops, mTaskChanged set to:false
I/HwWindowManagerService( 1415): this win:Window{26f79de u0 com.tencent.mtt} hase children size:0
I/ActivityManager( 1415): collectReceiverComponents for intent: Intent { act=com.android.server.wm.addview.preventnotify flg=0x10 (has extras) }, receivers: null
V/WindowManager( 1415): Skipping AppWindowToken{7c6dec2 token=Token{44da536 ActivityRecord{dc866d1 u0 com.fly_web.yun/com.fly_app.fly_yun.MainActivity t76358}}} -- going to hide
I/LightsService( 1415): setLcdRatio ratio:50 autoAdjust:true
V/WindowManager( 1415): Skipping AppWindowToken{7c6dec2 token=Token{44da536 ActivityRecord{dc866d1 u0 com.fly_web.yun/com.fly_app.fly_yun.MainActivity t76358}}} -- going to hide
V/WindowManager( 1415): Skipping AppWindowToken{7c6dec2 token=Token{44da536 ActivityRecord{dc866d1 u0 com.fly_web.yun/com.fly_app.fly_yun.MainActivity t76358}}} -- going to hide
V/WindowManager( 1415): Skipping AppWindowToken{7c6dec2 token=Token{44da536 ActivityRecord{dc866d1 u0 com.fly_web.yun/com.fly_app.fly_yun.MainActivity t76358}}} -- going to hide
V/WindowManager( 1415): Skipping AppWindowToken{7c6dec2 token=Token{44da536 ActivityRecord{dc866d1 u0 com.fly_web.yun/com.fly_app.fly_yun.MainActivity t76358}}} -- going to hide
V/WindowManager( 1415): Skipping AppWindowToken{7c6dec2 token=Token{44da536 ActivityRecord{dc866d1 u0 com.fly_web.yun/com.fly_app.fly_yun.MainActivity t76358}}} -- going to hide
V/WindowManager( 1415): Skipping AppWindowToken{7c6dec2 token=Token{44da536 ActivityRecord{dc866d1 u0 com.fly_web.yun/com.fly_app.fly_yun.MainActivity t76358}}} -- going to hide
V/WindowManager( 1415): Skipping AppWindowToken{7c6dec2 token=Token{44da536 ActivityRecord{dc866d1 u0 com.fly_web.yun/com.fly_app.fly_yun.MainActivity t76358}}} -- going to hide
I/ActivityManager( 1415): collectReceiverComponents for intent: Intent { act=com.tencent.mm.ui.ACTION_ACTIVE flg=0x10 (has extras) }, receivers: null
I/ActivityManager( 1415): collectReceiverComponents for intent: Intent { act=com.tencent.mm.ui.ACTION_ACTIVE flg=0x10 (has extras) }, receivers: null
I/ActivityManager( 1415): collectReceiverComponents for intent: Intent { act=com.tencent.mm.ui.ACTION_ACTIVE flg=0x10 (has extras) }, receivers: null
I/ActivityManager( 1415): collectReceiverComponents for intent: Intent { act=com.tencent.mm.ui.ACTION_ACTIVE flg=0x10 (has extras) }, receivers: null
I/ActivityManager( 1415): collectReceiverComponents for intent: Intent { act=com.tencent.mm.ui.ACTION_ACTIVE flg=0x10 (has extras) }, receivers: null
V/HwPhoneWindowManager( 1415): updateSystemUiColorLw window=Window{a109508 u0 com.tencent.mm/com.tencent.mm.ui.LauncherUI},EmuiStyle=0,StatusBarColor=0xff393a3f,NavigationBarColor=0xff000000
V/WindowManager( 1415): Skipping AppWindowToken{7c6dec2 token=Token{44da536 ActivityRecord{dc866d1 u0 com.fly_web.yun/com.fly_app.fly_yun.MainActivity t76358}}} -- going to hide
D/CommandQueue( 2099): CommandQueue, onTransaction
D/CommandQueue( 2099): CommandQueue, setBarBackgroundColor
V/WindowManager( 1415): Skipping AppWindowToken{7c6dec2 token=Token{44da536 ActivityRecord{dc866d1 u0 com.fly_web.yun/com.fly_app.fly_yun.MainActivity t76358}}} -- going to hide
I/ActivityManager( 1415): collectReceiverComponents for intent: Intent { flg=0x10 cmp=com.tencent.mm/.plugin.appbrand.task.AppBrandTaskPreloadReceiver }, receivers: [ResolveInfo{476db02 com.tencent.mm/.plugin.appbrand.task.AppBrandTaskPreloadReceiver m=0x0 euid=0}]
I/ActivityManager( 1415): new Process app=ProcessRecord{2e20c13 0:com.tencent.mm:appbrand0/u0a104}, name: com.tencent.mm:appbrand0, euid: 0
I/ActivityManager( 1415): Start proc 21557:com.tencent.mm:appbrand0/u0a104 for broadcast com.tencent.mm/.plugin.appbrand.task.AppBrandTaskPreloadReceiver
I/ActivityManager( 1415): collectReceiverComponents for intent: Intent { flg=0x10 cmp=com.tencent.mm/.plugin.appbrand.task.AppBrandTaskPreloadReceiver }, receivers: [ResolveInfo{39f1e50 com.tencent.mm/.plugin.appbrand.task.AppBrandTaskPreloadReceiver m=0x0 euid=0}]
I/ActivityManager( 1415): collectReceiverComponents for intent: Intent { flg=0x10 cmp=com.tencent.mm/.plugin.appbrand.task.AppBrandTaskPreloadReceiver }, receivers: [ResolveInfo{7dc7849 com.tencent.mm/.plugin.appbrand.task.AppBrandTaskPreloadReceiver m=0x0 euid=0}]
I/ActivityManager( 1415): collectReceiverComponents for intent: Intent { flg=0x10 cmp=com.tencent.mm/.plugin.appbrand.task.AppBrandTaskPreloadReceiver }, receivers: [ResolveInfo{6fba54e com.tencent.mm/.plugin.appbrand.task.AppBrandTaskPreloadReceiver m=0x0 euid=0}]
W/ActivityManager( 1415): getTasks: caller 10104 does not hold REAL_GET_TASKS; limiting output
I/ActivityManager( 1415): collectReceiverComponents for intent: Intent { flg=0x10 cmp=com.tencent.mm/.plugin.appbrand.task.AppBrandTaskPreloadReceiver }, receivers: [ResolveInfo{dd7566f com.tencent.mm/.plugin.appbrand.task.AppBrandTaskPreloadReceiver m=0x0 euid=0}]
D/ActivityThread(21557): ActivityThread,attachApplication
D/ActivityManager( 1415): ActivityManagerService,attachApplication,callingPid = 21557
V/ActivityManager( 1415): New app record ProcessRecord{2e20c13 21557:com.tencent.mm:appbrand0/u0a104} thread=android.os.BinderProxy@9dfcf7c pid=21557
W/ActivityManager( 1415): getRunningAppProcesses: caller 10104 does not hold REAL_GET_TASKS; limiting output
W/ActivityManager( 1415): getRunningAppProcesses: caller 10104 does not hold REAL_GET_TASKS; limiting output
W/ActivityManager( 1415): getRunningAppProcesses: caller 10104 does not hold REAL_GET_TASKS; limiting output
W/ActivityManager( 1415): getRunningAppProcesses: caller 10104 does not hold REAL_GET_TASKS; limiting output
W/ActivityManager( 1415): getRunningAppProcesses: caller 10104 does not hold REAL_GET_TASKS; limiting output
V/AlarmManager( 1415): set(PendingIntent{b6b5005: PendingIntentRecord{7f0c85a com.tencent.mm broadcastIntent}}) : type=2 triggerAtTime=140168246 win=0 tElapsed=140168246 maxElapsed=140168246 interval=0 flags=0x9
W/ActivityManager( 1415): getRunningAppProcesses: caller 10104 does not hold REAL_GET_TASKS; limiting output
W/ActivityManager( 1415): getRunningAppProcesses: caller 10104 does not hold REAL_GET_TASKS; limiting output
V/AlarmManager( 1415): set(PendingIntent{e2cea8b: PendingIntentRecord{b186768 com.tencent.mm broadcastIntent}}) : type=2 triggerAtTime=140168350 win=0 tElapsed=140168350 maxElapsed=140168350 interval=0 flags=0x9
W/ActivityManager( 1415): getRunningAppProcesses: caller 10104 does not hold REAL_GET_TASKS; limiting output
W/ActivityManager( 1415): getRunningAppProcesses: caller 10104 does not hold REAL_GET_TASKS; limiting output
E/ActivityThread(21557): Failed to find provider info for com.tencent.mm.coolassist.debugprovider
I/ActivityManager( 1415): collectReceiverComponents for intent: Intent { act=android.intent.action.SIG_STR flg=0x20000010 (has extras) }, receivers: null
W/ActivityManager( 1415): getRunningAppProcesses: caller 10080 does not hold REAL_GET_TASKS; limiting output
W/ActivityManager( 1415): getRunningAppProcesses: caller 10104 does not hold REAL_GET_TASKS; limiting output
I/ActivityManager( 1415): collectReceiverComponents for intent: Intent { act=android.intent.action.SIG_STR flg=0x20000010 (has extras) }, receivers: null
W/ActivityManager( 1415): getRunningAppProcesses: caller 10080 does not hold REAL_GET_TASKS; limiting output
V/AlarmManager( 1415): set(PendingIntent{362003: PendingIntentRecord{a1ebb80 com.tencent.mm broadcastIntent}}) : type=2 triggerAtTime=140559586 win=0 tElapsed=140559586 maxElapsed=140559586 interval=0 flags=0x9
W/ActivityManager( 1415): getRunningAppProcesses: caller 10104 does not hold REAL_GET_TASKS; limiting output
W/ActivityManager( 1415): getRunningAppProcesses: caller 10104 does not hold REAL_GET_TASKS; limiting output
D/WifiService( 1415): onReceive, action:android.intent.action.BATTERY_CHANGED
D/WifiService( 1415): ACTION_BATTERY_CHANGED pluggedType: 2
I/HwMtmBroadcastResourceManager( 1415): removeReceiver mtm Broadcast
W/ActivityManager( 1415): getRunningAppProcesses: caller 10104 does not hold REAL_GET_TASKS; limiting output
W/ActivityManager( 1415): getRunningAppProcesses: caller 10104 does not hold REAL_GET_TASKS; limiting output
W/ActivityManager( 1415): getRunningAppProcesses: caller 10104 does not hold REAL_GET_TASKS; limiting output
W/ActivityManager( 1415): getRunningAppProcesses: caller 10104 does not hold REAL_GET_TASKS; limiting output
W/ActivityManager( 1415): getRunningAppProcesses: caller 10104 does not hold REAL_GET_TASKS; limiting output
W/ActivityManager( 1415): getRunningAppProcesses: caller 10104 does not hold REAL_GET_TASKS; limiting output
W/ActivityManager( 1415): getRunningAppProcesses: caller 10104 does not hold REAL_GET_TASKS; limiting output
W/ActivityManager( 1415): getRunningAppProcesses: caller 10104 does not hold REAL_GET_TASKS; limiting output
W/ActivityManager( 1415): getRunningAppProcesses: caller 10104 does not hold REAL_GET_TASKS; limiting output
W/ActivityManager( 1415): getRunningAppProcesses: caller 10104 does not hold REAL_GET_TASKS; limiting output
W/ActivityManager( 1415): getRunningAppProcesses: caller 10104 does not hold REAL_GET_TASKS; limiting output
W/ActivityManager( 1415): getRunningAppProcesses: caller 10104 does not hold REAL_GET_TASKS; limiting output
W/ActivityManager( 1415): getRunningAppProcesses: caller 10104 does not hold REAL_GET_TASKS; limiting output
I/ActivityManager( 1415): Process com.tencent.mm:tools (pid 20369) has died
D/ActivityManager( 1415): cleanUpApplicationRecord -- 20369
W/ActivityManager( 1415): Scheduling restart of crashed service com.tencent.mm/.plugin.websearch.api.ToolsProcessStarterService in 1000ms
D/ConnectivityService( 1415): ConnectivityService NetworkRequestInfo binderDied(NetworkRequest [ id=580, legacyType=-1, [ Capabilities: INTERNET&NOT_RESTRICTED&TRUSTED] ], android.os.BinderProxy@6ee1b9d)
D/ConnectivityService( 1415): ConnectivityService NetworkRequestInfo binderDied(NetworkRequest [ id=581, legacyType=-1, [ Capabilities: INTERNET&NOT_RESTRICTED&TRUSTED] ], android.os.BinderProxy@839c812)
D/WifiService( 1415): Client connection lost with reason: 4
D/ConnectivityService( 1415): releasing NetworkRequest NetworkRequest [ id=580, legacyType=-1, [ Capabilities: INTERNET&NOT_RESTRICTED&TRUSTED] ]
I/ActivityManager( 1415): cleanUpApplicationRecordLocked, reset pid: 20369, euid: 0
D/ConnectivityService( 1415): sending notification RELEASED for NetworkRequest [ id=580, legacyType=-1, [ Capabilities: INTERNET&NOT_RESTRICTED&TRUSTED] ]
E/ConnectivityService( 1415): RemoteException caught trying to send a callback msg for NetworkRequest [ id=580, legacyType=-1, [ Capabilities: INTERNET&NOT_RESTRICTED&TRUSTED] ]
D/ConnectivityService( 1415): releasing NetworkRequest NetworkRequest [ id=581, legacyType=-1, [ Capabilities: INTERNET&NOT_RESTRICTED&TRUSTED] ]
D/ConnectivityService( 1415): sending notification RELEASED for NetworkRequest [ id=581, legacyType=-1, [ Capabilities: INTERNET&NOT_RESTRICTED&TRUSTED] ]
E/ConnectivityService( 1415): RemoteException caught trying to send a callback msg for NetworkRequest [ id=581, legacyType=-1, [ Capabilities: INTERNET&NOT_RESTRICTED&TRUSTED] ]
D/WifiService( 1415): getWifiServiceMessenger, pid:21557, uid:10104
D/WifiService( 1415): New client listening to asynchronous messages
W/ActivityManager( 1415): getRunningAppProcesses: caller 10104 does not hold REAL_GET_TASKS; limiting output
W/ActivityManager( 1415): getRunningAppProcesses: caller 10104 does not hold REAL_GET_TASKS; limiting output
W/ActivityManager( 1415): getRunningAppProcesses: caller 10104 does not hold REAL_GET_TASKS; limiting output
D/ConnectivityService( 1415): listenForNetwork for Listen from uid/pid:10104/21557 for NetworkRequest [ id=583, legacyType=-1, [ Capabilities: INTERNET&NOT_RESTRICTED&TRUSTED] ]
D/ConnectivityService( 1415): rematching NetworkAgentInfo [WIFI () - 171]
D/ConnectivityService( 1415):  network has: [ Transports: WIFI Capabilities: INTERNET&NOT_RESTRICTED&TRUSTED&NOT_VPN&VALIDATED LinkUpBandwidth>=1048576Kbps LinkDnBandwidth>=1048576Kbps]
D/ConnectivityService( 1415):   checking if request is satisfied: NetworkRequest [ id=3, legacyType=-1, [] ]
D/ConnectivityService( 1415): Network NetworkAgentInfo [WIFI () - 171] was already satisfying request 1. No change.
D/ConnectivityService( 1415):   checking if request is satisfied: NetworkRequest [ id=74, legacyType=-1, [ Capabilities: NOT_RESTRICTED&TRUSTED&NOT_VPN] ]
D/ConnectivityService( 1415):   checking if request is satisfied: NetworkRequest [ id=583, legacyType=-1, [ Capabilities: INTERNET&NOT_RESTRICTED&TRUSTED] ]
D/ConnectivityService( 1415): sending notification AVAILABLE for NetworkRequest [ id=583, legacyType=-1, [ Capabilities: INTERNET&NOT_RESTRICTED&TRUSTED] ]
D/ConnectivityService( 1415): can not find existing request info on mNetworkForRequestId, request is NetworkRequest [ id=3, legacyType=-1, [] ]
W/ActivityManager( 1415): getRunningAppProcesses: caller 10104 does not hold REAL_GET_TASKS; limiting output
W/ActivityManager( 1415): getRunningAppProcesses: caller 10104 does not hold REAL_GET_TASKS; limiting output
W/ActivityManager( 1415): getRunningAppProcesses: caller 10104 does not hold REAL_GET_TASKS; limiting output
W/ActivityManager( 1415): getRunningAppProcesses: caller 10104 does not hold REAL_GET_TASKS; limiting output
W/ActivityManager( 1415): getRunningAppProcesses: caller 10104 does not hold REAL_GET_TASKS; limiting output
W/ActivityManager( 1415): getRunningAppProcesses: caller 10104 does not hold REAL_GET_TASKS; limiting output
W/ActivityManager( 1415): getRunningAppProcesses: caller 10104 does not hold REAL_GET_TASKS; limiting output
W/ActivityManager( 1415): getRunningAppProcesses: caller 10104 does not hold REAL_GET_TASKS; limiting output
W/ActivityManager( 1415): getRunningAppProcesses: caller 10104 does not hold REAL_GET_TASKS; limiting output
I/ActivityManager( 1415): moveTaskToBack: TaskRecord{bf87cb4 #76348 A=com.tencent.mm U=0 sz=1}
W/ActivityManager( 1415): getRunningAppProcesses: caller 10104 does not hold REAL_GET_TASKS; limiting output
D/ActivityManager( 1415): will to back home,Returns from TaskRecord{bf87cb4 #76348 A=com.tencent.mm U=0 sz=1}
V/HwWindowManagerService( 1415): moveTaskToTop mTaskChanged:true
V/HwWindowManagerService( 1415): setFocusedApp update app ops, mTaskChanged set to:false
I/HwWindowManagerService( 1415): this win:Window{26f79de u0 com.tencent.mtt} hase children size:0
W/ActivityManager( 1415): Scheduling restart of crashed service com.tencent.mm/.plugin.websearch.api.ToolsProcessStarterService in 1000ms
I/ActivityManager( 1415): collectReceiverComponents for intent: Intent { act=com.android.server.wm.addview.preventnotify flg=0x10 (has extras) }, receivers: null
W/ViewRootImpl( 4790): Cancelling event due to no window focus: KeyEvent { action=ACTION_UP, keyCode=KEYCODE_BACK, scanCode=0, metaState=0, flags=0x68, hwFlags=0x2, repeatCount=0, eventTime=74905198, downTime=74905171, deviceId=-1, source=0x101 }
W/ViewRootImpl( 4790): Cancelling event due to no window focus: KeyEvent { action=ACTION_UP, keyCode=KEYCODE_BACK, scanCode=0, metaState=0, flags=0x68, hwFlags=0x2, repeatCount=0, eventTime=74905198, downTime=74905171, deviceId=-1, source=0x101 }
W/ViewRootImpl( 4790): Cancelling event due to no window focus: KeyEvent { action=ACTION_UP, keyCode=KEYCODE_BACK, scanCode=0, metaState=0, flags=0x68, hwFlags=0x2, repeatCount=0, eventTime=74905198, downTime=74905171, deviceId=-1, source=0x101 }
W/ViewRootImpl( 4790): Cancelling event due to no window focus: KeyEvent { action=ACTION_UP, keyCode=KEYCODE_BACK, scanCode=0, metaState=0, flags=0x68, hwFlags=0x2, repeatCount=0, eventTime=74905198, downTime=74905171, deviceId=-1, source=0x101 }
W/ViewRootImpl( 4790): Cancelling event due to no window focus: KeyEvent { action=ACTION_UP, keyCode=KEYCODE_BACK, scanCode=0, metaState=0, flags=0x68, hwFlags=0x2, repeatCount=0, eventTime=74905198, downTime=74905171, deviceId=-1, source=0x101 }
W/ViewRootImpl( 4790): Cancelling event due to no window focus: KeyEvent { action=ACTION_UP, keyCode=KEYCODE_BACK, scanCode=0, metaState=0, flags=0x68, hwFlags=0x2, repeatCount=0, eventTime=74905198, downTime=74905171, deviceId=-1, source=0x101 }
W/ViewRootImpl( 4790): Cancelling event due to no window focus: KeyEvent { action=ACTION_UP, keyCode=KEYCODE_BACK, scanCode=0, metaState=0, flags=0x68, hwFlags=0x2, repeatCount=0, eventTime=74905198, downTime=74905171, deviceId=-1, source=0x101 }
W/ViewRootImpl( 4790): Cancelling event due to no window focus: KeyEvent { action=ACTION_UP, keyCode=KEYCODE_BACK, scanCode=0, metaState=0, flags=0x68, hwFlags=0x2, repeatCount=0, eventTime=74905198, downTime=74905171, deviceId=-1, source=0x101 }
W/ViewRootImpl( 4790): Cancelling event due to no window focus: KeyEvent { action=ACTION_UP, keyCode=KEYCODE_BACK, scanCode=0, metaState=0, flags=0x68, hwFlags=0x2, repeatCount=0, eventTime=74905198, downTime=74905171, deviceId=-1, source=0x101 }
I/ActivityManager( 1415): collectReceiverComponents for intent: Intent { act=com.tencent.mm.ui.ACTION_DEACTIVE flg=0x10 (has extras) }, receivers: null
I/ActivityManager( 1415): collectReceiverComponents for intent: Intent { act=com.tencent.mm.ui.ACTION_DEACTIVE flg=0x10 (has extras) }, receivers: null
I/ActivityManager( 1415): collectReceiverComponents for intent: Intent { act=com.tencent.mm.ui.ACTION_DEACTIVE flg=0x10 (has extras) }, receivers: null
I/ActivityManager( 1415): collectReceiverComponents for intent: Intent { act=com.tencent.mm.ui.ACTION_DEACTIVE flg=0x10 (has extras) }, receivers: null
W/ActivityManager( 1415): getRunningAppProcesses: caller 10104 does not hold REAL_GET_TASKS; limiting output
I/ActivityManager( 1415): collectReceiverComponents for intent: Intent { act=com.tencent.mm.ui.ACTION_DEACTIVE flg=0x10 (has extras) }, receivers: null
I/LightsService( 1415): setLcdRatio ratio:100 autoAdjust:false
W/ActivityManager( 1415): getRunningAppProcesses: caller 10104 does not hold REAL_GET_TASKS; limiting output
W/ActivityManager( 1415): getRunningAppProcesses: caller 10104 does not hold REAL_GET_TASKS; limiting output
I/ActivityManager( 1415): collectReceiverComponents for intent: Intent { act=com.huawei.android.action.launcher_weather_icon_change flg=0x10 (has extras) }, receivers: null
V/HwPhoneWindowManager( 1415): updateSystemUiColorLw window=Window{a039cc7 u0 com.huawei.android.launcher/com.huawei.android.launcher.Launcher},EmuiStyle=-1,StatusBarColor=0xfff0f0f0,NavigationBarColor=0x0
D/CommandQueue( 2099): CommandQueue, onTransaction
D/CommandQueue( 2099): CommandQueue, setBarBackgroundColor
W/ActivityManager( 1415): getRunningAppProcesses: caller 10104 does not hold REAL_GET_TASKS; limiting output
W/ActivityManager( 1415): getRunningAppProcesses: caller 10104 does not hold REAL_GET_TASKS; limiting output
W/ViewRootImpl( 2596): Dropping event due to no window focus: KeyEvent { action=ACTION_DOWN, keyCode=KEYCODE_BACK, scanCode=0, metaState=0, flags=0x48, hwFlags=0x0, repeatCount=0, eventTime=74905355, downTime=74905355, deviceId=-1, source=0x101 }
W/ActivityManager( 1415): getRunningAppProcesses: caller 10104 does not hold REAL_GET_TASKS; limiting output
W/ActivityManager( 1415): getRunningAppProcesses: caller 10104 does not hold REAL_GET_TASKS; limiting output
W/ViewRootImpl( 2596): Cancelling event due to no window focus: KeyEvent { action=ACTION_UP, keyCode=KEYCODE_BACK, scanCode=0, metaState=0, flags=0x68, hwFlags=0x0, repeatCount=0, eventTime=74905620, downTime=74905355, deviceId=-1, source=0x101 }
W/ViewRootImpl( 2596): Cancelling event due to no window focus: KeyEvent { action=ACTION_UP, keyCode=KEYCODE_BACK, scanCode=0, metaState=0, flags=0x68, hwFlags=0x0, repeatCount=0, eventTime=74905620, downTime=74905355, deviceId=-1, source=0x101 }
W/ViewRootImpl( 2596): Cancelling event due to no window focus: KeyEvent { action=ACTION_UP, keyCode=KEYCODE_BACK, scanCode=0, metaState=0, flags=0x68, hwFlags=0x0, repeatCount=0, eventTime=74905620, downTime=74905355, deviceId=-1, source=0x101 }
W/ViewRootImpl( 2596): Cancelling event due to no window focus: KeyEvent { action=ACTION_UP, keyCode=KEYCODE_BACK, scanCode=0, metaState=0, flags=0x68, hwFlags=0x0, repeatCount=0, eventTime=74905620, downTime=74905355, deviceId=-1, source=0x101 }
W/ViewRootImpl( 2596): Cancelling event due to no window focus: KeyEvent { action=ACTION_UP, keyCode=KEYCODE_BACK, scanCode=0, metaState=0, flags=0x68, hwFlags=0x0, repeatCount=0, eventTime=74905620, downTime=74905355, deviceId=-1, source=0x101 }
W/ViewRootImpl( 2596): Cancelling event due to no window focus: KeyEvent { action=ACTION_UP, keyCode=KEYCODE_BACK, scanCode=0, metaState=0, flags=0x68, hwFlags=0x0, repeatCount=0, eventTime=74905620, downTime=74905355, deviceId=-1, source=0x101 }
W/ViewRootImpl( 2596): Cancelling event due to no window focus: KeyEvent { action=ACTION_UP, keyCode=KEYCODE_BACK, scanCode=0, metaState=0, flags=0x68, hwFlags=0x0, repeatCount=0, eventTime=74905620, downTime=74905355, deviceId=-1, source=0x101 }
W/ViewRootImpl( 2596): Cancelling event due to no window focus: KeyEvent { action=ACTION_UP, keyCode=KEYCODE_BACK, scanCode=0, metaState=0, flags=0x68, hwFlags=0x0, repeatCount=0, eventTime=74905620, downTime=74905355, deviceId=-1, source=0x101 }
W/ViewRootImpl( 2596): Cancelling event due to no window focus: KeyEvent { action=ACTION_UP, keyCode=KEYCODE_BACK, scanCode=0, metaState=0, flags=0x68, hwFlags=0x0, repeatCount=0, eventTime=74905620, downTime=74905355, deviceId=-1, source=0x101 }
W/ActivityManager( 1415): getRunningAppProcesses: caller 10104 does not hold REAL_GET_TASKS; limiting output
W/ActivityManager( 1415): getRunningAppProcesses: caller 10104 does not hold REAL_GET_TASKS; limiting output
I/ActivityManager( 1415): collectReceiverComponents for intent: Intent { act=com.huawei.android.action.ACTION_UPDATE_TIME_CHECK flg=0x10 pkg=com.huawei.android.totemweather (has extras) }, receivers: [ResolveInfo{bd56b37 com.huawei.android.totemweather/.utils.CenterReceiver m=0x108000 euid=0}]
I/ActivityManager( 1415): retrieveServiceLocked, callerApp: ProcessRecord{4d7e33e 21415:com.huawei.android.totemweather/u0a73}, flags: 400
I/ActivityManager( 1415): bindServiceLocked, r: ServiceRecord{41398a4 u0 euid: 0 com.huawei.android.totemweather/.WeatherService}, euid: 0
--------- beginning of main
D/PhoneStatusBar( 2099): setSystemUiVisibility vis=c0000700 mask=ffffffff oldVal=8700 newVal=c0000700 diff=c0008000
D/PhoneStatusBar( 2099): sbMode=2, nbMode=2mStatusBarMode=5, mNavigationBarMode=5
D/BarTransitions.PhoneStatusBarView( 2099): MODE_TRANSPARENT -> MODE_TRANSLUCENT animate=false
D/BarTransitions.PhoneStatusBarView( 2099): applyModeBackground MODE_TRANSLUCENT animate=false,mGradientBackground=true
D/BarTransitions.PhoneStatusBarView( 2099): Hide color layer
D/BarTransitions.NavigationBarView( 2099): MODE_TRANSPARENT -> MODE_TRANSLUCENT animate=false
D/BarTransitions.NavigationBarView( 2099): applyModeBackground MODE_TRANSLUCENT animate=false,mGradientBackground=true
D/BarTransitions.NavigationBarView( 2099): Hide color layer
D/TintManager( 2099): updateBarTint
I/TotemWeather(21415): WeatherService processIntent action =com.huawei.android.action.ACTION_CITY_UPDATE_TIME_CHECK
D/TotemWeather(21415): WeatherService ACTION_CITY_UPDATE_TIME_CHECK,cityId = 1
D/TotemWeather(21415): SchemeTaskServer checkWidgetWeatherInfoTimeOut->my location city changed
I/TotemWeather(21415): SchemeTaskServer createAutoTask->host:force_change
D/TotemWeather(21415): Settings isAutoUpdate = true
I/TotemWeather(21415): WeatherService processIntent action =com.huawei.android.action.REQUEST_WEATHER
W/qdhwcomposer(  366): eglGpuPerfHintQCOM failed for Built in display
D/TotemWeather(21415): RetryTaskController startScreenBroadcastReceiver
D/TotemWeather(21415): WeatherApp setMyCityChanged->changed:false
D/TotemWeather(21415): WeatherTaskController addWeatherTask->citycode= nullstate= 0
I/TotemWeather(21415): WeatherTaskController info task not Add to tasklist or retry task list, add to mTaskList
I/TotemWeather(21415): WeatherTaskController addWeatherTask->add this task to mTaskList:null
D/TotemWeather(21415): DataCachePool updateWeatherInfo mWeatherId =1
W/qdhwcomposer(  366): eglGpuPerfHintQCOM failed for Built in display
W/art     ( 4790): Native thread exiting without having called DetachCurrentThread (maybe it's going to use a pthread_key_create destructor?): Thread[83,tid=21829,Native,Thread*=0xac94f320,peer=0x33a246a0,"default"]
V/SMCSAMSHelper( 1415): SMCSAMSHelper.addSTPEvent: cost 0 ms end.
V/SMCSAMSHelper( 1415): SMCSAMSHelper.smartTrimAddProcessRelation: cost 0 ms end.
D/TotemWeather(21415): RetryTaskController ScreenBroadcastReceiver Receive : android.net.conn.CONNECTIVITY_CHANGE
W/qdhwcomposer(  366): eglGpuPerfHintQCOM failed for Built in display
D/TotemWeather(21415): RetryTaskController enter sendNextRetryTask
V/SMCSAMSHelper( 1415): SMCSAMSHelper.addSTPEvent: cost 0 ms end.
V/SMCSAMSHelper( 1415): SMCSAMSHelper.smartTrimAddProcessRelation: cost 0 ms end.
I/SendBroadcastPermission(21415): action:com.huawei.android.action.WEATHER_CHANGE, mPermissionType:0
I/TotemWeather(21415): RetryTaskController when sendDelayedTask, mTaskList is null, all task completed
I/ActivityManager( 1415): collectReceiverComponents for intent: Intent { act=com.huawei.android.action.WEATHER_CHANGE flg=0x10 (has extras) }, receivers: null
V/SMCSAMSHelper( 1415): SMCSAMSHelper.addSTPEvent: cost 0 ms end.
V/SMCSAMSHelper( 1415): SMCSAMSHelper.smartTrimAddProcessRelation: cost 0 ms end.
W/PhoneInterfaceManager( 2522): shouldBlockLocation running ...
I/PhoneInterfaceManager( 2522): shouldBlockLocation  ret:false
V/SMCSAMSHelper( 1415): SMCSAMSHelper.addSTPEvent: cost 0 ms end.
V/SMCSAMSHelper( 1415): SMCSAMSHelper.smartTrimAddProcessRelation: cost 1 ms end.
D/TotemWeather(21415): WeatherTaskController checkAndRestoreCityCode->can not find cache by cell
D/TotemWeather(21415): WeatherTaskController handleTask citycode= nullstate= 0
W/TotemWeather(21415): WeatherTaskController getWeatherTask is null, stop weather task thread
I/TotemWeather(21415): HwLocationManager initLocations.
V/SMCSAMSHelper( 1415): SMCSAMSHelper.addSTPEvent: cost 0 ms end.
V/SMCSAMSHelper( 1415): SMCSAMSHelper.smartTrimAddProcessRelation: cost 1 ms end.
W/qdhwcomposer(  366): eglGpuPerfHintQCOM failed for Built in display
D/HwCust  (21415): Create obj success use class com.huawei.android.totemweather.utils.HwCustTotemLocationImpl
I/TotemWeather(21415): HwLocationManager addLocationObserver size = 1
I/TotemWeather(21415): HwLocationManager startLocation
I/TotemWeather(21415): NetWorkLocation start location, but we need to wait for Third location result
I/TotemWeather(21415): GpsLocation request GPS location,but we need to wait network location provider' result
W/qdhwcomposer(  366): eglGpuPerfHintQCOM failed for Built in display
I/TotemWeather(21415): ThirdLocation Third locaiton is disenable,call on onProviderDisabled
I/TotemWeather(21415): TotemLocation onProviderDisabled:ThirdLocation is disable
W/art     ( 4790): Native thread exiting without having called DetachCurrentThread (maybe it's going to use a pthread_key_create destructor?): Thread[83,tid=21832,Native,Thread*=0xace8c0f8,peer=0x344a40a0,"default"]
D/TotemWeather(21415): HwLocationManager onProviderDisabled :ThirdLocation
I/TotemWeather(21415): HwLocationManager notifyLocateFail: failType=1, provider:ThirdLocation
I/TotemWeather(21415): NetWorkLocation onLocateProgressChange provder=ThirdLocation progressType=1
D/LocationManagerService( 1415): request 72f583c network Request[POWER_LOW network requested=0 fastest=0] from com.huawei.android.totemweather(10073)
W/qdhwcomposer(  366): eglGpuPerfHintQCOM failed for Built in display
V/SMCSAMSHelper( 1415): SMCSAMSHelper.addSTPEvent: cost 0 ms end.
V/SMCSAMSHelper( 1415): SMCSAMSHelper.smartTrimAddProcessRelation: cost 0 ms end.
D/HwLocationProviderProxy( 1415): resetNLPFlag 
D/LocationManagerService( 1415): provider request: network ProviderRequest[ON interval=0]
D/HwLocationProviderProxy( 1415): setRequest ProviderRequest[ON interval=0], mNlpUsed 2,mLocationMonitoring true
V/SMCSAMSHelper( 1415): SMCSAMSHelper.addSTPEvent: cost 0 ms end.
V/SMCSAMSHelper( 1415): SMCSAMSHelper.smartTrimAddProcessRelation: cost 0 ms end.
D/HwLocationProviderProxy( 1415): setRequest to Amap or baidu map
W/qdhwcomposer(  366): eglGpuPerfHintQCOM failed for Built in display
E/HwGpsLogServices( 1415): Network pos is already runing!
D/HwLocalLocationProvider( 1415): HwLocalLocationManager requestLocation
D/HwLocalLocationProvider( 1415): start query Loc Form DB 
I/HwLocalLocationProvider( 1415): query loc Form Cell Table,cellid == 51022
I/SendBroadcastPermission( 1415): action:android.location.LOCATION_REQUEST_CHANGE_ACTION, mPermissionType:0
D/HwGpsPowerTracker( 1415): recordRequest AppName:com.huawei.android.totemweather quality:201
I/TotemWeather(21415): NetWorkLocation onLocateProgressChange start Network location
I/TotemWeather(21415): GpsLocation onLocateProgressChange->provder=ThirdLocation progressType=1
W/art     ( 4790): Native thread exiting without having called DetachCurrentThread (maybe it's going to use a pthread_key_create destructor?): Thread[84,tid=21833,Native,Thread*=0xacbef890,peer=0x344f20a0,"default"]
I/ActivityManager( 1415): collectReceiverComponents for intent: Intent { act=android.location.LOCATION_REQUEST_CHANGE_ACTION flg=0x10 (has extras) }, receivers: null
D/wifiserviceimpl( 1415): netmask =16777215
W/ActivityManager( 1415): getRunningAppProcesses: caller 10104 does not hold REAL_GET_TASKS; limiting output
D/WifiHW  ( 1415): wifi_send_command: cmd:'IFNAME=wlan0 SCAN TYPE=ONLY'
D/wpa_supplicant(14697): wlan0: Control interface command 'SCAN TYPE=ONLY'
D/wpa_supplicant(14697): wlan0: Setting scan request: 0.000000 sec
D/wpa_supplicant(14697): CTRL-DEBUG: global_ctrl_sock-sendto: sock=16 sndbuf=212992 outq=0 send_len=3
D/wpa_supplicant(14697): Scan SSID - hexdump(len=7): 50 49 50 4f 5f 41 50
D/wpa_supplicant(14697): Scan SSID - hexdump(len=11): 54 72 65 6e 64 20 50 6c 61 7a 61
D/wpa_supplicant(14697): Scan SSID - hexdump(len=16): 43 68 72 6f 6d 65 63 61 73 74 30 33 32 33 2e 62
