I/ActivityManager( 1415): collectReceiverComponents for intent: Intent { act=android.intent.action.PRECISE_DATA_CONNECTION_STATE_CHANGED flg=0x10 (has extras) }, receivers: null
I/ActivityManager( 1415): collectReceiverComponents for intent: Intent { act=android.intent.action.ANY_DATA_STATE flg=0x10 (has extras) }, receivers: null
I/ActivityManager( 1415): collectReceiverComponents for intent: Intent { act=android.intent.action.PRECISE_DATA_CONNECTION_STATE_CHANGED flg=0x10 (has extras) }, receivers: null
I/ActivityManager( 1415): collectReceiverComponents for intent: Intent { act=android.intent.action.ANY_DATA_STATE flg=0x10 (has extras) }, receivers: null
I/ActivityManager( 1415): collectReceiverComponents for intent: Intent { act=android.intent.action.PRECISE_DATA_CONNECTION_STATE_CHANGED flg=0x10 (has extras) }, receivers: null
I/ActivityManager( 1415): collectReceiverComponents for intent: Intent { act=android.intent.action.ANY_DATA_STATE flg=0x10 (has extras) }, receivers: null
I/ActivityManager( 1415): collectReceiverComponents for intent: Intent { act=android.intent.action.PRECISE_DATA_CONNECTION_STATE_CHANGED flg=0x10 (has extras) }, receivers: null
I/ActivityManager( 1415): collectReceiverComponents for intent: Intent { act=android.intent.action.ANY_DATA_STATE flg=0x10 (has extras) }, receivers: null
I/ActivityManager( 1415): collectReceiverComponents for intent: Intent { act=android.intent.action.PRECISE_DATA_CONNECTION_STATE_CHANGED flg=0x10 (has extras) }, receivers: null
I/ActivityManager( 1415): collectReceiverComponents for intent: Intent { act=android.intent.action.SIG_STR flg=0x20000010 (has extras) }, receivers: null
W/ActivityManager( 1415): getRunningAppProcesses: caller 10080 does not hold REAL_GET_TASKS; limiting output
I/ActivityManager( 1415): collectReceiverComponents for intent: Intent { act=android.intent.action.SIG_STR flg=0x20000010 (has extras) }, receivers: null
W/ActivityManager( 1415): getRunningAppProcesses: caller 10080 does not hold REAL_GET_TASKS; limiting output
I/ActivityManager( 1415): retrieveServiceLocked, callerApp: ProcessRecord{8909d59 19920:com.android.mms/u0a88}, flags: 400
I/ActivityManager( 1415): bindServiceLocked, r: ServiceRecord{3238b18 u0 euid: 0 com.android.mms/.transaction.TransactionService}, euid: 0
I/HwMtmBroadcastResourceManager( 1415): removeReceiver mtm Broadcast
I/HwMtmBroadcastResourceManager( 1415): removeReceiver mtm Broadcast
I/ActivityManager( 1415): retrieveServiceLocked, callerApp: ProcessRecord{8909d59 19920:com.android.mms/u0a88}, flags: 400
I/ActivityManager( 1415): bindServiceLocked, r: ServiceRecord{86fe273 u0 euid: 0 com.android.mms/.transaction.TransactionService}, euid: 0
I/HwMtmBroadcastResourceManager( 1415): removeReceiver mtm Broadcast
I/HwMtmBroadcastResourceManager( 1415): removeReceiver mtm Broadcast
E/NetlinkEvent(  403): NetlinkEvent::FindParam(): Parameter 'UID' not found
W/SocketListener(  403): sending broadcast to Pid = 1415, Uid = 1000 
D/NetdConnector( 1415): RCV <- {613 IfaceClass idle 1 139749528984076}
D/NetdConnector( 1415): RCV <- {613 IfaceClass idle 1 139749528984076}
D/NetdConnector( 1415): RCV unsolicited event from native daemon, event = 613 IfaceClass idle 1 139749528984076
D/NetworkManagement( 1415): notifyInterfaceClassActivity: client is com.android.server.connectivity.Vpn$3@2e9d13
D/NetworkManagement( 1415): notifyInterfaceClassActivity: client is com.android.server.net.NetworkPolicyManagerService$14@8b1e60
D/NetworkManagement( 1415): notifyInterfaceClassActivity: client is com.android.server.connectivity.Tethering@f68685
D/NetworkManagement( 1415): notifyInterfaceClassActivity: client is com.android.server.ethernet.EthernetNetworkFactory$InterfaceObserver@18b31c2
D/NetworkManagement( 1415): notifyInterfaceClassActivity: client is com.android.server.ConnectivityService$2@5d1fcda
I/ActivityManager( 1415): collectReceiverComponents for intent: Intent { act=android.net.conn.DATA_ACTIVITY_CHANGE flg=0x10 (has extras) }, receivers: null
D/NetworkManagement( 1415): notifyInterfaceClassActivity: client is com.android.server.net.NetlinkTracker@ae7a114
D/NetworkManagement( 1415): notifyInterfaceClassActivity: client is com.android.server.net.NetworkStatsService$7@de16201
D/NetworkManagement( 1415): notifyInterfaceClassActivity: client is android.net.INetworkManagementEventObserver$Stub$Proxy@14e31ef
I/ActivityManager( 1415): collectReceiverComponents for intent: Intent { act=android.intent.action.SIG_STR flg=0x20000010 (has extras) }, receivers: null
W/ActivityManager( 1415): getRunningAppProcesses: caller 10080 does not hold REAL_GET_TASKS; limiting output
W/ActivityManager( 1415): getRunningAppProcesses: caller 10080 does not hold REAL_GET_TASKS; limiting output
I/ActivityManager( 1415): collectReceiverComponents for intent: Intent { act=android.intent.action.SIG_STR flg=0x20000010 (has extras) }, receivers: null
W/ActivityManager( 1415): getRunningAppProcesses: caller 10080 does not hold REAL_GET_TASKS; limiting output
I/ActivityManager( 1415): collectReceiverComponents for intent: Intent { act=android.intent.action.SIG_STR flg=0x20000010 (has extras) }, receivers: null
W/ActivityManager( 1415): getRunningAppProcesses: caller 10080 does not hold REAL_GET_TASKS; limiting output
I/ActivityManager( 1415): collectReceiverComponents for intent: Intent { act=android.intent.action.SIG_STR flg=0x20000010 (has extras) }, receivers: null
W/ActivityManager( 1415): getRunningAppProcesses: caller 10080 does not hold REAL_GET_TASKS; limiting output
E/NetlinkEvent(  403): NetlinkEvent::FindParam(): Parameter 'UID' not found
W/SocketListener(  403): sending broadcast to Pid = 1415, Uid = 1000 
D/NetdConnector( 1415): RCV <- {613 IfaceClass active 1 139761100971311}
D/NetdConnector( 1415): RCV <- {613 IfaceClass active 1 139761100971311}
D/NetdConnector( 1415): RCV unsolicited event from native daemon, event = 613 IfaceClass active 1 139761100971311
D/NetworkManagement( 1415): notifyInterfaceClassActivity: client is com.android.server.connectivity.Vpn$3@2e9d13
D/NetworkManagement( 1415): notifyInterfaceClassActivity: client is com.android.server.net.NetworkPolicyManagerService$14@8b1e60
D/NetworkManagement( 1415): notifyInterfaceClassActivity: client is com.android.server.connectivity.Tethering@f68685
D/NetworkManagement( 1415): notifyInterfaceClassActivity: client is com.android.server.ethernet.EthernetNetworkFactory$InterfaceObserver@18b31c2
D/NetworkManagement( 1415): notifyInterfaceClassActivity: client is com.android.server.ConnectivityService$2@5d1fcda
I/ActivityManager( 1415): collectReceiverComponents for intent: Intent { act=android.net.conn.DATA_ACTIVITY_CHANGE flg=0x10 (has extras) }, receivers: null
D/NetworkManagement( 1415): notifyInterfaceClassActivity: client is com.android.server.net.NetlinkTracker@ae7a114
D/NetworkManagement( 1415): notifyInterfaceClassActivity: client is com.android.server.net.NetworkStatsService$7@de16201
D/NetworkManagement( 1415): notifyInterfaceClassActivity: client is android.net.INetworkManagementEventObserver$Stub$Proxy@14e31ef
D/HwBatteryService( 1415): onUEvent fcp_values = 0
D/WifiService( 1415): onReceive, action:android.intent.action.BATTERY_CHANGED
D/WifiService( 1415): ACTION_BATTERY_CHANGED pluggedType: 2
I/ActivityManager( 1415): collectReceiverComponents for intent: Intent { act=android.intent.action.SIG_STR flg=0x20000010 (has extras) }, receivers: null
W/ActivityManager( 1415): getRunningAppProcesses: caller 10080 does not hold REAL_GET_TASKS; limiting output
I/ActivityManager( 1415): collectReceiverComponents for intent: Intent { act=android.intent.action.SIG_STR flg=0x20000010 (has extras) }, receivers: null
W/ActivityManager( 1415): getRunningAppProcesses: caller 10080 does not hold REAL_GET_TASKS; limiting output
D/HwBatteryService( 1415): onUEvent fcp_values = 0
D/WifiService( 1415): onReceive, action:android.intent.action.BATTERY_CHANGED
D/WifiService( 1415): ACTION_BATTERY_CHANGED pluggedType: 2
D/WifiService( 1415): onReceive, action:android.intent.action.BATTERY_CHANGED
D/WifiService( 1415): ACTION_BATTERY_CHANGED pluggedType: 2
W/ActivityManager( 1415): getRunningAppProcesses: caller 10080 does not hold REAL_GET_TASKS; limiting output
D/HwBatteryService( 1415): onUEvent fcp_values = 0
D/WifiService( 1415): onReceive, action:android.intent.action.BATTERY_CHANGED
D/WifiService( 1415): ACTION_BATTERY_CHANGED pluggedType: 2
E/NetlinkEvent(  403): NetlinkEvent::FindParam(): Parameter 'UID' not found
W/SocketListener(  403): sending broadcast to Pid = 1415, Uid = 1000 
D/NetdConnector( 1415): RCV <- {613 IfaceClass idle 1 139794889113798}
D/NetdConnector( 1415): RCV <- {613 IfaceClass idle 1 139794889113798}
D/NetdConnector( 1415): RCV unsolicited event from native daemon, event = 613 IfaceClass idle 1 139794889113798
D/NetworkManagement( 1415): notifyInterfaceClassActivity: client is com.android.server.connectivity.Vpn$3@2e9d13
D/NetworkManagement( 1415): notifyInterfaceClassActivity: client is com.android.server.net.NetworkPolicyManagerService$14@8b1e60
D/NetworkManagement( 1415): notifyInterfaceClassActivity: client is com.android.server.connectivity.Tethering@f68685
D/NetworkManagement( 1415): notifyInterfaceClassActivity: client is com.android.server.ethernet.EthernetNetworkFactory$InterfaceObserver@18b31c2
D/NetworkManagement( 1415): notifyInterfaceClassActivity: client is com.android.server.ConnectivityService$2@5d1fcda
I/ActivityManager( 1415): collectReceiverComponents for intent: Intent { act=android.net.conn.DATA_ACTIVITY_CHANGE flg=0x10 (has extras) }, receivers: null
D/NetworkManagement( 1415): notifyInterfaceClassActivity: client is com.android.server.net.NetlinkTracker@ae7a114
D/NetworkManagement( 1415): notifyInterfaceClassActivity: client is com.android.server.net.NetworkStatsService$7@de16201
D/NetworkManagement( 1415): notifyInterfaceClassActivity: client is android.net.INetworkManagementEventObserver$Stub$Proxy@14e31ef
D/HwBatteryService( 1415): onUEvent fcp_values = 0
I/HwBatteryService( 1415): update battery new values: chargerAcOnline=false, chargerUsbOnline=true, batteryStatus=2, batteryHealth=2, batteryPresent=true, batteryLevel=49, batteryTechnology=Li-poly, batteryVoltage=3885, batteryTemperature=313, mUpdatesStopped=false
D/WifiService( 1415): onReceive, action:android.intent.action.BATTERY_CHANGED
D/WifiService( 1415): ACTION_BATTERY_CHANGED pluggedType: 2
W/ActivityManager( 1415): getRunningAppProcesses: caller 10080 does not hold REAL_GET_TASKS; limiting output
E/NetlinkEvent(  403): NetlinkEvent::FindParam(): Parameter 'UID' not found
W/SocketListener(  403): sending broadcast to Pid = 1415, Uid = 1000 
D/NetdConnector( 1415): RCV <- {613 IfaceClass active 1 139824555403057}
D/NetdConnector( 1415): RCV <- {613 IfaceClass active 1 139824555403057}
D/NetdConnector( 1415): RCV unsolicited event from native daemon, event = 613 IfaceClass active 1 139824555403057
D/NetworkManagement( 1415): notifyInterfaceClassActivity: client is com.android.server.connectivity.Vpn$3@2e9d13
D/NetworkManagement( 1415): notifyInterfaceClassActivity: client is com.android.server.net.NetworkPolicyManagerService$14@8b1e60
D/NetworkManagement( 1415): notifyInterfaceClassActivity: client is com.android.server.connectivity.Tethering@f68685
D/NetworkManagement( 1415): notifyInterfaceClassActivity: client is com.android.server.ethernet.EthernetNetworkFactory$InterfaceObserver@18b31c2
D/NetworkManagement( 1415): notifyInterfaceClassActivity: client is com.android.server.ConnectivityService$2@5d1fcda
I/ActivityManager( 1415): collectReceiverComponents for intent: Intent { act=android.net.conn.DATA_ACTIVITY_CHANGE flg=0x10 (has extras) }, receivers: null
D/NetworkManagement( 1415): notifyInterfaceClassActivity: client is com.android.server.net.NetlinkTracker@ae7a114
D/NetworkManagement( 1415): notifyInterfaceClassActivity: client is com.android.server.net.NetworkStatsService$7@de16201
D/NetworkManagement( 1415): notifyInterfaceClassActivity: client is android.net.INetworkManagementEventObserver$Stub$Proxy@14e31ef
D/HwBatteryService( 1415): onUEvent fcp_values = 0
D/WifiService( 1415): onReceive, action:android.intent.action.BATTERY_CHANGED
D/WifiService( 1415): ACTION_BATTERY_CHANGED pluggedType: 2
E/NetlinkEvent(  403): NetlinkEvent::FindParam(): Parameter 'UID' not found
W/SocketListener(  403): sending broadcast to Pid = 1415, Uid = 1000 
D/NetdConnector( 1415): RCV <- {613 IfaceClass idle 1 139839609362895}
D/NetdConnector( 1415): RCV <- {613 IfaceClass idle 1 139839609362895}
D/NetdConnector( 1415): RCV unsolicited event from native daemon, event = 613 IfaceClass idle 1 139839609362895
D/NetworkManagement( 1415): notifyInterfaceClassActivity: client is com.android.server.connectivity.Vpn$3@2e9d13
D/NetworkManagement( 1415): notifyInterfaceClassActivity: client is com.android.server.net.NetworkPolicyManagerService$14@8b1e60
D/NetworkManagement( 1415): notifyInterfaceClassActivity: client is com.android.server.connectivity.Tethering@f68685
D/NetworkManagement( 1415): notifyInterfaceClassActivity: client is com.android.server.ethernet.EthernetNetworkFactory$InterfaceObserver@18b31c2
D/NetworkManagement( 1415): notifyInterfaceClassActivity: client is com.android.server.ConnectivityService$2@5d1fcda
I/ActivityManager( 1415): collectReceiverComponents for intent: Intent { act=android.net.conn.DATA_ACTIVITY_CHANGE flg=0x10 (has extras) }, receivers: null
D/NetworkManagement( 1415): notifyInterfaceClassActivity: client is com.android.server.net.NetlinkTracker@ae7a114
D/NetworkManagement( 1415): notifyInterfaceClassActivity: client is com.android.server.net.NetworkStatsService$7@de16201
D/NetworkManagement( 1415): notifyInterfaceClassActivity: client is android.net.INetworkManagementEventObserver$Stub$Proxy@14e31ef
D/WifiService( 1415): onReceive, action:android.intent.action.BATTERY_CHANGED
D/WifiService( 1415): ACTION_BATTERY_CHANGED pluggedType: 2
W/ActivityManager( 1415): getRunningAppProcesses: caller 10080 does not hold REAL_GET_TASKS; limiting output
I/ActivityManager( 1415): collectReceiverComponents for intent: Intent { act=android.intent.action.SIG_STR flg=0x20000010 (has extras) }, receivers: null
W/ActivityManager( 1415): getRunningAppProcesses: caller 10080 does not hold REAL_GET_TASKS; limiting output
I/ActivityManager( 1415): collectReceiverComponents for intent: Intent { act=android.intent.action.SIG_STR flg=0x20000010 (has extras) }, receivers: null
W/ActivityManager( 1415): getRunningAppProcesses: caller 10080 does not hold REAL_GET_TASKS; limiting output
I/ActivityManager( 1415): collectReceiverComponents for intent: Intent { act=android.intent.action.SIG_STR flg=0x20000010 (has extras) }, receivers: null
W/ActivityManager( 1415): getRunningAppProcesses: caller 10080 does not hold REAL_GET_TASKS; limiting output
D/HwBatteryService( 1415): onUEvent fcp_values = 0
D/WifiService( 1415): onReceive, action:android.intent.action.BATTERY_CHANGED
D/WifiService( 1415): ACTION_BATTERY_CHANGED pluggedType: 2
I/ActivityManager( 1415): collectReceiverComponents for intent: Intent { act=android.intent.action.SIG_STR flg=0x20000010 (has extras) }, receivers: null
W/ActivityManager( 1415): getRunningAppProcesses: caller 10080 does not hold REAL_GET_TASKS; limiting output
W/ActivityManager( 1415): getRunningAppProcesses: caller 10080 does not hold REAL_GET_TASKS; limiting output
I/ActivityManager( 1415): collectReceiverComponents for intent: Intent { act=android.intent.action.SIG_STR flg=0x20000010 (has extras) }, receivers: null
W/ActivityManager( 1415): getRunningAppProcesses: caller 10080 does not hold REAL_GET_TASKS; limiting output
I/ActivityManager( 1415): collectReceiverComponents for intent: Intent { act=android.intent.action.SIG_STR flg=0x20000010 (has extras) }, receivers: null
W/ActivityManager( 1415): getRunningAppProcesses: caller 10080 does not hold REAL_GET_TASKS; limiting output
W/ActivityManager( 1415): getRunningAppProcesses: caller 10080 does not hold REAL_GET_TASKS; limiting output
E/NetlinkEvent(  403): NetlinkEvent::FindParam(): Parameter 'UID' not found
W/SocketListener(  403): sending broadcast to Pid = 1415, Uid = 1000 
D/NetdConnector( 1415): RCV <- {613 IfaceClass active 1 139869606148197}
D/NetdConnector( 1415): RCV <- {613 IfaceClass active 1 139869606148197}
D/NetdConnector( 1415): RCV unsolicited event from native daemon, event = 613 IfaceClass active 1 139869606148197
D/NetworkManagement( 1415): notifyInterfaceClassActivity: client is com.android.server.connectivity.Vpn$3@2e9d13
D/NetworkManagement( 1415): notifyInterfaceClassActivity: client is com.android.server.net.NetworkPolicyManagerService$14@8b1e60
D/NetworkManagement( 1415): notifyInterfaceClassActivity: client is com.android.server.connectivity.Tethering@f68685
D/NetworkManagement( 1415): notifyInterfaceClassActivity: client is com.android.server.ethernet.EthernetNetworkFactory$InterfaceObserver@18b31c2
D/NetworkManagement( 1415): notifyInterfaceClassActivity: client is com.android.server.ConnectivityService$2@5d1fcda
I/ActivityManager( 1415): collectReceiverComponents for intent: Intent { act=android.net.conn.DATA_ACTIVITY_CHANGE flg=0x10 (has extras) }, receivers: null
D/NetworkManagement( 1415): notifyInterfaceClassActivity: client is com.android.server.net.NetlinkTracker@ae7a114
D/NetworkManagement( 1415): notifyInterfaceClassActivity: client is com.android.server.net.NetworkStatsService$7@de16201
D/NetworkManagement( 1415): notifyInterfaceClassActivity: client is android.net.INetworkManagementEventObserver$Stub$Proxy@14e31ef
I/ActivityManager( 1415): collectReceiverComponents for intent: Intent { act=android.intent.action.SIG_STR flg=0x20000010 (has extras) }, receivers: null
W/ActivityManager( 1415): getRunningAppProcesses: caller 10080 does not hold REAL_GET_TASKS; limiting output
V/AlarmManager( 1415): Alarm triggering (type 0 or 2): [Alarm{4132ceb type 0 when 1530201350546 com.ss.android.ugc.aweme}, Alarm{c9bea48 type 0 when 1530201470407 com.tencent.mobileqq}, Alarm{b74e0e1 type 2 when 139825049 android}]
V/AlarmManager( 1415): sending alarm Alarm{c4e7e06 type 3 when 139713182 android},repeatInterval = 0
V/AlarmManager( 1415): sending alarm Alarm{b74e0e1 type 2 when 139825049 android},repeatInterval = 0
I/ActivityManager( 1415): collectReceiverComponents for intent: Intent { act=action.pfw.wakeup.timer flg=0x14 (has extras) }, receivers: null
V/AlarmManager( 1415): sending alarm Alarm{4132ceb type 0 when 1530201350546 com.ss.android.ugc.aweme},repeatInterval = 0
I/ActivityManager( 1415): collectReceiverComponents for intent: Intent { act=com.taobao.accs.intent.action.COMMAND flg=0x14 pkg=com.ss.android.ugc.aweme (has extras) }, receivers: [ResolveInfo{675acc7 com.ss.android.ugc.aweme/com.taobao.accs.ServiceReceiver m=0x108000 euid=0}, ResolveInfo{3a962f4 com.ss.android.ugc.aweme/com.aliyun.AliyunMessageReceiver m=0x108000 euid=0}]
V/AlarmManager( 1415): sending alarm Alarm{c9bea48 type 0 when 1530201470407 com.tencent.mobileqq},repeatInterval = 0
I/ActivityManager( 1415): collectReceiverComponents for intent: Intent { act=com.tencent.mobileqq:MSF_101343414 flg=0x14 (has extras) }, receivers: null
V/AlarmManager( 1415): sending alarm Alarm{7fdaa1d type 1 when 1530201520522 com.tencent.mtt},repeatInterval = 0
V/AlarmManager( 1415): set(PendingIntent{447492: PendingIntentRecord{4ef132e android broadcastIntent}}) : type=2 triggerAtTime=141673734 win=1350000 tElapsed=141673734 maxElapsed=143023734 interval=0 flags=0x8
W/ActivityManager( 1415): getRunningAppProcesses: caller 10106 does not hold REAL_GET_TASKS; limiting output
I/ActivityManager( 1415): retrieveServiceLocked, callerApp: ProcessRecord{75e05de 16938:com.ss.android.ugc.aweme:pushservice/u0a164}, flags: 400
I/ActivityManager( 1415): bindServiceLocked, r: ServiceRecord{3964e63 u0 euid: 0 com.ss.android.ugc.aweme/com.umeng.message.UmengIntentService}, euid: 0
V/AlarmManager( 1415): set(PendingIntent{673ba60: PendingIntentRecord{c642996 com.ss.android.ugc.aweme broadcastIntent}}) : type=0 triggerAtTime=1530201790639 win=202499 tElapsed=140143821 maxElapsed=140346320 interval=0 flags=0x0
I/ActivityManager( 1415): collectReceiverComponents for intent: Intent { act=com.tencent.mobileqq.msf.wakeup flg=0x10 }, receivers: null
V/AlarmManager( 1415): set(PendingIntent{84fcb19: PendingIntentRecord{a1d922c com.tencent.mobileqq broadcastIntent}}) : type=0 triggerAtTime=1530201790726 win=202499 tElapsed=140143909 maxElapsed=140346408 interval=0 flags=0xc
I/ActivityManager( 1415): collectReceiverComponents for intent: Intent { act=android.intent.action.SIG_STR flg=0x20000010 (has extras) }, receivers: null
W/ActivityManager( 1415): getRunningAppProcesses: caller 10080 does not hold REAL_GET_TASKS; limiting output
W/ActivityManager( 1415): getRunningAppProcesses: caller 10080 does not hold REAL_GET_TASKS; limiting output
I/ActivityManager( 1415): collectReceiverComponents for intent: Intent { act=android.intent.action.SIG_STR flg=0x20000010 (has extras) }, receivers: null
W/ActivityManager( 1415): getRunningAppProcesses: caller 10080 does not hold REAL_GET_TASKS; limiting output
I/ActivityManager( 1415): collectReceiverComponents for intent: Intent { act=android.intent.action.SIG_STR flg=0x20000010 (has extras) }, receivers: null
W/ActivityManager( 1415): getRunningAppProcesses: caller 10080 does not hold REAL_GET_TASKS; limiting output
V/AlarmManager( 1415): Alarm triggering (type 0 or 2): [Alarm{83147de type 0 when 1530201532250 android}]
V/AlarmManager( 1415): sending alarm Alarm{83147de type 0 when 1530201532250 android},repeatInterval = 0
I/ActivityManager( 1415): collectReceiverComponents for intent: Intent { act=com.huawei.intent.action.PUSH flg=0x14 pkg=android (has extras) }, receivers: null
V/AlarmManager( 1415): set(PendingIntent{4956dbf: PendingIntentRecord{d03bb2d android broadcastIntent}}) : type=0 triggerAtTime=1530201542284 win=0 tElapsed=139895467 maxElapsed=139895467 interval=0 flags=0x9
V/AlarmManager( 1415): set(PendingIntent{bca1c8c: PendingIntentRecord{d9e5084 android broadcastIntent}}) : type=0 triggerAtTime=1530201802375 win=0 tElapsed=140155557 maxElapsed=140155557 interval=0 flags=0x9
D/HwBatteryService( 1415): onUEvent fcp_values = 0
D/WifiService( 1415): onReceive, action:android.intent.action.BATTERY_CHANGED
D/WifiService( 1415): ACTION_BATTERY_CHANGED pluggedType: 2
I/ActivityManager( 1415): new Process app=ProcessRecord{a08ffd5 0:com.android.deskclock/u0a38}, name: com.android.deskclock, euid: 0
I/ActivityManager( 1415): Start proc 20040:com.android.deskclock/u0a38 for content provider com.android.deskclock/.provider.AlarmProvider
V/ActivityManager_MU( 1415): Waiting to start provider ContentProviderRecord{78603ea u0 euid:0 com.android.deskclock/.provider.AlarmProvider} launchingApp=ProcessRecord{a08ffd5 20040:com.android.deskclock/u0a38} caller pid= 2118
D/ActivityThread(20040): ActivityThread,attachApplication
D/ActivityManager( 1415): ActivityManagerService,attachApplication,callingPid = 20040
V/ActivityManager( 1415): New app record ProcessRecord{a08ffd5 20040:com.android.deskclock/u0a38} thread=android.os.BinderProxy@a3d26db pid=20040
V/ActivityManager( 1415): Successfully start provider ContentProviderRecord{78603ea u0 euid:0 com.android.deskclock/.provider.AlarmProvider} launchingApp=ProcessRecord{a08ffd5 20040:com.android.deskclock/u0a38} caller pid= 2118
I/HwPowerManagerService( 1415): Waking up from sleep (uid 10081)...
D/PowerManagerService( 1415): setColorTemperatureAccordingToSetting
D/HwPowerManagerService( 1415): setColorTemperatureAccordingToSetting
D/HwPowerManagerService( 1415): isDisplayFeatureSupported feature:1
D/HwPowerManagerService( 1415): setColorTemperatureAccordingToSetting old:128
D/HwPowerManagerService( 1415): setColorTemperature:128
I/DisplayPowerController( 1415): Blocking screen on until initial contents have been drawn.
D/WindowManager( 1415): mKeyguardDelegate.ShowListener.onDrawn.
I/WindowManager( 1415): finishKeyguardDrawn -> waitForAllWindowsDrawn
V/WindowManager( 1415): waitForAllWindowsDrawn  cover is open or null
I/WindowManager( 1415): All windows ready for display!
I/WindowManager( 1415): Finished screen turning on...
D/WindowManager( 1415): mKeyguardDelegate.ShowListener.onDrawn.
I/DisplayPowerController( 1415): Unblocked screen on after 66 ms
D/DisplayPowerState( 1415): Updating screen state: state=ON, backlight=0
I/DisplayManagerService( 1415): Display device changed state: "内置屏幕", ON
I/ActivityManager( 1415): collectReceiverComponents for intent: Intent { act=com.android.keyguard.intent.action.ACTION_LYRICS flg=0x20000010 pkg=com.android.mediacenter (has extras) }, receivers: null
I/ActivityManager( 1415): collectReceiverComponents for intent: Intent { act=android.intent.action.KEYGUARD_UNLOCK flg=0x10 }, receivers: null
D/HwConnectivityService( 1415): mIntentReceiver begin
D/HwConnectivityService( 1415): CtrlSocket Receiver,disable: false locked: false action: android.intent.action.KEYGUARD_UNLOCK mSmartKeyguardLevel: normal_level mStartPowerSaving: false
I/ActivityManager( 1415): collectReceiverComponents for intent: Intent { act=android.intent.action.USER_PRESENT flg=0x24000010 }, receivers: [ResolveInfo{6427578 com.android.settings/.deviceinfo.UsbReceiver m=0x108000 euid=0}, ResolveInfo{ce6c451 com.huawei.lcagent/.service.LockScreenReceiver m=0x108000 euid=0}, ResolveInfo{5b874b6 com.iflytek.inputmethod/.multiprocess.AssistReceiver m=0x108000 euid=0}, ResolveInfo{ddd55b7 com.ss.android.ugc.aweme/com.ss.android.message.MessageReceiver m=0x108000 euid=0}, ResolveInfo{9e57124 com.ss.android.ugc.aweme/com.ss.android.message.sswo.SswoReceiver m=0x108000 euid=0}, ResolveInfo{502548d com.ss.android.ugc.aweme/com.taobao.accs.EventReceiver m=0x108000 euid=0}, ResolveInfo{9cf2642 com.ss.android.ugc.aweme/com.aliyun.AliyunMessageReceiver m=0x108000 euid=0}, ResolveInfo{3e79653 com.ss.android.ugc.aweme/com.ss.android.ugc.awemepushlib.message.ScreenReceiver m=0x108000 euid=0}, ResolveInfo{9a7b90 com.ss.android.ugc.aweme/com.ss.android.push.window.oppo.ScreenReceiver m=0x108000 euid=0}]
D/NetdConnector( 1415): SND -> {2909 bandwidth gettetherstats}
D/NetdConnector( 1415): RCV <- {200 2909 Tethering stats list completed}
D/NetdConnector( 1415): RCV <- {200 2909 Tethering stats list completed}
D/WifiService( 1415): onReceive, action:android.intent.action.USER_PRESENT
V/HwWindowManagerService( 1415): moveTaskToTop mTaskChanged:true
V/HwWindowManagerService( 1415): setFocusedApp update app ops, mTaskChanged set to:false
I/HwWindowManagerService( 1415): this win:Window{26f79de u0 com.tencent.mtt} hase children size:0
W/InputMethodManagerService( 1415): Window already focused, ignoring focus gain of: com.android.internal.view.IInputMethodClient$Stub$Proxy@c917ccb attribute=null, token = android.os.BinderProxy@9df9712
I/ActivityManager( 1415): collectReceiverComponents for intent: Intent { act=com.android.server.wm.addview.preventnotify flg=0x10 (has extras) }, receivers: null
V/NetworkPolicy( 1415): updateNetworkEnabledLocked()
V/NetworkPolicy( 1415): updateNotificationsLocked()
W/ActivityManager( 1415): getRunningAppProcesses: caller 10106 does not hold REAL_GET_TASKS; limiting output
I/ActivityManager( 1415): collectReceiverComponents for intent: Intent { act=com.tencent.QQBrowser.action.residentnotification.weather.timer.start flg=0x10 }, receivers: null
I/HwMtmBroadcastResourceManager( 1415): removeReceiver mtm Broadcast
W/ContextImpl( 3006): Calling a method in the system process without a qualified user: android.app.ContextImpl.startService:1378 android.content.ContextWrapper.startService:581 android.content.ContextWrapper.startService:581 com.huawei.lcagent.service.LockScreenReceiver.onReceive:20 android.app.ActivityThread.handleReceiver:2760 
I/ActivityManager( 1415): collectReceiverComponents for intent: Intent { act=com.tencent.QQBrowser.action.residentnotification.REFRESHHOTWORD flg=0x10 }, receivers: null
I/HwMtmBroadcastResourceManager( 1415): removeReceiver mtm Broadcast
W/ContextImpl( 3006): Calling a method in the system process without a qualified user: android.app.ContextImpl.startService:1378 android.content.ContextWrapper.startService:581 com.huawei.lcagent.service.LogCollectService$LogCollectServiceHandler.handleResumeUploadLog:1920 com.huawei.lcagent.service.LogCollectService$LogCollectServiceHandler.handleMessage:1773 android.os.Handler.dispatchMessage:102 
I/ActivityManager( 1415): retrieveServiceLocked, callerApp: ProcessRecord{8f55476 3006:com.huawei.lcagent/1000}, flags: 400
I/ActivityManager( 1415): bindServiceLocked, r: ServiceRecord{dfa2ca8 u0 euid: 0 com.huawei.logupload/.LogUploadService}, euid: 0
I/ActivityManager( 1415): mAm.startProcessLocked for service: ServiceRecord{dfa2ca8 u0 euid: 0 com.huawei.logupload/.LogUploadService}, appinfo euid: 0
I/ActivityManager( 1415): new Process app=ProcessRecord{f1063c1 0:com.huawei.logupload/1000}, name: com.huawei.logupload, euid: 0
I/ActivityManager( 1415): Start proc 20072:com.huawei.logupload/1000 for service com.huawei.logupload/.LogUploadService
I/HwMtmBroadcastResourceManager( 1415): removeReceiver mtm Broadcast
I/HwMtmBroadcastResourceManager( 1415): removeReceiver mtm Broadcast
I/HwMtmBroadcastResourceManager( 1415): removeReceiver mtm Broadcast
I/HwMtmBroadcastResourceManager( 1415): removeReceiver mtm Broadcast
I/HwMtmBroadcastResourceManager( 1415): removeReceiver mtm Broadcast
I/ActivityManager( 1415): collectReceiverComponents for intent: Intent { act=com.android.keyguard.intent.action.ACTION_LYRICS flg=0x20000010 pkg=com.android.mediacenter (has extras) }, receivers: null
I/HwMtmBroadcastResourceManager( 1415): removeReceiver mtm Broadcast
V/KeyguardDisplayManager( 2118): hide
I/ActivityManager( 1415): Process com.android.contacts (pid 19249) has died
D/ActivityManager( 1415): cleanUpApplicationRecord -- 19249
I/ActivityManager( 1415): cleanUpApplicationRecordLocked, reset pid: 19249, euid: 0
D/ActivityThread(20072): ActivityThread,attachApplication
W/ActivityManager( 1415): getRunningAppProcesses: caller 10106 does not hold REAL_GET_TASKS; limiting output
I/DisplayPowerController( 1415): Blocking screen on until keyguard dismiss done.
D/ActivityManager( 1415): ActivityManagerService,attachApplication,callingPid = 20072
V/ActivityManager( 1415): New app record ProcessRecord{f1063c1 20072:com.huawei.logupload/1000} thread=android.os.BinderProxy@fb91aa7 pid=20072
I/DisplayPowerController( 1415): Unblocked screen on for keyguard dismiss after 6 ms
D/DisplayPowerState( 1415): Updating screen state: state=ON, backlight=13
D/HwConnectivityService( 1415): mIntentReceiver begin
D/HwConnectivityService( 1415): CtrlSocket Receiver,disable: false locked: false action: android.intent.action.SCREEN_ON mSmartKeyguardLevel: normal_level mStartPowerSaving: false
D/HwConnectivityService( 1415): CtrlSocket receive screen on intent!
D/WifiService( 1415): onReceive, action:android.intent.action.SCREEN_ON
I/EyeProtectionControllerImpl( 1415): onReceive intent action = android.intent.action.SCREEN_ON
I/ActivityManager( 1415): retrieveServiceLocked, callerApp: ProcessRecord{75e05de 16938:com.ss.android.ugc.aweme:pushservice/u0a164}, flags: 400
I/ActivityManager( 1415): bindServiceLocked, r: ServiceRecord{c196b54 u0 euid: 0 com.ss.android.ugc.aweme/com.umeng.message.UmengIntentService}, euid: 0
D/WifiService( 1415): getWifiServiceMessenger, pid:20072, uid:1000
D/WifiService( 1415): New client listening to asynchronous messages
V/AlarmManager( 1415): set(PendingIntent{c7e7afd: PendingIntentRecord{c642996 com.ss.android.ugc.aweme broadcastIntent}}) : type=0 triggerAtTime=1530201805788 win=202497 tElapsed=140158971 maxElapsed=140361468 interval=0 flags=0x0
W/NotificationService( 1415): NOSOUND: no valid sound
W/ContextImpl(20072): Calling a method in the system process without a qualified user: android.app.ContextImpl.stopService:1384 android.content.ContextWrapper.stopService:586 com.huawei.logupload.util.Utils$MyHandler.handleMessage:832 android.os.Handler.dispatchMessage:102 android.os.Looper.loop:150 
I/ActivityManager( 1415): retrieveServiceLocked, callerApp: ProcessRecord{f1063c1 20072:com.huawei.logupload/1000}, flags: 400
W/ContextImpl(20072): Calling a method in the system process without a qualified user: android.app.ContextImpl.stopService:1384 android.content.ContextWrapper.stopService:586 com.huawei.logupload.util.Utils$MyHandler.handleMessage:833 android.os.Handler.dispatchMessage:102 android.os.Looper.loop:150 
W/ActivityManager( 1415): getTasks: caller 10080 does not hold REAL_GET_TASKS; limiting output
W/ActivityManager( 1415): getTasks: caller 10080 does not hold REAL_GET_TASKS; limiting output
I/ActivityManager( 1415): collectReceiverComponents for intent: Intent { act=com.tencent.QQBrowser.action.residentnotification.weather.timer.start flg=0x10 }, receivers: null
I/ActivityManager( 1415): collectReceiverComponents for intent: Intent { act=android.intent.action.SIG_STR flg=0x20000010 (has extras) }, receivers: null
W/ActivityManager( 1415): getRunningAppProcesses: caller 10080 does not hold REAL_GET_TASKS; limiting output
I/ActivityManager( 1415): collectReceiverComponents for intent: Intent { act=android.intent.action.SIG_STR flg=0x20000010 (has extras) }, receivers: null
W/ActivityManager( 1415): getRunningAppProcesses: caller 10080 does not hold REAL_GET_TASKS; limiting output
I/ActivityManager( 1415): collectReceiverComponents for intent: Intent { act=android.net.wifi.SCAN_RESULTS flg=0x4000010 (has extras) }, receivers: [ResolveInfo{2820d3e com.android.settings/.wifi.cmcc.ConnectSwitchReceiver m=0x108000 euid=0}]
I/ActivityManager( 1415): Process com.iflytek.speechsuite (pid 866) has died
D/ActivityManager( 1415): cleanUpApplicationRecord -- 866
W/ActivityManager( 1415): Scheduling restart of crashed service com.iflytek.speechsuite/com.iflytek.business.BusinessService in 1000ms
I/ActivityManager( 1415): cleanUpApplicationRecordLocked, reset pid: 866, euid: 0
W/ActivityManager( 1415): getRunningAppProcesses: caller 10106 does not hold REAL_GET_TASKS; limiting output
I/ActivityManager( 1415): bindServiceLocked, r: ServiceRecord{90672b3 u0 euid: 0 com.iflytek.speechsuite/com.iflytek.business.BusinessService}, euid: 0
I/ActivityManager( 1415): mAm.startProcessLocked for service: ServiceRecord{90672b3 u0 euid: 0 com.iflytek.speechsuite/com.iflytek.business.BusinessService}, appinfo euid: 0
I/ActivityManager( 1415): new Process app=ProcessRecord{d5cb79f 0:com.iflytek.speechsuite/u0a47}, name: com.iflytek.speechsuite, euid: 0
I/ActivityManager( 1415): Start proc 20099:com.iflytek.speechsuite/u0a47 for service com.iflytek.speechsuite/com.iflytek.business.BusinessService
D/ActivityThread(20099): ActivityThread,attachApplication
D/ActivityManager( 1415): ActivityManagerService,attachApplication,callingPid = 20099
V/ActivityManager( 1415): New app record ProcessRecord{d5cb79f 20099:com.iflytek.speechsuite/u0a47} thread=android.os.BinderProxy@466d0ec pid=20099
I/ActivityManager( 1415): Process com.android.calendar (pid 19402) has died
D/ActivityManager( 1415): cleanUpApplicationRecord -- 19402
I/ActivityManager( 1415): cleanUpApplicationRecordLocked, reset pid: 19402, euid: 0
W/ActivityManager( 1415): getRunningAppProcesses: caller 10047 does not hold REAL_GET_TASKS; limiting output
W/ActivityManager( 1415): getRunningAppProcesses: caller 10047 does not hold REAL_GET_TASKS; limiting output
V/AlarmManager( 1415): sending alarm Alarm{f47fb97 type 3 when 139893183 android},repeatInterval = 0
I/ActivityManager( 1415): collectReceiverComponents for intent: Intent { act=android.intent.action.SIG_STR flg=0x20000010 (has extras) }, receivers: null
W/ActivityManager( 1415): getRunningAppProcesses: caller 10080 does not hold REAL_GET_TASKS; limiting output
I/ActivityManager( 1415): Force stopping com.fly_web.yun appid=10177 user=0: from pid 20132by app
I/ActivityManager( 1415): Killing 18376:com.fly_web.yun/u0a177 (adj 0): stop com.fly_web.yunfrom pid 20132by app
D/ActivityManager( 1415): cleanUpApplicationRecord -- 18376
W/ActivityManager( 1415): Scheduling restart of crashed service com.fly_web.yun/com.fly_app.fly_yun.service.DownloadFileService in 1000ms
I/ActivityManager( 1415): cleanUpApplicationRecordLocked, reset pid: 18376, euid: 0
W/ActivityManager( 1415): Force removing ActivityRecord{ea028a1 u0 com.fly_web.yun/com.fly_app.fly_yun.MainActivity t76356}: app died, no saved state
V/HwWindowManagerService( 1415): moveTaskToTop mTaskChanged:true
V/HwWindowManagerService( 1415): setFocusedApp update app ops, mTaskChanged set to:false
I/HwWindowManagerService( 1415): this win:Window{26f79de u0 com.tencent.mtt} hase children size:0
I/ActivityManager( 1415):   Force stopping service ServiceRecord{42f56ca u0 euid: 0 com.fly_web.yun/com.fly_app.fly_yun.service.DownloadFileService}
D/HwBroadcastQueue( 1415): cleanupDisabledPackageReceiversLocked for userId 0
D/HwBroadcastQueue( 1415): cleanupDisabledPackageReceiversLocked for userId 0
D/HwBroadcastQueue( 1415): cleanupDisabledPackageReceiversLocked for userId 0
D/HwBroadcastQueue( 1415): cleanupDisabledPackageReceiversLocked for userId 0
I/ActivityManager( 1415): collectReceiverComponents for intent: Intent { act=android.intent.action.PACKAGE_RESTARTED dat=package:com.fly_web.yun flg=0x10 (has extras) }, receivers: null
I/ActivityManager( 1415): collectReceiverComponents for intent: Intent { act=com.android.server.wm.addview.preventnotify flg=0x10 (has extras) }, receivers: null
I/HwCoreAppHelperService( 1415): LocalReceiver receives:android.intent.action.PACKAGE_RESTARTED
I/LightsService( 1415): setLcdRatio ratio:50 autoAdjust:true
I/ActivityManager( 1415): collectReceiverComponents for intent: Intent { act=com.tencent.mm.ui.ACTION_ACTIVE flg=0x10 (has extras) }, receivers: null
I/ActivityManager( 1415): collectReceiverComponents for intent: Intent { act=com.tencent.mm.ui.ACTION_ACTIVE flg=0x10 (has extras) }, receivers: null
I/ActivityManager( 1415): collectReceiverComponents for intent: Intent { act=com.tencent.mm.ui.ACTION_ACTIVE flg=0x10 (has extras) }, receivers: null
I/ActivityManager( 1415): collectReceiverComponents for intent: Intent { act=com.tencent.mm.ui.ACTION_ACTIVE flg=0x10 (has extras) }, receivers: null
D/SmartHeartBeat( 1415): setAlarmsPending ...
I/ActivityManager( 1415): collectReceiverComponents for intent: Intent { act=com.tencent.mm.ui.ACTION_ACTIVE flg=0x10 (has extras) }, receivers: null
V/HwPhoneWindowManager( 1415): updateSystemUiColorLw window=Window{a109508 u0 com.tencent.mm/com.tencent.mm.ui.LauncherUI},EmuiStyle=0,StatusBarColor=0xff393a3f,NavigationBarColor=0xff000000
D/CommandQueue( 2099): CommandQueue, onTransaction
D/CommandQueue( 2099): CommandQueue, setBarBackgroundColor
I/ActivityManager( 1415): collectReceiverComponents for intent: Intent { flg=0x10 cmp=com.tencent.mm/.plugin.appbrand.task.AppBrandTaskPreloadReceiver }, receivers: [ResolveInfo{a66eda2 com.tencent.mm/.plugin.appbrand.task.AppBrandTaskPreloadReceiver m=0x0 euid=0}]
I/ActivityManager( 1415): new Process app=ProcessRecord{786ba33 0:com.tencent.mm:appbrand0/u0a104}, name: com.tencent.mm:appbrand0, euid: 0
I/ActivityManager( 1415): Start proc 20154:com.tencent.mm:appbrand0/u0a104 for broadcast com.tencent.mm/.plugin.appbrand.task.AppBrandTaskPreloadReceiver
I/ActivityManager( 1415): collectReceiverComponents for intent: Intent { flg=0x10 cmp=com.tencent.mm/.plugin.appbrand.task.AppBrandTaskPreloadReceiver }, receivers: [ResolveInfo{78b01f0 com.tencent.mm/.plugin.appbrand.task.AppBrandTaskPreloadReceiver m=0x0 euid=0}]
I/ActivityManager( 1415): collectReceiverComponents for intent: Intent { flg=0x10 cmp=com.tencent.mm/.plugin.appbrand.task.AppBrandTaskPreloadReceiver }, receivers: [ResolveInfo{672369 com.tencent.mm/.plugin.appbrand.task.AppBrandTaskPreloadReceiver m=0x0 euid=0}]
I/ActivityManager( 1415): collectReceiverComponents for intent: Intent { flg=0x10 cmp=com.tencent.mm/.plugin.appbrand.task.AppBrandTaskPreloadReceiver }, receivers: [ResolveInfo{4ea41ee com.tencent.mm/.plugin.appbrand.task.AppBrandTaskPreloadReceiver m=0x0 euid=0}]
W/ActivityManager( 1415): getTasks: caller 10104 does not hold REAL_GET_TASKS; limiting output
I/ActivityManager( 1415): collectReceiverComponents for intent: Intent { flg=0x10 cmp=com.tencent.mm/.plugin.appbrand.task.AppBrandTaskPreloadReceiver }, receivers: [ResolveInfo{3e8c68f com.tencent.mm/.plugin.appbrand.task.AppBrandTaskPreloadReceiver m=0x0 euid=0}]
D/ActivityThread(20154): ActivityThread,attachApplication
D/ActivityManager( 1415): ActivityManagerService,attachApplication,callingPid = 20154
V/ActivityManager( 1415): New app record ProcessRecord{786ba33 20154:com.tencent.mm:appbrand0/u0a104} thread=android.os.BinderProxy@8364d1c pid=20154
W/InputMethodManagerService( 1415): Got RemoteException sending setActive(false) notification to pid 18376 uid 10177
W/ActivityManager( 1415): getRunningAppProcesses: caller 10104 does not hold REAL_GET_TASKS; limiting output
I/ActivityManager( 1415): collectReceiverComponents for intent: Intent { act=android.intent.action.SIG_STR flg=0x20000010 (has extras) }, receivers: null
W/ActivityManager( 1415): getRunningAppProcesses: caller 10080 does not hold REAL_GET_TASKS; limiting output
W/ActivityManager( 1415): getRunningAppProcesses: caller 10104 does not hold REAL_GET_TASKS; limiting output
W/ActivityManager( 1415): getRunningAppProcesses: caller 10104 does not hold REAL_GET_TASKS; limiting output
W/ActivityManager( 1415): getRunningAppProcesses: caller 10104 does not hold REAL_GET_TASKS; limiting output
W/ActivityManager( 1415): getRunningAppProcesses: caller 10104 does not hold REAL_GET_TASKS; limiting output
W/ActivityManager( 1415): getRunningAppProcesses: caller 10104 does not hold REAL_GET_TASKS; limiting output
V/AlarmManager( 1415): set(PendingIntent{e7523b4: PendingIntentRecord{9f93bdd com.tencent.mm broadcastIntent}}) : type=2 triggerAtTime=140105863 win=0 tElapsed=140105863 maxElapsed=140105863 interval=0 flags=0x9
W/ActivityManager( 1415): getRunningAppProcesses: caller 10104 does not hold REAL_GET_TASKS; limiting output
V/AlarmManager( 1415): set(PendingIntent{94a0352: PendingIntentRecord{4f29623 com.tencent.mm broadcastIntent}}) : type=2 triggerAtTime=140106075 win=0 tElapsed=140106075 maxElapsed=140106075 interval=0 flags=0x9
W/ActivityManager( 1415): getRunningAppProcesses: caller 10104 does not hold REAL_GET_TASKS; limiting output
W/ActivityManager( 1415): getRunningAppProcesses: caller 10104 does not hold REAL_GET_TASKS; limiting output
E/ActivityThread(20154): Failed to find provider info for com.tencent.mm.coolassist.debugprovider
I/ActivityManager( 1415): collectReceiverComponents for intent: Intent { act=android.intent.action.SIG_STR flg=0x20000010 (has extras) }, receivers: null
W/ActivityManager( 1415): getRunningAppProcesses: caller 10080 does not hold REAL_GET_TASKS; limiting output
W/ActivityManager( 1415): getRunningAppProcesses: caller 10104 does not hold REAL_GET_TASKS; limiting output
I/ActivityManager( 1415): Process com.tencent.mm:tools (pid 17827) has died
D/ConnectivityService( 1415): ConnectivityService NetworkRequestInfo binderDied(NetworkRequest [ id=578, legacyType=-1, [ Capabilities: INTERNET&NOT_RESTRICTED&TRUSTED] ], android.os.BinderProxy@71ac720)
D/ActivityManager( 1415): cleanUpApplicationRecord -- 17827
D/ConnectivityService( 1415): ConnectivityService NetworkRequestInfo binderDied(NetworkRequest [ id=579, legacyType=-1, [ Capabilities: INTERNET&NOT_RESTRICTED&TRUSTED] ], android.os.BinderProxy@1d2b8d9)
D/ConnectivityService( 1415): releasing NetworkRequest NetworkRequest [ id=578, legacyType=-1, [ Capabilities: INTERNET&NOT_RESTRICTED&TRUSTED] ]
D/WifiService( 1415): Client connection lost with reason: 4
D/ConnectivityService( 1415): sending notification RELEASED for NetworkRequest [ id=578, legacyType=-1, [ Capabilities: INTERNET&NOT_RESTRICTED&TRUSTED] ]
W/ActivityManager( 1415): Scheduling restart of crashed service com.tencent.mm/.plugin.websearch.api.ToolsProcessStarterService in 1000ms
E/ConnectivityService( 1415): RemoteException caught trying to send a callback msg for NetworkRequest [ id=578, legacyType=-1, [ Capabilities: INTERNET&NOT_RESTRICTED&TRUSTED] ]
D/ConnectivityService( 1415): releasing NetworkRequest NetworkRequest [ id=579, legacyType=-1, [ Capabilities: INTERNET&NOT_RESTRICTED&TRUSTED] ]
I/ActivityManager( 1415): cleanUpApplicationRecordLocked, reset pid: 17827, euid: 0
D/ConnectivityService( 1415): sending notification RELEASED for NetworkRequest [ id=579, legacyType=-1, [ Capabilities: INTERNET&NOT_RESTRICTED&TRUSTED] ]
E/ConnectivityService( 1415): RemoteException caught trying to send a callback msg for NetworkRequest [ id=579, legacyType=-1, [ Capabilities: INTERNET&NOT_RESTRICTED&TRUSTED] ]
D/WifiService( 1415): onReceive, action:android.intent.action.BATTERY_CHANGED
D/WifiService( 1415): ACTION_BATTERY_CHANGED pluggedType: 2
W/ActivityManager( 1415): getRunningAppProcesses: caller 10104 does not hold REAL_GET_TASKS; limiting output
W/ActivityManager( 1415): getRunningAppProcesses: caller 10104 does not hold REAL_GET_TASKS; limiting output
W/ActivityManager( 1415): getRunningAppProcesses: caller 10104 does not hold REAL_GET_TASKS; limiting output
W/ActivityManager( 1415): getRunningAppProcesses: caller 10104 does not hold REAL_GET_TASKS; limiting output
V/AlarmManager( 1415): set(PendingIntent{1a65a38: PendingIntentRecord{2a1aa11 com.tencent.mm broadcastIntent}}) : type=2 triggerAtTime=140500921 win=0 tElapsed=140500921 maxElapsed=140500921 interval=0 flags=0x9
I/ActivityManager( 1415): bindServiceLocked, r: ServiceRecord{d8a7d61 u0 euid: 0 com.tencent.mm/.plugin.websearch.api.ToolsProcessStarterService}, euid: 0
I/ActivityManager( 1415): mAm.startProcessLocked for service: ServiceRecord{d8a7d61 u0 euid: 0 com.tencent.mm/.plugin.websearch.api.ToolsProcessStarterService}, appinfo euid: 0
I/ActivityManager( 1415): new Process app=ProcessRecord{accc776 0:com.tencent.mm:tools/u0a104}, name: com.tencent.mm:tools, euid: 0
I/ActivityManager( 1415): Start proc 20369:com.tencent.mm:tools/u0a104 for service com.tencent.mm/.plugin.websearch.api.ToolsProcessStarterService
D/ActivityThread(20369): ActivityThread,attachApplication
D/ActivityManager( 1415): ActivityManagerService,attachApplication,callingPid = 20369
V/ActivityManager( 1415): New app record ProcessRecord{accc776 20369:com.tencent.mm:tools/u0a104} thread=android.os.BinderProxy@93b1177 pid=20369
W/ActivityManager( 1415): getRunningAppProcesses: caller 10104 does not hold REAL_GET_TASKS; limiting output
I/ActivityManager( 1415): Process com.android.providers.calendar (pid 19422) has died
D/ActivityManager( 1415): cleanUpApplicationRecord -- 19422
I/ActivityManager( 1415): cleanUpApplicationRecordLocked, reset pid: 19422, euid: 0
I/ActivityManager( 1415): collectReceiverComponents for intent: Intent { act=android.intent.action.SIG_STR flg=0x20000010 (has extras) }, receivers: null
W/ActivityManager( 1415): getRunningAppProcesses: caller 10080 does not hold REAL_GET_TASKS; limiting output
I/ActivityManager( 1415): Process com.huawei.hwmwlauncher (pid 18636) has died
D/ActivityManager( 1415): cleanUpApplicationRecord -- 18636
I/ActivityManager( 1415): cleanUpApplicationRecordLocked, reset pid: 18636, euid: 0
W/ActivityManager( 1415): getRunningAppProcesses: caller 10104 does not hold REAL_GET_TASKS; limiting output
I/ActivityManager( 1415): Process com.huawei.systemmanager (pid 18685) has died
D/ActivityManager( 1415): cleanUpApplicationRecord -- 18685
I/ActivityManager( 1415): cleanUpApplicationRecordLocked, reset pid: 18685, euid: 0
W/ActivityManager( 1415): getRunningAppProcesses: caller 10104 does not hold REAL_GET_TASKS; limiting output
W/ActivityManager( 1415): getRunningAppProcesses: caller 10104 does not hold REAL_GET_TASKS; limiting output
W/ActivityManager( 1415): getRunningAppProcesses: caller 10104 does not hold REAL_GET_TASKS; limiting output
W/ActivityManager( 1415): getRunningAppProcesses: caller 10104 does not hold REAL_GET_TASKS; limiting output
E/ActivityThread( 4790): Failed to find provider info for com.android.badge
W/ActivityManager( 1415): getRunningAppProcesses: caller 10104 does not hold REAL_GET_TASKS; limiting output
E/ActivityThread( 4790): Failed to find provider info for com.android.badge
W/ActivityManager( 1415): getRunningAppProcesses: caller 10104 does not hold REAL_GET_TASKS; limiting output
E/ActivityThread(20369): Failed to find provider info for com.tencent.mm.coolassist.debugprovider
W/ActivityManager( 1415): getRunningAppProcesses: caller 10104 does not hold REAL_GET_TASKS; limiting output
I/ActivityManager( 1415): retrieveServiceLocked, callerApp: ProcessRecord{786ba33 20154:com.tencent.mm:appbrand0/u0a104}, flags: 400
I/ActivityManager( 1415): bindServiceLocked, r: ServiceRecord{6c68a49 u0 euid: 0 com.tencent.mm/.plugin.appbrand.ipc.AppBrandMainProcessService}, euid: 0
W/ActivityManager( 1415): getRunningAppProcesses: caller 10104 does not hold REAL_GET_TASKS; limiting output
W/ActivityManager( 1415): getRunningAppProcesses: caller 10080 does not hold REAL_GET_TASKS; limiting output
V/AlarmManager( 1415): set(PendingIntent{380c168: PendingIntentRecord{7303981 com.tencent.mm broadcastIntent}}) : type=2 triggerAtTime=140505436 win=0 tElapsed=140505436 maxElapsed=140505436 interval=0 flags=0x9
W/ActivityManager( 1415): getRunningAppProcesses: caller 10104 does not hold REAL_GET_TASKS; limiting output
