D/HwArpVerifier( 1415): check_wifi_state_mode = 0 mCheckStateToken=191 token191
D/HwArpVerifier( 1415): 192.168.1.24     0x1         0x2         48:3b:38:1d:46:82     *        wlan0
D/HwArpVerifier( 1415): 192.168.1.1      0x1         0x6         0c:4b:54:ee:82:96     *        wlan0
D/wifiserviceimpl( 1415): netmask =16777215
D/HwArpVerifier( 1415): ARP wlan0,addr: /192.168.1.83
D/HWMultiGW( 1415): setGateWay 192.168.1.1
D/WifiHW  ( 1415): wifi_send_command: cmd:'IFNAME=wlan0 SIGNAL_POLL'
D/wpa_supplicant(14697): wlan0: Control interface command 'SIGNAL_POLL'
E/wpa_supplicant(14697): RSSI=-55;LINKSPEED=72;NOISE=9999;FREQUENCY=2412;
D/wpa_supplicant(14697): CTRL-DEBUG: global_ctrl_sock-sendto: sock=16 sndbuf=212992 outq=0 send_len=48
E/WifiConfigStore( 1415): updateConfiguration freq=2412 BSSID=0c:4b:54:ee:82:96 RSSI=-54 "ZhidaoOffice"WPA_PSK
W/ActivityManager( 1415): getRunningAppProcesses: caller 10104 does not hold REAL_GET_TASKS; limiting output
I/SendBroadcastPermission( 4790): action:null, mPermissionType:0
I/ActivityManager( 1415): collectReceiverComponents for intent: Intent { flg=0x10 cmp=com.tencent.mm/.booter.MMReceivers$ToolsProcessReceiver (has extras) }, receivers: [ResolveInfo{c7a9e3d com.tencent.mm/.booter.MMReceivers$ToolsProcessReceiver m=0x0 euid=0}]
I/SendBroadcastPermission( 1415): action:android.intent.action.SIG_STR, mPermissionType:0
W/MessageQueue( 4790): Handler (android.telephony.PhoneStateListener$1) {92cfd52} sending message to a Handler on a dead thread
W/MessageQueue( 4790): java.lang.IllegalStateException: Handler (android.telephony.PhoneStateListener$1) {92cfd52} sending message to a Handler on a dead thread
W/MessageQueue( 4790): 	at android.os.MessageQueue.enqueueMessage(MessageQueue.java:564)
W/MessageQueue( 4790): 	at android.os.Handler.enqueueMessage(Handler.java:635)
W/MessageQueue( 4790): 	at android.os.Handler.sendMessageAtTime(Handler.java:604)
W/MessageQueue( 4790): 	at android.os.Handler.sendMessageDelayed(Handler.java:574)
W/MessageQueue( 4790): 	at android.os.Handler.sendMessage(Handler.java:511)
W/MessageQueue( 4790): 	at android.os.Message.sendToTarget(Message.java:416)
W/MessageQueue( 4790): 	at android.telephony.PhoneStateListener$2.onSignalStrengthsChanged(PhoneStateListener.java:573)
W/MessageQueue( 4790): 	at com.android.internal.telephony.IPhoneStateListener$Stub.onTransact(IPhoneStateListener.java:133)
W/MessageQueue( 4790): 	at android.os.Binder.execTransact(Binder.java:453)
I/MQoS    ( 1415): onSignal: mSubId=1,currDataSubID=1
I/MQoS    ( 1415): received cell-signal:5
D/NetworkController.MobileSignalController(1)( 2099): mSimSubId:1 onSignalStrengthsChanged signalStrength=SignalStrength: -1 0 -1 255 -1 255 -1 255 255 24 -88 -3 286 2147483647 false gw|lte level=4
D/NetworkController.MobileSignalController(1)( 2099):  mDataNetType:13 indexOfkey:11 iconGroup.mName:4G roaming:false
I/ActivityManager( 1415): collectReceiverComponents for intent: Intent { act=android.intent.action.SIG_STR flg=0x20000010 (has extras) }, receivers: null
W/ActivityManager( 1415): getRunningAppProcesses: caller 10080 does not hold REAL_GET_TASKS; limiting output
I/HwCustMobileSignalControllerImpl( 2099): subId:1 phoneType:1 networktype:13 targetClass:3 masterLevel:4 slaveLevel:-1
D/KeyEvent( 1415): obtain, mHwFlags=0
D/HwPhoneWindowManager( 1415): HwPhoneWindowManager has intercept Key : 4, isdown : true, flags : 72
D/WindowManager( 1415): interceptKeyBeforeQueueing: key 4 , result : 1
D/KeyEvent( 1415): obtain, mHwFlags=-1498796728
D/KeyEvent( 1415): obtain, mHwFlags=0
D/KeyEvent( 4790): obtain, mHwFlags=2
D/KeyEvent( 2381): obtain, mHwFlags=0
D/HwArpVerifier( 1415): There are 1 mac address for gateway 
D/HwArpVerifier( 1415): mac is static ARP: 0c:4b:54:ee:82:96
D/HwArpVerifier( 1415): from HEART_CHECK transmit to state:HEART_CHECK
D/HwArpVerifier( 1415): msg what=124 arg1(token)=191 arg2(mode)=0 delay=30000
D/HwArpVerifier( 1415): performPollAndLog:
D/hw_netstat( 1415): total/58625/12557,com.tencent.mm/44547/7200,com.huawei.android.totemweather/7461/2495,com.baidu.map.location/5279/2152,unknown:0/1338/710
E/HwCHRWebMonitor( 1415): running processNamecom.tencent.mm
E/HwCHRWebMonitor( 1415): HwCHRWifiUIDWebSpeed [appName=com.tencent.mm UID=10104  WEBSENDSEGS=65  WEBRESENDSEGS=0  WEBRECVSEGS=56  WEBERRSEGS=0  WEBOUTRSTS=0  WEBESTABLISRST=0  WEBRTTDURATION=114  WEBRTTSEGS=15  WEBSNDDUPACKS=0  suckTimes=0 recovage_times=1]
E/HwCHRWebMonitor( 1415): HwCHRWifiUIDWebSpeed [appName=com.baidu.map.location UID=10014  WEBSENDSEGS=15  WEBRESENDSEGS=0  WEBRECVSEGS=16  WEBERRSEGS=0  WEBOUTRSTS=0  WEBESTABLISRST=0  WEBRTTDURATION=4  WEBRTTSEGS=5  WEBSNDDUPACKS=0  suckTimes=0 recovage_times=0]
E/HwCHRWebMonitor( 1415): HwCHRWifiUIDWebSpeed [appName=com.huawei.android.totemweather UID=10073  WEBSENDSEGS=16  WEBRESENDSEGS=0  WEBRECVSEGS=16  WEBERRSEGS=0  WEBOUTRSTS=0  WEBESTABLISRST=0  WEBRTTDURATION=30  WEBRTTSEGS=6  WEBSNDDUPACKS=0  suckTimes=0 recovage_times=0]
E/HwCHRWebMonitor( 1415): WebMonitor [mNetWorkIsSuck=false mUIDIsSuck=]  WebSpeed [WEBSENDSEGS=115  WEBRESENDSEGS=1  WEBRECVSEGS=97  WEBERRSEGS=0  WEBOUTRSTS=1  WEBESTABLISRST=0  WEBRTTDURATION=217  WEBRTTSEGS=34  WEBSRTT=390  WEBSNDDUPACKS=0  SENDSEGS=0  RESENDSEGS=0  RECVSEGS=0  ERRSEGS=0  OUTRSTS=0  ESTABLISRST=0  RTTDURATION=0  RTTSEGS=0  SNDDUPACKS=0  suckTimes=0 recovage_times=1]
D/KeyEvent( 1415): obtain, mHwFlags=0
D/HwPhoneWindowManager( 1415): HwPhoneWindowManager has intercept Key : 4, isdown : false, flags : 72
D/WindowManager( 1415): interceptKeyBeforeQueueing: key 4 , result : 1
D/KeyEvent( 1415): obtain, mHwFlags=-1498796728
D/KeyEvent( 1415): obtain, mHwFlags=0
D/KeyEvent( 4790): obtain, mHwFlags=2
D/KeyEvent( 2381): obtain, mHwFlags=0
V/AudioManager( 2099): querySoundEffectsEnabled...
D/HwInputMethodManagerService( 1415): ------------startInput--------------
D/HwInputMethodManagerService( 1415): hideSecSoftInput = false
V/SMCSAMSHelper( 1415): SMCSAMSHelper.addSTPEvent: cost 0 ms end.
V/SMCSAMSHelper( 1415): SMCSAMSHelper.smartTrimAddProcessRelation: cost 1 ms end.
V/SMCSAMSHelper( 1415): SMCSAMSHelper.addSTPEvent: cost 0 ms end.
V/SMCSAMSHelper( 1415): SMCSAMSHelper.smartTrimAddProcessRelation: cost 0 ms end.
V/SMCSAMSHelper( 1415): SMCSAMSHelper.addSTPEvent: cost 0 ms end.
V/SMCSAMSHelper( 1415): SMCSAMSHelper.smartTrimAddProcessRelation: cost 0 ms end.
V/SMCSAMSHelper( 1415): SMCSAMSHelper.addSTPEvent: cost 0 ms end.
V/SMCSAMSHelper( 1415): SMCSAMSHelper.smartTrimAddProcessRelation: cost 1 ms end.
V/SMCSAMSHelper( 1415): SMCSAMSHelper.addSTPEvent: cost 0 ms end.
V/SMCSAMSHelper( 1415): SMCSAMSHelper.smartTrimAddProcessRelation: cost 1 ms end.
D/KeyEvent( 1415): obtain, mHwFlags=0
D/HwPhoneWindowManager( 1415): HwPhoneWindowManager has intercept Key : 4, isdown : true, flags : 72
D/WindowManager( 1415): interceptKeyBeforeQueueing: key 4 , result : 1
D/KeyEvent( 1415): obtain, mHwFlags=-1498796728
D/KeyEvent( 1415): obtain, mHwFlags=0
D/KeyEvent( 4790): obtain, mHwFlags=2
D/KeyEvent( 2381): obtain, mHwFlags=0
V/SMCSAMSHelper( 1415): SMCSAMSHelper.addSTPEvent: cost 0 ms end.
V/SMCSAMSHelper( 1415): SMCSAMSHelper.smartTrimAddProcessRelation: cost 0 ms end.
D/KeyEvent( 1415): obtain, mHwFlags=0
D/HwPhoneWindowManager( 1415): HwPhoneWindowManager has intercept Key : 4, isdown : false, flags : 72
D/WindowManager( 1415): interceptKeyBeforeQueueing: key 4 , result : 1
D/KeyEvent( 1415): obtain, mHwFlags=-1498796728
D/KeyEvent( 4790): obtain, mHwFlags=2
D/KeyEvent( 1415): obtain, mHwFlags=0
D/KeyEvent( 2381): obtain, mHwFlags=0
V/AudioManager( 2099): querySoundEffectsEnabled...
D/VM_BMS  (  466): wake_lock acquired
D/VM_BMS  (  466): New BMS data - Size=56
D/VM_BMS  (  466): Start process_bms_data
D/VM_BMS  (  466): For batt_temp=314 fcc_mah=3101
D/VM_BMS  (  466): For ocv=3833340 batt_temp=314 soc=50
D/VM_BMS  (  466): fifo_count=5 acc_count=0
D/VM_BMS  (  466): INIT: ocv=3833340 last_ocv=3833340 batt_temp=314 soc=50
D/VM_BMS  (  466): For soc=50 batt_temp=314 slope=5800
D/VM_BMS  (  466): For soc=50 batt_temp=314 rbatt_sf=89
D/VM_BMS  (  466): rbatt_mohm_default=141, rbatt_mohm=125, sf=89 batt_temp=314
D/VM_BMS  (  466): For ocv=3833437 batt_temp=314 soc=50
D/VM_BMS  (  466): FIFO=0 fifo_avg=3.859577 rbatt=0.125000 slope=0.580000 ibatt=-0.209506 ocv=3.833437 soc=50 fcc_ah=3.101000 sample_count=128 sample_interval=70 seq_num=6746
D/VM_BMS  (  466): For soc=50 batt_temp=314 slope=5800
D/VM_BMS  (  466): For soc=50 batt_temp=314 rbatt_sf=89
D/VM_BMS  (  466): rbatt_mohm_default=141, rbatt_mohm=125, sf=89 batt_temp=314
D/VM_BMS  (  466): For ocv=3833582 batt_temp=314 soc=50
D/VM_BMS  (  466): FIFO=1 fifo_avg=3.872544 rbatt=0.125000 slope=0.580000 ibatt=-0.312275 ocv=3.833582 soc=50 fcc_ah=3.101000 sample_count=128 sample_interval=70 seq_num=6746
D/VM_BMS  (  466): For soc=50 batt_temp=314 slope=5800
D/VM_BMS  (  466): For soc=50 batt_temp=314 rbatt_sf=89
D/VM_BMS  (  466): rbatt_mohm_default=141, rbatt_mohm=125, sf=89 batt_temp=314
D/VM_BMS  (  466): For ocv=3833733 batt_temp=314 soc=50
D/VM_BMS  (  466): FIFO=2 fifo_avg=3.874311 rbatt=0.125000 slope=0.580000 ibatt=-0.325227 ocv=3.833733 soc=50 fcc_ah=3.101000 sample_count=128 sample_interval=70 seq_num=6746
D/VM_BMS  (  466): For soc=50 batt_temp=314 slope=5800
D/VM_BMS  (  466): For soc=50 batt_temp=314 rbatt_sf=89
D/VM_BMS  (  466): rbatt_mohm_default=141, rbatt_mohm=125, sf=89 batt_temp=314
D/VM_BMS  (  466): For ocv=3833749 batt_temp=314 soc=50
D/VM_BMS  (  466): FIFO=3 fifo_avg=3.838077 rbatt=0.125000 slope=0.580000 ibatt=-0.034687 ocv=3.833749 soc=50 fcc_ah=3.101000 sample_count=128 sample_interval=70 seq_num=6746
D/VM_BMS  (  466): For soc=50 batt_temp=314 slope=5800
D/VM_BMS  (  466): For soc=50 batt_temp=314 rbatt_sf=89
D/VM_BMS  (  466): rbatt_mohm_default=141, rbatt_mohm=125, sf=89 batt_temp=314
D/VM_BMS  (  466): For ocv=3833650 batt_temp=314 soc=50
D/VM_BMS  (  466): FIFO=4 fifo_avg=3.807147 rbatt=0.125000 slope=0.580000 ibatt=0.212421 ocv=3.833650 soc=50 fcc_ah=3.101000 sample_count=128 sample_interval=70 seq_num=6746
I/VM_BMS  (  466): power_supply_update: ocv_uv=3833650 ibatt=212420 soc=50 seq_num=6746
D/VM_BMS  (  466): End process_bms_data
D/VM_BMS  (  466): wake_lock released
D/KeyEvent( 1415): obtain, mHwFlags=0
D/HwPhoneWindowManager( 1415): HwPhoneWindowManager has intercept Key : 4, isdown : true, flags : 72
D/WindowManager( 1415): interceptKeyBeforeQueueing: key 4 , result : 1
D/KeyEvent( 1415): obtain, mHwFlags=-1498796728
D/KeyEvent( 4790): obtain, mHwFlags=2
D/KeyEvent( 2381): obtain, mHwFlags=0
D/KeyEvent( 1415): obtain, mHwFlags=0
D/KeyEvent( 1415): obtain, mHwFlags=0
D/HwPhoneWindowManager( 1415): HwPhoneWindowManager has intercept Key : 4, isdown : false, flags : 72
D/WindowManager( 1415): interceptKeyBeforeQueueing: key 4 , result : 1
D/KeyEvent( 1415): obtain, mHwFlags=-1498796728
D/KeyEvent( 1415): obtain, mHwFlags=0
D/KeyEvent( 4790): obtain, mHwFlags=2
D/KeyEvent( 2381): obtain, mHwFlags=0
V/AudioManager( 2099): querySoundEffectsEnabled...
I/SendBroadcastPermission( 4790): action:com.tencent.mm.ui.ACTION_DEACTIVE, mPermissionType:0
V/AudioManager( 4790): getMode...
V/AudioManager( 4790): isSpeakerphoneOn...
I/ActivityManager( 1415): collectReceiverComponents for intent: Intent { act=com.tencent.mm.ui.ACTION_DEACTIVE flg=0x10 (has extras) }, receivers: null
V/AudioManager( 4790): isBluetoothScoOn...
V/AudioManager( 4790): isBluetoothA2dpOn...
V/AudioManager( 4790): isBluetoothScoOn...
V/AudioManager( 4790): isBluetoothA2dpOn...
V/AudioManager( 4790): isBluetoothScoOn...
V/AudioManager( 4790): getMode...
V/AudioManager( 4790): isSpeakerphoneOn...
V/AudioManager( 4790): isBluetoothScoOn...
V/AudioManager( 4790): isBluetoothA2dpOn...
V/AudioManager( 4790): isBluetoothScoOn...
V/AudioManager( 4790): isBluetoothA2dpOn...
I/SendBroadcastPermission( 4790): action:com.tencent.mm.ui.ACTION_ACTIVE, mPermissionType:0
I/ActivityManager( 1415): collectReceiverComponents for intent: Intent { act=com.tencent.mm.ui.ACTION_ACTIVE flg=0x10 (has extras) }, receivers: null
I/SendBroadcastPermission( 4790): action:com.tencent.mm.ui.ACTION_ACTIVE, mPermissionType:0
I/ActivityManager( 1415): collectReceiverComponents for intent: Intent { act=com.tencent.mm.ui.ACTION_ACTIVE flg=0x10 (has extras) }, receivers: null
V/SMCSAMSHelper( 1415): SMCSAMSHelper.addSTPEvent: cost 0 ms end.
V/SMCSAMSHelper( 1415): SMCSAMSHelper.smartTrimAddProcessRelation: cost 0 ms end.
D/HwInputMethodManagerService( 1415): ------------startInput--------------
D/HwInputMethodManagerService( 1415): hideSecSoftInput = false
V/SMCSAMSHelper( 1415): SMCSAMSHelper.addSTPEvent: cost 0 ms end.
V/SMCSAMSHelper( 1415): SMCSAMSHelper.smartTrimAddProcessRelation: cost 0 ms end.
I/SendBroadcastPermission( 4790): action:null, mPermissionType:0
I/ActivityManager( 1415): collectReceiverComponents for intent: Intent { flg=0x10 cmp=com.tencent.mm/.plugin.appbrand.task.AppBrandTaskPreloadReceiver }, receivers: [ResolveInfo{c9a2632 com.tencent.mm/.plugin.appbrand.task.AppBrandTaskPreloadReceiver m=0x0 euid=0}]
V/SMCSAMSHelper( 1415): SMCSAMSHelper.addSTPEvent: cost 1 ms end.
V/SMCSAMSHelper( 1415): SMCSAMSHelper.smartTrimAddProcessRelation: cost 1 ms end.
I/SendBroadcastPermission( 4790): action:null, mPermissionType:0
I/ActivityManager( 1415): collectReceiverComponents for intent: Intent { flg=0x10 cmp=com.tencent.mm/.plugin.appbrand.task.AppBrandTaskPreloadReceiver }, receivers: [ResolveInfo{1f1af83 com.tencent.mm/.plugin.appbrand.task.AppBrandTaskPreloadReceiver m=0x0 euid=0}]
V/SMCSAMSHelper( 1415): SMCSAMSHelper.addSTPEvent: cost 0 ms end.
V/SMCSAMSHelper( 1415): SMCSAMSHelper.smartTrimAddProcessRelation: cost 0 ms end.
V/SMCSAMSHelper( 1415): SMCSAMSHelper.addSTPEvent: cost 0 ms end.
V/SMCSAMSHelper( 1415): SMCSAMSHelper.smartTrimAddProcessRelation: cost 1 ms end.
V/SMCSAMSHelper( 1415): SMCSAMSHelper.addSTPEvent: cost 0 ms end.
V/SMCSAMSHelper( 1415): SMCSAMSHelper.smartTrimAddProcessRelation: cost 0 ms end.
V/SMCSAMSHelper( 1415): SMCSAMSHelper.addSTPEvent: cost 0 ms end.
V/SMCSAMSHelper( 1415): SMCSAMSHelper.smartTrimAddProcessRelation: cost 0 ms end.
D/KeyEvent( 1415): obtain, mHwFlags=0
D/HwPhoneWindowManager( 1415): HwPhoneWindowManager has intercept Key : 4, isdown : true, flags : 72
D/WindowManager( 1415): interceptKeyBeforeQueueing: key 4 , result : 1
D/KeyEvent( 1415): obtain, mHwFlags=-1498796728
D/KeyEvent( 1415): obtain, mHwFlags=0
D/KeyEvent( 4790): obtain, mHwFlags=2
D/KeyEvent( 2381): obtain, mHwFlags=0
W/Settings( 4790): Setting wifi_sleep_policy has moved from android.provider.Settings.System to android.provider.Settings.Global, returning read-only value.
I/ActivityManager( 1415): moveTaskToBack: TaskRecord{bf87cb4 #76348 A=com.tencent.mm U=0 sz=1}
D/ActivityManager( 1415): will to back home,Returns from TaskRecord{bf87cb4 #76348 A=com.tencent.mm U=0 sz=1}
V/HwWindowManagerService( 1415): moveTaskToTop mTaskChanged:true
I/SendBroadcastPermission( 1415): action:com.android.server.wm.addview.preventnotify, mPermissionType:0
V/HwWindowManagerService( 1415): setFocusedApp update app ops, mTaskChanged set to:false
I/HwWindowManagerService( 1415): this win:Window{26f79de u0 com.tencent.mtt} hase children size:0
D/KeyEvent( 4790): obtain, mHwFlags=2
D/KeyEvent( 2381): obtain, mHwFlags=0
I/2DSDR   ( 4790): APS: 2DSDR: AbsListView.FlingRunnable.endFling, we will clear SDR ratio
I/2DSDR   ( 4790): APS: 2DSDR: AbsListView.FlingRunnable.endFling, we will clear SDR ratio
I/ActivityManager( 1415): collectReceiverComponents for intent: Intent { act=com.android.server.wm.addview.preventnotify flg=0x10 (has extras) }, receivers: null
W/ViewRootImpl( 4790): Cancelling event due to no window focus: KeyEvent { action=ACTION_UP, keyCode=KEYCODE_BACK, scanCode=0, metaState=0, flags=0x68, hwFlags=0x2, repeatCount=0, eventTime=74913084, downTime=74913056, deviceId=-1, source=0x101 }
W/ViewRootImpl( 4790): Cancelling event due to no window focus: KeyEvent { action=ACTION_UP, keyCode=KEYCODE_BACK, scanCode=0, metaState=0, flags=0x68, hwFlags=0x2, repeatCount=0, eventTime=74913084, downTime=74913056, deviceId=-1, source=0x101 }
W/ViewRootImpl( 4790): Cancelling event due to no window focus: KeyEvent { action=ACTION_UP, keyCode=KEYCODE_BACK, scanCode=0, metaState=0, flags=0x68, hwFlags=0x2, repeatCount=0, eventTime=74913084, downTime=74913056, deviceId=-1, source=0x101 }
W/ViewRootImpl( 4790): Cancelling event due to no window focus: KeyEvent { action=ACTION_UP, keyCode=KEYCODE_BACK, scanCode=0, metaState=0, flags=0x68, hwFlags=0x2, repeatCount=0, eventTime=74913084, downTime=74913056, deviceId=-1, source=0x101 }
W/ViewRootImpl( 4790): Cancelling event due to no window focus: KeyEvent { action=ACTION_UP, keyCode=KEYCODE_BACK, scanCode=0, metaState=0, flags=0x68, hwFlags=0x2, repeatCount=0, eventTime=74913084, downTime=74913056, deviceId=-1, source=0x101 }
W/ViewRootImpl( 4790): Cancelling event due to no window focus: KeyEvent { action=ACTION_UP, keyCode=KEYCODE_BACK, scanCode=0, metaState=0, flags=0x68, hwFlags=0x2, repeatCount=0, eventTime=74913084, downTime=74913056, deviceId=-1, source=0x101 }
D/KeyEvent( 1415): obtain, mHwFlags=0
D/HwPhoneWindowManager( 1415): HwPhoneWindowManager has intercept Key : 4, isdown : false, flags : 72
D/WindowManager( 1415): interceptKeyBeforeQueueing: key 4 , result : 1
I/SendBroadcastPermission( 4790): action:com.tencent.mm.ui.ACTION_DEACTIVE, mPermissionType:0
D/KeyEvent( 1415): obtain, mHwFlags=-1498796728
I/InputDispatcher( 1415): touch process [0], send to pg
I/SendBroadcastPermission( 4790): action:com.tencent.mm.ui.ACTION_DEACTIVE, mPermissionType:0
V/AudioManager( 2099): querySoundEffectsEnabled...
I/SendBroadcastPermission( 4790): action:com.tencent.mm.ui.ACTION_DEACTIVE, mPermissionType:0
I/SendBroadcastPermission( 4790): action:com.tencent.mm.ui.ACTION_DEACTIVE, mPermissionType:0
I/ActivityManager( 1415): collectReceiverComponents for intent: Intent { act=com.tencent.mm.ui.ACTION_DEACTIVE flg=0x10 (has extras) }, receivers: null
I/ActivityManager( 1415): collectReceiverComponents for intent: Intent { act=com.tencent.mm.ui.ACTION_DEACTIVE flg=0x10 (has extras) }, receivers: null
I/ActivityManager( 1415): collectReceiverComponents for intent: Intent { act=com.tencent.mm.ui.ACTION_DEACTIVE flg=0x10 (has extras) }, receivers: null
I/ActivityManager( 1415): collectReceiverComponents for intent: Intent { act=com.tencent.mm.ui.ACTION_DEACTIVE flg=0x10 (has extras) }, receivers: null
I/SendBroadcastPermission( 4790): action:com.tencent.mm.ui.ACTION_DEACTIVE, mPermissionType:0
I/ActivityManager( 1415): collectReceiverComponents for intent: Intent { act=com.tencent.mm.ui.ACTION_DEACTIVE flg=0x10 (has extras) }, receivers: null
W/PGApi_client( 2502): recv actoionId = 10010, action = com.huawei.pgmng.PGAction@4c86395 actionId =10010 pkg =com.huawei.android.launcher extend1 =17123 extend2 = flag =3 type =1
W/PGMiddleWare( 2502): in handleAction method, action = 10010
W/PGMiddleWare( 2502): in handleAction, invoke client = com.huawei.pgmng.middleware.AudioEffectLowPowerImpl@6474d16, action = com.huawei.pgmng.PGAction@4c86395 actionId =10010 pkg =com.huawei.android.launcher extend1 =17123 extend2 = flag =3 type =1
V/AudioManager( 2502): isMusicActive...
V/SMCSAMSHelper( 1415): SMCSAMSHelper.addSTPEvent: cost 0 ms end.
V/SMCSAMSHelper( 1415): SMCSAMSHelper.smartTrimProcessPackageResume: cost time 0 ms end.
I/LightsService( 1415): setLcdRatio ratio:100 autoAdjust:false
I/HwLauncher( 2596): Launcher onStart()
I/HwLauncher( 2596): Launcher dynamicIconsRegister
I/HwLauncher( 2596): DynamicUpdater registerReceiver
I/HwLauncher( 2596): DynamicUpdater call updateFolder
I/HwLauncher( 2596): WeatherDynamicUpdaterpositiveUpdate at WeatherDynamicUpdater
I/HwLauncher( 2596): DynamicIcon onResume  isvisible = true   mAttachedToWindow:false    mWindowVisible:falsecom.huawei.android.totemweather
V/SMCSAMSHelper( 1415): SMCSAMSHelper.addSTPEvent: cost 0 ms end.
V/SMCSAMSHelper( 1415): SMCSAMSHelper.smartTrimAddProcessRelation: cost 0 ms end.
I/HwSystemManager( 2349): NotificationGuideService:handle MSG_ACTIVIY_FOREGROUND, uid:10048
I/HwLauncher( 2596): DynamicUpdater registerReceiver
D/TotemWeather(21415): WeatherProvider call method = IS_FROM_LAUNCHER
I/TotemWeather(21415): Utils launcherIntent for weather DynamicIcon
D/TotemWeather(21415): DynamicIconUpdater the dynamic drawable is already exist
E/TotemWeather(21415): WidgetUtils getWidgetShowCityInfo return myLocation
I/HwLauncher( 2596): DynamicUpdater call updateFolder
D/TotemWeather(21415): Utils launcherIntent flag = true,curTemperature = 27.777779,iconIndex=38
I/HwLauncher( 2596): DynamicIcon onResume  isvisible = false   mAttachedToWindow:true    mWindowVisible:falsecom.android.deskclock
I/HwLauncher( 2596): DynamicUpdater registerReceiver
D/TotemWeather(21415): Utils dynamicIconWidth [192,192] digitalIconWidth [42,192] padding = 54,topPadding=0
I/SendBroadcastPermission(21415): action:com.huawei.android.action.launcher_weather_icon_change, mPermissionType:0
I/HwLauncher( 2596): DynamicUpdater call updateFolder
I/HwLauncher( 2596): DynamicIcon onResume  isvisible = false   mAttachedToWindow:true    mWindowVisible:falsecom.android.calendar
I/HwLauncher( 2596): Launcher  Launcher.onStart() cost 12 ms
I/HwLauncher( 2596): Launcher onResume()
E/HwLauncher( 2596): SettingsEx , no such field.
W/HwLauncher( 2596): Clock getDataFormat the getSystemString failed.
I/HwLauncher( 2596): Launcher doResumeWork()
I/HwLauncher( 2596): Launcher.MotionManager startMotionAppsReco begin,flg = 402
I/HwLauncher( 2596): Launcher  onResume mIsToUninstallApp = false
I/HwLauncher( 2596): Launcher  Launcher hot start cost 20 ms
D/MotionDetectionManager( 2596): startMotionAppsReco motionApps: 402
I/ActivityManager( 1415): collectReceiverComponents for intent: Intent { act=com.huawei.android.action.launcher_weather_icon_change flg=0x10 (has extras) }, receivers: null
V/SMCSAMSHelper( 1415): SMCSAMSHelper.addSTPEvent: cost 0 ms end.
V/SMCSAMSHelper( 1415): SMCSAMSHelper.smartTrimAddProcessRelation: cost 0 ms end.
D/TotemWeather( 2596): DualWeatherWidgetView onMeasure mWidth=1055,mHeight=354,oldWidth=1055,oldHeight=354,viewMode = 10141,twoGridHeight = 554
D/TotemWeather( 2596): WidgetWeatherMediumView onMeasure mWidth=1055,mHeight=354,oldWidth=1055,oldHeight=354, viewMode = [mCurrViewMode=10141, mNeedSplitLine=true,mIsOverTwoGrid=false, mTag=SIMGLE_CITY]
W/InputDispatcher( 1415): Asynchronous input event injection failed.
I/InputDispatcher( 1415): Dropped event because the current application is not responding and the user has started interacting with a different application.
D/KeyEvent( 1415): obtain, mHwFlags=0
I/MsgPolicyThreshold( 2502): setThreshold,value:-1,actionId:236
D/KeyEvent( 1415): obtain, mHwFlags=0
D/MRUtils ( 2596): getMotionEnableState enabled: 1
I/MsgPolicyThreshold( 2502): write ok
D/HwPhoneWindowManager( 1415): HwPhoneWindowManager has intercept Key : 4, isdown : true, flags : 72
D/WindowManager( 1415): interceptKeyBeforeQueueing: key 4 , result : 1
D/KeyEvent( 1415): obtain, mHwFlags=-1498796728
D/HwPhoneWindowManager( 1415): Transact:setSystemUIColor to status bar service
D/KeyEvent( 1415): obtain, mHwFlags=0
V/HwPhoneWindowManager( 1415): updateSystemUiColorLw window=Window{a039cc7 u0 com.huawei.android.launcher/com.huawei.android.launcher.Launcher},EmuiStyle=-1,StatusBarColor=0xfff0f0f0,NavigationBarColor=0x0
D/CommandQueue( 2099): CommandQueue, onTransaction
D/CommandQueue( 2099): CommandQueue, setBarBackgroundColor
D/KeyEvent( 2596): obtain, mHwFlags=0
I/HwLauncher( 2596): WeatherDynamicUpdaterreceive action = com.huawei.android.action.launcher_weather_icon_change
D/KeyEvent( 1415): obtain, mHwFlags=-1984202505
I/HwLauncher( 2596): WeatherDynamicUpdaterreceiver data is int[] = [0, 0, 54, 0, 96, 0, 138, 0]
I/HwLauncher( 2596):  stringArray[] [mostlycloudy, num2, num8, tempc]
D/TintManager( 2099): isEmuiStyle=-1, statusBarColor=fff0f0f0, navigationColor=0
D/TintManager( 2099): updateBarBgColor:emuiStyle=-1,statusBarColor=#FFF0F0F0,navigationBarColor=#00000000
W/ViewRootImpl( 2596): Dropping event due to no window focus: KeyEvent { action=ACTION_DOWN, keyCode=KEYCODE_BACK, scanCode=0, metaState=0, flags=0x48, hwFlags=0x0, repeatCount=0, eventTime=74913208, downTime=74913208, deviceId=-1, source=0x101 }
D/TintManager( 2099): statusBarIconTint=#BE000000,navigationBarIconTint=#00000000
D/TintManager( 2099): updateBarTint
D/MRUtils ( 2596): getMotionEnableState enabled: 0
W/MotionDetectionManager( 2596): startMotionAppsReco motionApps: 402 disabled
W/HwLauncher( 2596): Launcher.MotionManager startMotionAppsReco service flg 402 is unavailable
I/HwLauncher( 2596): Launcher.MotionManager , start MotionApps Reco end.
D/MyLayout( 2596): onWindowFocusChanged ...stop..refesh
I/TotemWeather( 2596): AbstractDualWeatherWidgetHomeView onWindowFocusChanged, hasWindowFocus= true
V/SMCSAMSHelper( 1415): SMCSAMSHelper.addSTPEvent: cost 0 ms end.
V/SMCSAMSHelper( 1415): SMCSAMSHelper.smartTrimAddProcessRelation: cost 0 ms end.
D/ImageWallpaper( 2099): onOffsetsChanged: xOffset=0.0, yOffset=0.0, xOffsetStep=0.0, yOffsetStep=0.0, xPixels=0, yPixels=0
D/ImageWallpaper( 2099): onVisibilityChanged: mVisible, visible=false, true
D/ImageWallpaper( 2099): Suppressed drawFrame since redraw is not needed and offsets have not changed. rotation new/old: 0/0, width new/old: 2160/2160, height new/old: 1920/1920, offsetChanged: false
D/ImageWallpaper( 2099): Suppressed drawFrame since redraw is not needed and offsets have not changed. rotation new/old: 0/0, width new/old: 2160/2160, height new/old: 1920/1920, offsetChanged: false
D/CubicBezierInterpolator( 1415): CubicBezierInterpolator  mControlPoint1x = 0.5, mControlPoint1y = 0.2, mControlPoint2x = 0.6, mControlPoint2y = 1.0
D/CubicBezierInterpolator( 1415): CubicBezierInterpolator  mControlPoint1x = 0.5, mControlPoint1y = 0.2, mControlPoint2x = 0.6, mControlPoint2y = 1.0
D/TotemWeather(21415): WeatherProvider call method = query_my_location_change
D/TotemWeather( 2596): WidgetUtils checkLocationCityChange->changed:false
I/TotemWeather( 2596): WidgetUtils cityinfo or weatherinfo is null
D/KeyEvent( 1415): obtain, mHwFlags=0
D/HwPhoneWindowManager( 1415): HwPhoneWindowManager has intercept Key : 4, isdown : false, flags : 72
D/WindowManager( 1415): interceptKeyBeforeQueueing: key 4 , result : 1
D/KeyEvent( 1415): obtain, mHwFlags=-1498796728
D/KeyEvent( 1415): obtain, mHwFlags=0
W/qdhwcomposer(  366): eglGpuPerfHintQCOM failed for Built in display
D/KeyEvent( 2596): obtain, mHwFlags=0
D/PhoneStatusBar( 2099): setSystemUiVisibility vis=c0000700 mask=ffffffff oldVal=8700 newVal=c0000700 diff=c0008000
D/PhoneStatusBar( 2099): sbMode=2, nbMode=2mStatusBarMode=5, mNavigationBarMode=5
D/BarTransitions.PhoneStatusBarView( 2099): MODE_TRANSPARENT -> MODE_TRANSLUCENT animate=false
D/BarTransitions.PhoneStatusBarView( 2099): applyModeBackground MODE_TRANSLUCENT animate=false,mGradientBackground=true
D/BarTransitions.PhoneStatusBarView( 2099): Hide color layer
D/BarTransitions.NavigationBarView( 2099): MODE_TRANSPARENT -> MODE_TRANSLUCENT animate=false
D/BarTransitions.NavigationBarView( 2099): applyModeBackground MODE_TRANSLUCENT animate=false,mGradientBackground=true
D/BarTransitions.NavigationBarView( 2099): Hide color layer
D/TintManager( 2099): updateBarTint
V/AudioManager( 2099): querySoundEffectsEnabled...
V/SMCSAMSHelper( 1415): SMCSAMSHelper.addSTPEvent: cost 0 ms end.
V/SMCSAMSHelper( 1415): SMCSAMSHelper.smartTrimAddProcessRelation: cost 0 ms end.
V/SMCSAMSHelper( 1415): SMCSAMSHelper.addSTPEvent: cost 1 ms end.
V/SMCSAMSHelper( 1415): SMCSAMSHelper.smartTrimAddProcessRelation: cost 1 ms end.
W/qdhwcomposer(  366): eglGpuPerfHintQCOM failed for Built in display
D/KeyEvent( 2381): obtain, mHwFlags=0
W/qdhwcomposer(  366): eglGpuPerfHintQCOM failed for Built in display
D/KeyEvent( 1415): obtain, mHwFlags=-1984202505
V/SMCSAMSHelper( 1415): SMCSAMSHelper.addSTPEvent: cost 0 ms end.
V/SMCSAMSHelper( 1415): SMCSAMSHelper.smartTrimAddProcessRelation: cost 0 ms end.
E/HwPowerMonitor.Utils( 2538): ERROR reading null
V/SMCSAMSHelper( 1415): SMCSAMSHelper.addSTPEvent: cost 0 ms end.
V/SMCSAMSHelper( 1415): SMCSAMSHelper.smartTrimAddProcessRelation: cost 1 ms end.
W/qdhwcomposer(  366): eglGpuPerfHintQCOM failed for Built in display
V/SMCSAMSHelper( 1415): SMCSAMSHelper.addSTPEvent: cost 0 ms end.
V/SMCSAMSHelper( 1415): SMCSAMSHelper.smartTrimAddProcessRelation: cost 0 ms end.
W/qdhwcomposer(  366): eglGpuPerfHintQCOM failed for Built in display
V/SMCSAMSHelper( 1415): SMCSAMSHelper.addSTPEvent: cost 0 ms end.
V/SMCSAMSHelper( 1415): SMCSAMSHelper.smartTrimAddProcessRelation: cost 0 ms end.
V/SMCSAMSHelper( 1415): SMCSAMSHelper.addSTPEvent: cost 0 ms end.
V/SMCSAMSHelper( 1415): SMCSAMSHelper.smartTrimAddProcessRelation: cost 0 ms end.
W/qdhwcomposer(  366): eglGpuPerfHintQCOM failed for Built in display
W/qdhwcomposer(  366): eglGpuPerfHintQCOM failed for Built in display
W/qdhwcomposer(  366): eglGpuPerfHintQCOM failed for Built in display
W/qdhwcomposer(  366): eglGpuPerfHintQCOM failed for Built in display
W/qdhwcomposer(  366): eglGpuPerfHintQCOM failed for Built in display
W/qdhwcomposer(  366): eglGpuPerfHintQCOM failed for Built in display
W/ActivityManager( 1415): getRunningAppProcesses: caller 10104 does not hold REAL_GET_TASKS; limiting output
W/ActivityManager( 1415): getRunningAppProcesses: caller 10104 does not hold REAL_GET_TASKS; limiting output
W/ActivityManager( 1415): getRunningAppProcesses: caller 10104 does not hold REAL_GET_TASKS; limiting output
W/ActivityManager( 1415): getRunningAppProcesses: caller 10104 does not hold REAL_GET_TASKS; limiting output
V/SMCSAMSHelper( 1415): SMCSAMSHelper.addSTPEvent: cost 0 ms end.
V/SMCSAMSHelper( 1415): SMCSAMSHelper.smartTrimAddProcessRelation: cost 0 ms end.
I/HwLauncher( 2596): Launcher.LauncherProvider  launcher-change_badge call - method:change_badge arg:null extras:Bundle[mParcelledData.dataSize=184] uid =10104 pid =4790
I/HwLauncher( 2596): Launcher.Settings  isChangeBadgeEnable = true
I/HwLauncher( 2596): Launcher.Settings  isOpenModeChangeBadgeEnable = true
I/HwLauncher( 2596): Launcher.LauncherProvider  rperm===com.huawei.android.launcher.permission.CHANGE_BADGE
I/HwLauncher( 2596): Launcher.LauncherProvider  begin check permission at checkPathPermissionForChangeBadge()
I/HwLauncher( 2596): Launcher.LauncherProvider  call isCloned = false  className = com.tencent.mm.ui.LauncherUI
I/HwLauncher( 2596): Launcher.LauncherProvider  badge table already has item ,execut update operation
I/HwLauncher( 2596): BadgeContentObserver onChange() : mComponentName = ComponentInfo{com.tencent.mm/com.tencent.mm.ui.LauncherUI} com.huawei.android.launcher.BadgeContentObserver@8912d2
E/ContentResolver( 4790): Unknown URI content://com.android.badge/badge
E/ContentResolver( 4790): Unknown URI content://com.android.badge/badge
E/ActivityThread( 4790): Failed to find provider info for com.android.badge
W/ActivityManager( 1415): getRunningAppProcesses: caller 10104 does not hold REAL_GET_TASKS; limiting output
E/ActivityThread( 4790): Failed to find provider info for com.android.badge
W/OpenGLRenderer( 2596): Incorrectly called buildLayer on View: ShortcutAndWidgetContainer, destroying layer...
W/OpenGLRenderer( 2596): Incorrectly called buildLayer on View: ShortcutAndWidgetContainer, destroying layer...
V/AlarmManager( 1415): set(PendingIntent{8f77e71: PendingIntentRecord{64d7456 com.tencent.mm broadcastIntent}}) : type=2 triggerAtTime=140573053 win=0 tElapsed=140573053 maxElapsed=140573053 interval=0 flags=0x9
V/AlarmManager( 1415): set(PendingIntent{8f0ecd7: PendingIntentRecord{c0889c4 com.tencent.mm broadcastIntent}}) : type=2 triggerAtTime=140573060 win=0 tElapsed=140573060 maxElapsed=140573060 interval=0 flags=0x9
I/SendBroadcastPermission( 4790): action:null, mPermissionType:0
I/ActivityManager( 1415): collectReceiverComponents for intent: Intent { flg=0x10 cmp=com.tencent.mm/.plugin.appbrand.task.AppBrandTaskPreloadReceiver }, receivers: [ResolveInfo{b3490ad com.tencent.mm/.plugin.appbrand.task.AppBrandTaskPreloadReceiver m=0x0 euid=0}]
W/ActivityManager( 1415): getRunningAppProcesses: caller 10104 does not hold REAL_GET_TASKS; limiting output
V/AlarmManager( 1415): set(PendingIntent{c447fe2: PendingIntentRecord{2ed7f73 com.tencent.mm broadcastIntent}}) : type=2 triggerAtTime=140183109 win=0 tElapsed=140183109 maxElapsed=140183109 interval=0 flags=0x9
W/ActivityManager( 1415): getRunningAppProcesses: caller 10104 does not hold REAL_GET_TASKS; limiting output
D/HwLauncher( 2596): Launcher.LauncherProvider  launcher-restore query - uri:content://com.huawei.android.launcher.settings/badge
I/HwLauncher( 2596): Launcher.LauncherProvider  queried count: 1
I/HwLauncher( 2596): BadgeContentObserver  getBadgeNumber: 1 mComponentName :ComponentInfo{com.tencent.mm/com.tencent.mm.ui.LauncherUI}
I/HwLauncher( 2596): BadgeContentObserver newBadgeNumber:1,oldBadgeNumber:1 mComponentName : ComponentInfo{com.tencent.mm/com.tencent.mm.ui.LauncherUI}
D/WifiHW  ( 1415): wifi_send_command: cmd:'IFNAME=wlan0 SIGNAL_POLL'
D/wpa_supplicant(14697): wlan0: Control interface command 'SIGNAL_POLL'
E/wpa_supplicant(14697): RSSI=-53;LINKSPEED=72;NOISE=9999;FREQUENCY=2412;
D/wpa_supplicant(14697): CTRL-DEBUG: global_ctrl_sock-sendto: sock=16 sndbuf=212992 outq=0 send_len=48
E/WifiConfigStore( 1415): updateConfiguration freq=2412 BSSID=0c:4b:54:ee:82:96 RSSI=-53 "ZhidaoOffice"WPA_PSK
I/HwLauncher( 2596):  FPSMonitor [Launcher , dispatchTouchEvent begin, false, true] down event  x = 511 y = 511
I/HwLauncher( 2596): Launcher  while lockScreenOrientation,isRotationEnabled is false!
I/HwLauncher( 2596):  FPSMonitor [PagedView , onIntercept] down event  x = 511 y = 511
I/HwLauncher( 2596):  FPSMonitor [Launcher , dispatchTouchEvent end, false, true] down event  x = 511 y = 511
I/HwLauncher( 2596):  FPSMonitor [Launcher , dispatchTouchEvent begin, false, true] up event  x = 511 y = 511
I/HwLauncher( 2596):  FPSMonitor [PagedView , onIntercept] up event  x = 511 y = 511
I/HwLauncher( 2596): QuickActionView hide() animated = true, fromSticky = true
I/HwLauncher( 2596): QuickActionView hide() action view has already hidden, return.
I/HwLauncher( 2596): Launcher mUnlockScreenRunnbale  getOrientationEnabled false 
I/HwLauncher( 2596):  FPSMonitor [Launcher , dispatchTouchEvent end, false, true] up event  x = 511 y = 511
V/AudioManager( 2596): playSoundEffect   effectType: 0
V/AudioManager( 2596): querySoundEffectsEnabled...
W/ResourceType( 2596): No known package when getting name for resource number 0x9c020203
I/HwLauncher( 2596): Launcher onclick begin com.huawei.android.launcher.BubbleTextView{d69a8d VFED..CL. ...P..ID 422,1182-633,1536 #9c020203}
I/HwLauncher( 2596): Launcher.Utilities  startActivitySafely useLaunchAnimation = true
I/HwLauncher( 2596): Launcher.Utilities  startActivitySafely begin startActivity() for current user
I/ActivityManager( 1415): resolve info: ResolveInfo{1e67e30 com.fly_web.yun/com.fly_app.fly_yun.MainActivity m=0x0 euid=0}, euid: 0
I/ActivityManager( 1415): START u0 {act=android.intent.action.MAIN cat=[android.intent.category.LAUNCHER] flg=0x10200000 cmp=com.fly_web.yun/com.fly_app.fly_yun.MainActivity bnds=[434,1152][645,1506]} from uid 10048 on display 0
I/HwUserBehaviourRecord( 1415): appEnterRecord---com.fly_web.yun
I/ActivityManager( 1415): ActivityRecord info: ActivityInfo{2b68aa9 com.fly_app.fly_yun.MainActivity}, euid=0
V/HwWindowManagerService( 1415): moveTaskToTop mTaskChanged:true
I/ActivityManager( 1415): create new task record, multiLaunchId: 0, intent = Intent { act=android.intent.action.MAIN cat=[android.intent.category.LAUNCHER] flg=0x10200000 cmp=com.fly_web.yun/com.fly_app.fly_yun.MainActivity }
V/HwWindowManagerService( 1415): moveTaskToTop mTaskChanged:true
V/HwWindowManagerService( 1415): moveTaskToTop mTaskChanged:true
I/HwLauncher( 2596): Launcher.Utilities  startActivitySafely end startActivity() for current user
I/HwLauncher( 2596): Launcher onclick end
I/SendBroadcastPermission( 1415): action:com.android.server.wm.addview.preventnotify, mPermissionType:0
I/HwLauncher( 2596): Launcher onPause()
V/HwWindowManagerService( 1415): setFocusedApp update app ops, mTaskChanged set to:false
I/HwWindowManagerService( 1415): this win:Window{26f79de u0 com.tencent.mtt} hase children size:0
I/ActivityManager( 1415): collectReceiverComponents for intent: Intent { act=com.android.server.wm.addview.preventnotify flg=0x10 (has extras) }, receivers: null
I/HwLauncher( 2596): Launcher.MotionManager stopMotionAppsReco begin,flg = 402
I/HwLauncher( 2596): Launcher.MotionManager stopMotionAppsReco begin,flg = 403
D/MotionDetectionManager( 2596): stopMotionAppsReco motionApps: 402
D/MotionDetectionManager( 2596): stopMotionAppsReco motionApps: 403
D/MotionDetectionManager( 2596): stopMotionAppsReco not recognition motionApps 402
D/MotionDetectionManager( 2596): stopMotionAppsReco not recognition motionApps 403
W/HwLauncher( 2596): Launcher.MotionManager stopMotionAppsReco service flg 402 is unavailable
W/HwLauncher( 2596): Launcher.MotionManager stopMotionAppsReco service flg 403 is unavailable
V/SMCSAMSHelper( 1415): SMCSAMSHelper.addSTPEvent: cost 0 ms end.
V/SMCSAMSHelper( 1415): SMCSAMSHelper.smartTrimProcessPackageResume: cost time 0 ms end.
I/ActivityManager( 1415): launch r: ActivityRecord{1169fcf u0 com.fly_web.yun/com.fly_app.fly_yun.MainActivity t76359}, uid = 10177, r.info.applicationInfo.euid  = 0
W/PGApi_client( 2502): recv actoionId = 10000, action = com.huawei.pgmng.PGAction@1e7fcaa actionId =10000 pkg =com.fly_web.yun extend1 =17125 extend2 = flag =3 type =1
W/PGMiddleWare( 2502): in handleAction method, action = 10000
W/PGMiddleWare( 2502): in handleAction, invoke client = com.huawei.pgmng.middleware.AudioEffectLowPowerImpl@6474d16, action = com.huawei.pgmng.PGAction@1e7fcaa actionId =10000 pkg =com.fly_web.yun extend1 =17125 extend2 = flag =3 type =1
V/AudioManager( 2502): isMusicActive...
V/ActivityThread(20830): ActivityThread,callActivityOnCreate
I/HwSystemManager( 2349): NotificationGuideService:handle MSG_ACTIVIY_FOREGROUND, uid:10177
D/MyLayout( 2596): onWindowFocusChanged ...stop..refesh
I/TotemWeather( 2596): AbstractDualWeatherWidgetHomeView onWindowFocusChanged, hasWindowFocus= false
I/AppCompatViewInflater(20830): app:theme is now deprecated. Please move to using android:theme instead.
D/PhoneStatusBar( 2099): setSystemUiVisibility vis=8600 mask=ffffffff oldVal=c0000700 newVal=8600 diff=c0008100
D/PhoneStatusBar( 2099): sbMode=5, nbMode=5mStatusBarMode=2, mNavigationBarMode=2
D/BarTransitions.PhoneStatusBarView( 2099): MODE_TRANSLUCENT -> MODE_TRANSPARENT animate=false
D/BarTransitions.PhoneStatusBarView( 2099): applyModeBackground MODE_TRANSPARENT animate=false,mGradientBackground=true
D/BarTransitions.PhoneStatusBarView( 2099): Show color layer
D/BarTransitions.NavigationBarView( 2099): MODE_TRANSLUCENT -> MODE_TRANSPARENT animate=false
D/BarTransitions.NavigationBarView( 2099): applyModeBackground MODE_TRANSPARENT animate=false,mGradientBackground=true
D/BarTransitions.NavigationBarView( 2099): Show color layer
D/TintManager( 2099): updateBarTint
W/qdhwcomposer(  366): eglGpuPerfHintQCOM failed for Built in display
W/qdhwcomposer(  366): eglGpuPerfHintQCOM failed for Built in display
W/qdhwcomposer(  366): eglGpuPerfHintQCOM failed for Built in display
D/CubicBezierInterpolator(20830): CubicBezierInterpolator  mControlPoint1x = 0.15, mControlPoint1y = 0.7, mControlPoint2x = 0.2, mControlPoint2y = 0.98
D/CubicBezierInterpolator(20830): CubicBezierInterpolator  mControlPoint1x = 0.6, mControlPoint1y = 0.9, mControlPoint2x = 0.8, mControlPoint2y = 1.0
V/BoostFramework(20830): BoostFramework() : mPerf = com.qualcomm.qti.Performance@37746a6
D/CubicBezierInterpolator(20830): CubicBezierInterpolator  mControlPoint1x = 0.15, mControlPoint1y = 0.7, mControlPoint2x = 0.2, mControlPoint2y = 0.98
D/CubicBezierInterpolator(20830): CubicBezierInterpolator  mControlPoint1x = 0.6, mControlPoint1y = 0.9, mControlPoint2x = 0.8, mControlPoint2y = 1.0
V/BoostFramework(20830): BoostFramework() : mPerf = com.qualcomm.qti.Performance@bb3d8e7
W/qdhwcomposer(  366): eglGpuPerfHintQCOM failed for Built in display
W/qdhwcomposer(  366): eglGpuPerfHintQCOM failed for Built in display
W/qdhwcomposer(  366): eglGpuPerfHintQCOM failed for Built in display
D/HwPhoneWindowManager( 1415): Transact:setSystemUIColor to status bar service
D/TintManager( 2099): isEmuiStyle=0, statusBarColor=ff292836, navigationColor=ff000000
W/qdhwcomposer(  366): eglGpuPerfHintQCOM failed for Built in display
D/TintManager( 2099): updateBarBgColor:emuiStyle=0,statusBarColor=#FF292836,navigationBarColor=#FF000000
D/BarTransitions.PhoneStatusBarView( 2099): setUseGradientBackground: true
D/BarTransitions.NavigationBarView( 2099): setUseGradientBackground: true
D/TintManager( 2099): statusBarIconTint=#FFFFFFFF,navigationBarIconTint=#FF000000
D/TintManager( 2099): updateBarTint
V/HwPhoneWindowManager( 1415): updateSystemUiColorLw window=Window{bd0a592 u0 com.fly_web.yun/com.fly_app.fly_yun.MainActivity},EmuiStyle=0,StatusBarColor=0xff292836,NavigationBarColor=0xff000000
D/CommandQueue( 2099): CommandQueue, onTransaction
D/CommandQueue( 2099): CommandQueue, setBarBackgroundColor
W/qdhwcomposer(  366): eglGpuPerfHintQCOM failed for Built in display
I/System.out(20830): Thread-9751---client connet >>>>> 10.11.24.243
I/System.out(20830): Thread-9751 readSocket await--- 
W/qdhwcomposer(  366): eglGpuPerfHintQCOM failed for Built in display
D/PhoneStatusBar( 2099): setSystemUiVisibility vis=8700 mask=ffffffff oldVal=8600 newVal=8700 diff=100
D/PhoneStatusBar( 2099): sbMode=-1, nbMode=-1mStatusBarMode=5, mNavigationBarMode=5
D/BarTransitions.PhoneStatusBarView( 2099): MODE_TRANSPARENT -> MODE_TRANSPARENT animate=false
D/BarTransitions.NavigationBarView( 2099): MODE_TRANSPARENT -> MODE_TRANSPARENT animate=false
D/TintManager( 2099): updateBarTint
W/qdhwcomposer(  366): eglGpuPerfHintQCOM failed for Built in display
W/qdhwcomposer(  366): eglGpuPerfHintQCOM failed for Built in display
W/qdhwcomposer(  366): eglGpuPerfHintQCOM failed for Built in display
W/qdhwcomposer(  366): eglGpuPerfHintQCOM failed for Built in display
W/qdhwcomposer(  366): eglGpuPerfHintQCOM failed for Built in display
I/System.out(20830): nioEventLoopGroup-3-1 channelRead0 countDown--- 
I/ActivityManager( 1415): Displayed com.fly_web.yun/com.fly_app.fly_yun.MainActivity: +320ms
V/SMCSAMSHelper( 1415): SMCSAMSHelper.addSTPEvent: cost 0 ms end.
V/SMCSAMSHelper( 1415): SMCSAMSHelper.smartTrimAddProcessRelation: cost 0 ms end.
D/PhoneStatusBar( 2099): setSystemUiVisibility vis=40008700 mask=ffffffff oldVal=8700 newVal=40008700 diff=40000000
D/PhoneStatusBar( 2099): sbMode=2, nbMode=-1mStatusBarMode=5, mNavigationBarMode=5
D/BarTransitions.PhoneStatusBarView( 2099): MODE_TRANSPARENT -> MODE_TRANSLUCENT animate=false
D/BarTransitions.PhoneStatusBarView( 2099): applyModeBackground MODE_TRANSLUCENT animate=false,mGradientBackground=true
D/BarTransitions.PhoneStatusBarView( 2099): Hide color layer
D/BarTransitions.NavigationBarView( 2099): MODE_TRANSPARENT -> MODE_TRANSPARENT animate=false
D/TintManager( 2099): updateBarTint
V/SMCSAMSHelper( 1415): SMCSAMSHelper.addSTPEvent: cost 0 ms end.
V/SMCSAMSHelper( 1415): SMCSAMSHelper.smartTrimAddProcessRelation: cost 0 ms end.
D/WebApp  (20830): [MainActivity] getBdShortDatas---- i == 
V/SMCSAMSHelper( 1415): SMCSAMSHelper.addSTPEvent: cost 0 ms end.
V/SMCSAMSHelper( 1415): SMCSAMSHelper.smartTrimAddProcessRelation: cost 1 ms end.
D/WebApp  (20830): [MainActivity] handleMessage msg.what 1
V/SMCSAMSHelper( 1415): SMCSAMSHelper.addSTPEvent: cost 0 ms end.
V/SMCSAMSHelper( 1415): SMCSAMSHelper.smartTrimAddProcessRelation: cost 1 ms end.
D/HwActivityManagerService( 1415): handleANRFilterFIFO,uid = 10104cmd = 0
D/ImageWallpaper( 2099): onVisibilityChanged: mVisible, visible=true, false
D/WebApp  (20830): [DownloadUtil] isUrlDownload path == /storage/emulated/0/download/nn.7z
D/WebApp  (20830): [MainActivity] file is not Download
D/ImageWallpaper( 2099): Suppressed drawFrame since redraw is not needed and offsets have not changed. rotation new/old: 0/0, width new/old: 2160/2160, height new/old: 1920/1920, offsetChanged: false
V/SMCSAMSHelper( 1415): SMCSAMSHelper.addSTPEvent: cost 0 ms end.
V/SMCSAMSHelper( 1415): SMCSAMSHelper.smartTrimAddProcessRelation: cost 0 ms end.
D/WebApp  (20830): [PermissionUtils] requestPermission requestCode:8
D/HwActivityManagerService( 1415): handleANRFilterFIFO,uid = 10104cmd = 1
V/SMCSAMSHelper( 1415): SMCSAMSHelper.addSTPEvent: cost 0 ms end.
V/SMCSAMSHelper( 1415): SMCSAMSHelper.smartTrimAddProcessRelation: cost 0 ms end.
D/WebApp  (20830): [PermissionUtils] ActivityCompat.checkSelfPermission ==== PackageManager.PERMISSION_GRANTED
V/SMCSAMSHelper( 1415): SMCSAMSHelper.addSTPEvent: cost 0 ms end.
V/SMCSAMSHelper( 1415): SMCSAMSHelper.smartTrimAddProcessRelation: cost 0 ms end.
V/SMCSAMSHelper( 1415): SMCSAMSHelper.addSTPEvent: cost 0 ms end.
V/SMCSAMSHelper( 1415): SMCSAMSHelper.smartTrimAddProcessRelation: cost 0 ms end.
D/WebApp  (20830): [DownloadUtil] isUrlDownload path == /storage/emulated/0/download/nn.7z
D/WebApp  (20830): [MainActivity] onRequestPermissionsResult file is not Download
V/SMCSAMSHelper( 1415): SMCSAMSHelper.addSTPEvent: cost 0 ms end.
V/SMCSAMSHelper( 1415): SMCSAMSHelper.smartTrimAddProcessRelation: cost 0 ms end.
V/SMCSAMSHelper( 1415): SMCSAMSHelper.addSTPEvent: cost 0 ms end.
V/SMCSAMSHelper( 1415): SMCSAMSHelper.smartTrimAddProcessRelation: cost 0 ms end.
I/System.out(20830): time 1小时前
I/System.out(20830): short ssss1530195023066
I/ActivityManager( 1415): retrieveServiceLocked, callerApp: ProcessRecord{edfa641 20830:com.fly_web.yun/u0a177}, flags: 400
I/ActivityManager( 1415): bindServiceLocked, r: ServiceRecord{ecf88de u0 euid: 0 com.fly_web.yun/com.fly_app.fly_yun.service.DownloadFileService}, euid: 0
I/System.out(20830): name XFADFNADFJKDLK1530195023066
I/System.out(20830): time 1小时前
I/System.out(20830): short ssss1530195022066
I/System.out(20830): name XFADFNADFJKDLK1530195022066
I/System.out(20830): time 1小时前
I/System.out(20830): short ssss1530195021066
I/System.out(20830): name XFADFNADFJKDLK1530195021066
I/System.out(20830): time 1小时前
I/System.out(20830): short ssss1530195020066
I/System.out(20830): name XFADFNADFJKDLK1530195020066
I/System.out(20830): time 1小时前
I/System.out(20830): short ssss1530195019066
I/System.out(20830): name XFADFNADFJKDLK1530195019066
I/System.out(20830): time 1小时前
I/System.out(20830): short ssss1530195018066
I/System.out(20830): name XFADFNADFJKDLK1530195018066
I/System.out(20830): time 1小时前
I/System.out(20830): short ssss1530195017066
I/System.out(20830): name XFADFNADFJKDLK1530195017066
I/System.out(20830): time 1小时前
I/System.out(20830): short ssss1530195016066
I/System.out(20830): name XFADFNADFJKDLK1530195016066
I/System.out(20830): time 1小时前
I/System.out(20830): short ssss1530195015066
I/System.out(20830): name XFADFNADFJKDLK1530195015066
I/System.out(20830): time 1小时前
I/System.out(20830): short ssss1530195014066
I/System.out(20830): name XFADFNADFJKDLK1530195014066
I/System.out(20830): time 1小时前
I/System.out(20830): short ssss1530195013066
I/System.out(20830): name XFADFNADFJKDLK1530195013066
I/System.out(20830): time 1小时前
I/System.out(20830): short ssss1530195012065
I/System.out(20830): name XFADFNADFJKDLK1530195012065
I/System.out(20830): time 1小时前
I/System.out(20830): short ssss1530195011064
I/System.out(20830): name XFADFNADFJKDLK1530195011064
I/System.out(20830): time 1小时前
I/System.out(20830): short ssss1530195010064
I/System.out(20830): name XFADFNADFJKDLK1530195010064
I/System.out(20830): time 1小时前
I/System.out(20830): short ssss1530195009063
I/System.out(20830): name XFADFNADFJKDLK1530195009063
I/System.out(20830): time 1小时前
I/System.out(20830): short ssss1530195008062
I/System.out(20830): name XFADFNADFJKDLK1530195008062
D/WebApp  (20830): [MainActivity] decryptBdShortListBean bean_list size: 16
I/art     ( 1415): Background partial concurrent mark sweep GC freed 51424(3MB) AllocSpace objects, 18(1720KB) LOS objects, 22% free, 55MB/71MB, paused 3.293ms total 212.750ms
D/WebApp  (20830): [DownloadFileService] onStartCommand
D/WebApp  (20830): [DownloadFileService] urlStr = https://github.com/nextmiracle/cfg/raw/master/nn.7z
D/WebApp  (20830): [DownloadFileService] downloadApk
I/System  (20830): core_booster, getBoosterConfig = false
D/WebApp  (20830): [MainActivity] onServiceConnected=
I/HwLauncher( 2596): Launcher mUnlockScreenRunnbale  getOrientationEnabled false 
I/HwLauncher( 2596): Launcher onStop()
I/HwMtmBroadcastResourceManager( 1415): removeReceiver mtm Broadcast
I/HwMtmBroadcastResourceManager( 1415): removeReceiver mtm Broadcast
I/HwMtmBroadcastResourceManager( 1415): removeReceiver mtm Broadcast
I/System  ( 2468): core_booster, getBoosterConfig = false
I/System  ( 2468): core_booster, getBoosterConfig = false
I/System  (20830): core_booster, getBoosterConfig = false
D/SharedPreferencesImpl( 7207): [Thread-Pool-SharePrefrence-1] writeToFile: [wifi_settings.xml] cost 1
D/SharedPreferencesImpl( 7207): [Thread-Pool-SharePrefrence-1] writeToFile: [wifi_settings.xml] cost 0
E/HwPowerMonitor.Utils( 2538): ERROR reading null
