--------- beginning of system
W/ActivityManager( 1415): getRunningAppProcesses: caller 10104 does not hold REAL_GET_TASKS; limiting output
I/ActivityManager( 1415): collectReceiverComponents for intent: Intent { act=com.tencent.mm.plugin.report.service.KVCommCrossProcessReceiver flg=0x10 cmp=com.tencent.mm/.plugin.report.service.KVCommCrossProcessReceiver (has extras) }, receivers: [ResolveInfo{8dea857 com.tencent.mm/.plugin.report.service.KVCommCrossProcessReceiver m=0x0 euid=0}]
I/ActivityManager( 1415): collectReceiverComponents for intent: Intent { act=android.intent.action.SIG_STR flg=0x20000010 (has extras) }, receivers: null
W/ActivityManager( 1415): getRunningAppProcesses: caller 10080 does not hold REAL_GET_TASKS; limiting output
I/ActivityManager( 1415): collectReceiverComponents for intent: Intent { act=android.intent.action.SIG_STR flg=0x20000010 (has extras) }, receivers: null
W/ActivityManager( 1415): getRunningAppProcesses: caller 10080 does not hold REAL_GET_TASKS; limiting output
I/ActivityManager( 1415): collectReceiverComponents for intent: Intent { act=android.intent.action.SIG_STR flg=0x20000010 (has extras) }, receivers: null
W/ActivityManager( 1415): getRunningAppProcesses: caller 10080 does not hold REAL_GET_TASKS; limiting output
I/ActivityManager( 1415): collectReceiverComponents for intent: Intent { act=android.intent.action.SIG_STR flg=0x20000010 (has extras) }, receivers: null
W/ActivityManager( 1415): getRunningAppProcesses: caller 10080 does not hold REAL_GET_TASKS; limiting output
I/ActivityManager( 1415): collectReceiverComponents for intent: Intent { act=android.intent.action.SIG_STR flg=0x20000010 (has extras) }, receivers: null
W/ActivityManager( 1415): getRunningAppProcesses: caller 10080 does not hold REAL_GET_TASKS; limiting output
I/ActivityManager( 1415): collectReceiverComponents for intent: Intent { act=android.intent.action.SIG_STR flg=0x20000010 (has extras) }, receivers: null
W/ActivityManager( 1415): getRunningAppProcesses: caller 10080 does not hold REAL_GET_TASKS; limiting output
I/ActivityManager( 1415): collectReceiverComponents for intent: Intent { act=android.intent.action.SIG_STR flg=0x20000010 (has extras) }, receivers: null
W/ActivityManager( 1415): getRunningAppProcesses: caller 10080 does not hold REAL_GET_TASKS; limiting output
W/ActivityManager( 1415): getTasks: caller 10104 does not hold REAL_GET_TASKS; limiting output
I/ActivityManager( 1415): collectReceiverComponents for intent: Intent { act=android.intent.action.SIG_STR flg=0x20000010 (has extras) }, receivers: null
W/ActivityManager( 1415): getRunningAppProcesses: caller 10080 does not hold REAL_GET_TASKS; limiting output
W/ActivityManager( 1415): getRunningAppProcesses: caller 10080 does not hold REAL_GET_TASKS; limiting output
D/HwBatteryService( 1415): onUEvent fcp_values = 0
D/WifiService( 1415): onReceive, action:android.intent.action.BATTERY_CHANGED
D/WifiService( 1415): ACTION_BATTERY_CHANGED pluggedType: 2
I/ActivityManager( 1415): collectReceiverComponents for intent: Intent { act=android.intent.action.SIG_STR flg=0x20000010 (has extras) }, receivers: null
W/ActivityManager( 1415): getRunningAppProcesses: caller 10080 does not hold REAL_GET_TASKS; limiting output
I/ActivityManager( 1415): collectReceiverComponents for intent: Intent { act=android.intent.action.SIG_STR flg=0x20000010 (has extras) }, receivers: null
W/ActivityManager( 1415): getRunningAppProcesses: caller 10080 does not hold REAL_GET_TASKS; limiting output
I/ActivityManager( 1415): collectReceiverComponents for intent: Intent { act=android.intent.action.SIG_STR flg=0x20000010 (has extras) }, receivers: null
W/ActivityManager( 1415): getRunningAppProcesses: caller 10080 does not hold REAL_GET_TASKS; limiting output
I/ActivityManager( 1415): collectReceiverComponents for intent: Intent { act=android.intent.action.SIG_STR flg=0x20000010 (has extras) }, receivers: null
W/ActivityManager( 1415): getRunningAppProcesses: caller 10080 does not hold REAL_GET_TASKS; limiting output
V/AlarmManager( 1415): sending alarm Alarm{8625f44 type 3 when 139533183 android},repeatInterval = 0
I/ActivityManager( 1415): collectReceiverComponents for intent: Intent { act=android.intent.action.SIG_STR flg=0x20000010 (has extras) }, receivers: null
W/ActivityManager( 1415): getRunningAppProcesses: caller 10080 does not hold REAL_GET_TASKS; limiting output
I/ActivityManager( 1415): collectReceiverComponents for intent: Intent { act=android.intent.action.SIG_STR flg=0x20000010 (has extras) }, receivers: null
W/ActivityManager( 1415): getRunningAppProcesses: caller 10080 does not hold REAL_GET_TASKS; limiting output
D/WifiService( 1415): onReceive, action:android.intent.action.BATTERY_CHANGED
D/WifiService( 1415): ACTION_BATTERY_CHANGED pluggedType: 2
I/ActivityManager( 1415): collectReceiverComponents for intent: Intent { act=android.intent.action.SIG_STR flg=0x20000010 (has extras) }, receivers: null
W/ActivityManager( 1415): getRunningAppProcesses: caller 10080 does not hold REAL_GET_TASKS; limiting output
W/ActivityManager( 1415): getRunningAppProcesses: caller 10080 does not hold REAL_GET_TASKS; limiting output
D/HwBatteryService( 1415): onUEvent fcp_values = 0
D/WifiService( 1415): onReceive, action:android.intent.action.BATTERY_CHANGED
D/WifiService( 1415): ACTION_BATTERY_CHANGED pluggedType: 2
I/ActivityManager( 1415): collectReceiverComponents for intent: Intent { act=android.intent.action.SIG_STR flg=0x20000010 (has extras) }, receivers: null
W/ActivityManager( 1415): getRunningAppProcesses: caller 10080 does not hold REAL_GET_TASKS; limiting output
I/ActivityManager( 1415): collectReceiverComponents for intent: Intent { act=android.intent.action.SIG_STR flg=0x20000010 (has extras) }, receivers: null
W/ActivityManager( 1415): getRunningAppProcesses: caller 10080 does not hold REAL_GET_TASKS; limiting output
W/ActivityManager( 1415): getTasks: caller 10080 does not hold REAL_GET_TASKS; limiting output
I/ActivityManager( 1415): collectReceiverComponents for intent: Intent { act=com.tencent.process.exit flg=0x10 (has extras) }, receivers: null
I/HwMtmBroadcastResourceManager( 1415): removeReceiver mtm Broadcast
I/HwMtmBroadcastResourceManager( 1415): removeReceiver mtm Broadcast
I/HwMtmBroadcastResourceManager( 1415): removeReceiver mtm Broadcast
I/HwMtmBroadcastResourceManager( 1415): removeReceiver mtm Broadcast
I/HwMtmBroadcastResourceManager( 1415): removeReceiver mtm Broadcast
I/HwMtmBroadcastResourceManager( 1415): removeReceiver mtm Broadcast
I/HwMtmBroadcastResourceManager( 1415): removeReceiver mtm Broadcast
I/ActivityManager( 1415): retrieveServiceLocked, callerApp: ProcessRecord{f14e220 11270:com.tencent.mobileqq:qzone/u0a80}, flags: 400
I/ActivityManager( 1415): retrieveServiceLocked, callerApp: ProcessRecord{f14e220 11270:com.tencent.mobileqq:qzone/u0a80}, flags: 400
I/HwMtmBroadcastResourceManager( 1415): removeReceiver mtm Broadcast
I/ActivityManager( 1415): Process com.tencent.mobileqq:qzone (pid 11270) has died
D/ActivityManager( 1415): cleanUpApplicationRecord -- 11270
D/WifiService( 1415): Client connection lost with reason: 4
I/ActivityManager( 1415): cleanUpApplicationRecordLocked, reset pid: 11270, euid: 0
I/ActivityManager( 1415): collectReceiverComponents for intent: Intent { act=android.intent.action.SIG_STR flg=0x20000010 (has extras) }, receivers: null
W/ActivityManager( 1415): getRunningAppProcesses: caller 10080 does not hold REAL_GET_TASKS; limiting output
I/ActivityManager( 1415): collectReceiverComponents for intent: Intent { act=android.intent.action.SIG_STR flg=0x20000010 (has extras) }, receivers: null
W/ActivityManager( 1415): getRunningAppProcesses: caller 10080 does not hold REAL_GET_TASKS; limiting output
I/ActivityManager( 1415): collectReceiverComponents for intent: Intent { act=android.intent.action.SIG_STR flg=0x20000010 (has extras) }, receivers: null
W/ActivityManager( 1415): getRunningAppProcesses: caller 10080 does not hold REAL_GET_TASKS; limiting output
I/ActivityManager( 1415): collectReceiverComponents for intent: Intent { act=com.tencent.process.exit flg=0x10 (has extras) }, receivers: null
W/ActivityManager( 1415): getRunningAppProcesses: caller 10080 does not hold REAL_GET_TASKS; limiting output
D/HwBatteryService( 1415): onUEvent fcp_values = 0
D/WifiService( 1415): onReceive, action:android.intent.action.BATTERY_CHANGED
D/WifiService( 1415): ACTION_BATTERY_CHANGED pluggedType: 2
I/PowerManagerService( 1415): Going to sleep due to screen timeout (uid 1000)...
D/HwInputMethodManagerService( 1415): ------------startInput--------------
D/HwInputMethodManagerService( 1415): hideSecSoftInput = false
V/AlarmManager( 1415): set(PendingIntent{5c82bb0: PendingIntentRecord{daa6a29 com.android.keyguard broadcastIntent}}) : type=2 triggerAtTime=139586467 win=0 tElapsed=139586469 maxElapsed=139586469 interval=0 flags=0x8
E/PowerManagerService( 1415): startDreaming = true
I/PowerManagerService( 1415): Sleeping (uid 1000)...
I/DisplayPowerController( 1415): checkPhoneWindowIsTop:pakcage name:com.fly_web.yun,ClassName name:com.fly_app.fly_yun.MainActivity
I/DisplayPowerController( 1415): set brightness to DIM brightness:4
D/DisplayPowerState( 1415): Updating screen state: state=ON, backlight=0
D/DisplayPowerState( 1415): Updating screen state: state=OFF, backlight=0
I/DisplayManagerService( 1415): Display device changed state: "内置屏幕", OFF
D/HwConnectivityService( 1415): mIntentReceiver begin
D/HwConnectivityService( 1415): CtrlSocket Receiver,disable: false locked: false action: android.intent.action.SCREEN_OFF mSmartKeyguardLevel: normal_level mStartPowerSaving: false
D/HwConnectivityService( 1415): receive screen off intent!
D/HwConnectivityService( 1415): wifi tethering: false
D/HwConnectivityService( 1415): Usb tethering: false
D/HwConnectivityService( 1415): bt tethering: false
D/HwConnectivityService( 1415): pluggedStatus: 2
D/HwConnectivityService( 1415): is charging: true
V/AlarmManager( 1415): set(PendingIntent{f3b5d74: PendingIntentRecord{e78529d android broadcastIntent}}) : type=2 triggerAtTime=143842143 win=300000 tElapsed=143842143 maxElapsed=144142143 interval=0 flags=0x8
D/WifiService( 1415): onReceive, action:android.intent.action.SCREEN_OFF
D/NetdConnector( 1415): SND -> {2908 bandwidth gettetherstats}
D/NetdConnector( 1415): RCV <- {200 2908 Tethering stats list completed}
D/NetdConnector( 1415): RCV <- {200 2908 Tethering stats list completed}
I/ActivityManager( 1415): retrieveServiceLocked, callerApp: ProcessRecord{2a42c87 2349:com.huawei.systemmanager:service/1000}, flags: 400
I/ActivityManager( 1415): bindServiceLocked, r: ServiceRecord{4567fe5 u0 euid: 0 com.huawei.systemmanager/.spacecleanner.autoclean.AutoCleanService}, euid: 0
V/NetworkPolicy( 1415): updateNetworkEnabledLocked()
V/NetworkPolicy( 1415): updateNotificationsLocked()
I/HwMtmBroadcastResourceManager( 1415): removeReceiver mtm Broadcast
W/ActivityManager( 1415): getTasks: caller 10080 does not hold REAL_GET_TASKS; limiting output
W/ActivityManager( 1415): getTasks: caller 10080 does not hold REAL_GET_TASKS; limiting output
I/HwPhoneWindowManager( 1415): OverscanTimeout run
I/ActivityManager( 1415): collectReceiverComponents for intent: Intent { act=com.tencent.QQBrowser.action.residentnotification.weather.timer.stop flg=0x10 }, receivers: null
I/ActivityManager( 1415): resolve info: ResolveInfo{ef43561 com.ss.android.ugc.aweme/com.ss.android.message.sswo.SswoActivity m=0x0 euid=0}, euid: 0
I/ActivityManager( 1415): START u0 {flg=0x10000000 cmp=com.ss.android.ugc.aweme/com.ss.android.message.sswo.SswoActivity} from uid 10164 on display 0
I/ActivityManager( 1415): ActivityRecord info: ActivityInfo{c2c2698 com.ss.android.message.sswo.SswoActivity}, euid=0
V/HwWindowManagerService( 1415): moveTaskToTop mTaskChanged:true
I/ActivityManager( 1415): create new task record, multiLaunchId: 0, intent = Intent { flg=0x10800000 cmp=com.ss.android.ugc.aweme/com.ss.android.message.sswo.SswoActivity }
V/HwWindowManagerService( 1415): moveTaskToTop mTaskChanged:true
I/ActivityManager( 1415): launch r: ActivityRecord{7845547 u0 com.ss.android.ugc.aweme/com.ss.android.message.sswo.SswoActivity t76357}, uid = 10164, r.info.applicationInfo.euid  = 0
V/HwWindowManagerService( 1415): moveTaskToTop mTaskChanged:true
V/HwWindowManagerService( 1415): setFocusedApp update app ops, mTaskChanged set to:false
I/HwWindowManagerService( 1415): this win:Window{26f79de u0 com.tencent.mtt} hase children size:0
I/ActivityManager( 1415): collectReceiverComponents for intent: Intent { act=com.android.server.wm.addview.preventnotify flg=0x10 (has extras) }, receivers: null
V/ActivityThread(16669): ActivityThread,callActivityOnCreate
I/ActivityManager( 1415): collectReceiverComponents for intent: Intent { act=android.intent.action.SIG_STR flg=0x20000010 (has extras) }, receivers: null
W/ActivityManager( 1415): getRunningAppProcesses: caller 10080 does not hold REAL_GET_TASKS; limiting output
D/SmartHeartBeat( 1415): setAlarmsPending ...
V/AlarmManager( 1415): Alarm triggering (type 0 or 2): [Alarm{ed5e0e0 type 2 when 139586467 com.android.keyguard}]
V/AlarmManager( 1415): sending alarm Alarm{ed5e0e0 type 2 when 139586467 com.android.keyguard},repeatInterval = 0
I/ActivityManager( 1415): collectReceiverComponents for intent: Intent { act=com.android.internal.policy.impl.PhoneWindowManager.DELAYED_KEYGUARD flg=0x14 (has extras) }, receivers: null
I/ActivityManager( 1415): collectReceiverComponents for intent: Intent { act=com.android.keyguard.keyguardlocked flg=0x24000010 }, receivers: null
I/HwActivityManagerService( 1415): OverscanTimeout run
D/Telecom ( 1415): TelecomServiceImpl: isInCall callState is 0
I/ActivityManager( 1415): collectReceiverComponents for intent: Intent { act=com.android.systemui.action.CHANGE_STATUSBAR_DISPLAYMODE flg=0x10 (has extras) }, receivers: null
I/ActivityManager( 1415): collectReceiverComponents for intent: Intent { act=com.android.keyguard.intent.action.ACTION_LYRICS flg=0x20000010 pkg=com.android.mediacenter (has extras) }, receivers: null
D/Telecom ( 1415): TelecomServiceImpl: isInCall callState is 0
D/Telecom ( 1415): TelecomServiceImpl: isInCall callState is 0
I/ActivityManager( 1415): collectReceiverComponents for intent: Intent { act=com.android.keyguard.intent.action.ACTION_LYRICS flg=0x20000010 pkg=com.android.mediacenter (has extras) }, receivers: null
V/KeyguardDisplayManager( 2118): show
I/ActivityManager( 1415): new Process app=ProcessRecord{3d3f841 0:com.huawei.android.totemweather/u0a73}, name: com.huawei.android.totemweather, euid: 0
I/ActivityManager( 1415): Start proc 19750:com.huawei.android.totemweather/u0a73 for content provider com.huawei.android.totemweather/.provider.WeatherProvider
V/ActivityManager_MU( 1415): Waiting to start provider ContentProviderRecord{a2ab1e6 u0 euid:0 com.huawei.android.totemweather/.provider.WeatherProvider} launchingApp=ProcessRecord{3d3f841 19750:com.huawei.android.totemweather/u0a73} caller pid= 2118
D/ActivityThread(19750): ActivityThread,attachApplication
D/ActivityManager( 1415): ActivityManagerService,attachApplication,callingPid = 19750
V/ActivityManager( 1415): New app record ProcessRecord{3d3f841 19750:com.huawei.android.totemweather/u0a73} thread=android.os.BinderProxy@4460327 pid=19750
I/ActivityManager( 1415): collectReceiverComponents for intent: Intent { act=com.android.keyguard.intent.action.ACTION_LYRICS flg=0x20000010 pkg=com.android.mediacenter (has extras) }, receivers: null
V/ActivityManager( 1415): Successfully start provider ContentProviderRecord{a2ab1e6 u0 euid:0 com.huawei.android.totemweather/.provider.WeatherProvider} launchingApp=ProcessRecord{3d3f841 19750:com.huawei.android.totemweather/u0a73} caller pid= 2118
W/ActivityManager( 1415): getRunningAppProcesses: caller 10073 does not hold REAL_GET_TASKS; limiting output
V/AlarmManager( 1415): set(PendingIntent{f85aac3: PendingIntentRecord{71f889e com.huawei.android.totemweather broadcastIntent}}) : type=0 triggerAtTime=1530277200000 win=0 tElapsed=215553183 maxElapsed=215553183 interval=0 flags=0x9
I/ActivityManager( 1415): retrieveServiceLocked, callerApp: ProcessRecord{3d3f841 19750:com.huawei.android.totemweather/u0a73}, flags: 400
I/ActivityManager( 1415): bindServiceLocked, r: ServiceRecord{bc34f40 u0 euid: 0 com.huawei.android.totemweather/.WeatherService}, euid: 0
I/ActivityManager( 1415): collectReceiverComponents for intent: Intent { act=android.intent.action.SIG_STR flg=0x20000010 (has extras) }, receivers: null
W/ActivityManager( 1415): getRunningAppProcesses: caller 10080 does not hold REAL_GET_TASKS; limiting output
I/ActivityManager( 1415): collectReceiverComponents for intent: Intent { act=android.intent.action.SIG_STR flg=0x20000010 (has extras) }, receivers: null
W/ActivityManager( 1415): getRunningAppProcesses: caller 10080 does not hold REAL_GET_TASKS; limiting output
I/ActivityManager( 1415): retrieveServiceLocked, callerApp: ProcessRecord{55f900f 18867:com.ss.android.ugc.aweme/u0a164}, flags: 400
I/ActivityManager( 1415): bindServiceLocked, r: ServiceRecord{fce6e79 u0 euid: 0 com.ss.android.ugc.aweme/com.umeng.message.UmengIntentService}, euid: 0
E/NetlinkEvent(  403): NetlinkEvent::FindParam(): Parameter 'UID' not found
W/SocketListener(  403): sending broadcast to Pid = 1415, Uid = 1000 
D/NetdConnector( 1415): RCV <- {613 IfaceClass idle 1 139598328988665}
D/NetdConnector( 1415): RCV <- {613 IfaceClass idle 1 139598328988665}
D/NetdConnector( 1415): RCV unsolicited event from native daemon, event = 613 IfaceClass idle 1 139598328988665
D/NetworkManagement( 1415): notifyInterfaceClassActivity: client is com.android.server.connectivity.Vpn$3@2e9d13
D/NetworkManagement( 1415): notifyInterfaceClassActivity: client is com.android.server.net.NetworkPolicyManagerService$14@8b1e60
D/NetworkManagement( 1415): notifyInterfaceClassActivity: client is com.android.server.connectivity.Tethering@f68685
D/NetworkManagement( 1415): notifyInterfaceClassActivity: client is com.android.server.ethernet.EthernetNetworkFactory$InterfaceObserver@18b31c2
D/NetworkManagement( 1415): notifyInterfaceClassActivity: client is com.android.server.ConnectivityService$2@5d1fcda
I/ActivityManager( 1415): collectReceiverComponents for intent: Intent { act=android.net.conn.DATA_ACTIVITY_CHANGE flg=0x10 (has extras) }, receivers: null
D/NetworkManagement( 1415): notifyInterfaceClassActivity: client is com.android.server.net.NetlinkTracker@ae7a114
D/NetworkManagement( 1415): notifyInterfaceClassActivity: client is com.android.server.net.NetworkStatsService$7@de16201
D/NetworkManagement( 1415): notifyInterfaceClassActivity: client is android.net.INetworkManagementEventObserver$Stub$Proxy@14e31ef
E/NetlinkEvent(  403): NetlinkEvent::FindParam(): Parameter 'UID' not found
W/SocketListener(  403): sending broadcast to Pid = 1415, Uid = 1000 
D/NetdConnector( 1415): RCV <- {613 IfaceClass active 1 139599302102102}
D/NetdConnector( 1415): RCV <- {613 IfaceClass active 1 139599302102102}
D/NetdConnector( 1415): RCV unsolicited event from native daemon, event = 613 IfaceClass active 1 139599302102102
D/NetworkManagement( 1415): notifyInterfaceClassActivity: client is com.android.server.connectivity.Vpn$3@2e9d13
D/NetworkManagement( 1415): notifyInterfaceClassActivity: client is com.android.server.net.NetworkPolicyManagerService$14@8b1e60
D/NetworkManagement( 1415): notifyInterfaceClassActivity: client is com.android.server.connectivity.Tethering@f68685
D/NetworkManagement( 1415): notifyInterfaceClassActivity: client is com.android.server.ethernet.EthernetNetworkFactory$InterfaceObserver@18b31c2
D/NetworkManagement( 1415): notifyInterfaceClassActivity: client is com.android.server.ConnectivityService$2@5d1fcda
I/ActivityManager( 1415): collectReceiverComponents for intent: Intent { act=android.net.conn.DATA_ACTIVITY_CHANGE flg=0x10 (has extras) }, receivers: null
D/NetworkManagement( 1415): notifyInterfaceClassActivity: client is com.android.server.net.NetlinkTracker@ae7a114
D/NetworkManagement( 1415): notifyInterfaceClassActivity: client is com.android.server.net.NetworkStatsService$7@de16201
D/NetworkManagement( 1415): notifyInterfaceClassActivity: client is android.net.INetworkManagementEventObserver$Stub$Proxy@14e31ef
I/ActivityManager( 1415): collectReceiverComponents for intent: Intent { act=android.intent.action.SIG_STR flg=0x20000010 (has extras) }, receivers: null
W/ActivityManager( 1415): getRunningAppProcesses: caller 10080 does not hold REAL_GET_TASKS; limiting output
I/ActivityManager( 1415): collectReceiverComponents for intent: Intent { act=android.intent.action.SIG_STR flg=0x20000010 (has extras) }, receivers: null
W/ActivityManager( 1415): getRunningAppProcesses: caller 10080 does not hold REAL_GET_TASKS; limiting output
D/WifiService( 1415): onReceive, action:android.intent.action.BATTERY_CHANGED
D/WifiService( 1415): ACTION_BATTERY_CHANGED pluggedType: 2
V/AlarmManager( 1415): Alarm triggering (type 0 or 2): [Alarm{b2417be type 0 when 1530201077956 com.tencent.mobileqq}]
V/AlarmManager( 1415): sending alarm Alarm{88e301f type 3 when 139466213 android},repeatInterval = 0
I/ActivityManager( 1415): collectReceiverComponents for intent: Intent { act=android.content.jobscheduler.JOB_DELAY_EXPIRED flg=0x14 (has extras) }, receivers: null
V/AlarmManager( 1415): sending alarm Alarm{e2e1f6c type 3 when 139593182 android},repeatInterval = 0
V/AlarmManager( 1415): sending alarm Alarm{b2417be type 0 when 1530201077956 com.tencent.mobileqq},repeatInterval = 0
I/ActivityManager( 1415): collectReceiverComponents for intent: Intent { act=com.tencent.mobileqq:MSF_101343414 flg=0x14 (has extras) }, receivers: null
V/AlarmManager( 1415): sending alarm Alarm{be7935 type 1 when 1530201250494 com.tencent.mtt},repeatInterval = 0
I/ActivityManager( 1415): collectReceiverComponents for intent: Intent { act=com.tencent.mobileqq.msf.wakeup flg=0x10 }, receivers: null
V/AlarmManager( 1415): set(PendingIntent{e05f1ca: PendingIntentRecord{a1d922c com.tencent.mobileqq broadcastIntent}}) : type=0 triggerAtTime=1530201470407 win=164922 tElapsed=139823589 maxElapsed=139988511 interval=0 flags=0xc
W/ActivityManager( 1415): getRunningAppProcesses: caller 10106 does not hold REAL_GET_TASKS; limiting output
I/ActivityManager( 1415): new Process app=ProcessRecord{46faf3b 0:com.tencent.mtt/u0a106}, name: com.tencent.mtt, euid: 0
I/ActivityManager( 1415): Start proc 19795:com.tencent.mtt/u0a106 for content provider com.tencent.mtt/.multiproc.QBSettingsProvider
V/ActivityManager_MU( 1415): Waiting to start provider ContentProviderRecord{d93c658 u0 euid:0 com.tencent.mtt/.multiproc.QBSettingsProvider} launchingApp=ProcessRecord{46faf3b 19795:com.tencent.mtt/u0a106} caller pid= 7207
D/ActivityThread(19795): ActivityThread,attachApplication
D/ActivityManager( 1415): ActivityManagerService,attachApplication,callingPid = 19795
V/ActivityManager( 1415): New app record ProcessRecord{46faf3b 19795:com.tencent.mtt/u0a106} thread=android.os.BinderProxy@e6a73b1 pid=19795
W/ActivityManager( 1415): getRunningAppProcesses: caller 10106 does not hold REAL_GET_TASKS; limiting output
W/ActivityManager( 1415): getRunningAppProcesses: caller 10106 does not hold REAL_GET_TASKS; limiting output
V/ActivityManager( 1415): Successfully start provider ContentProviderRecord{d93c658 u0 euid:0 com.tencent.mtt/.multiproc.QBSettingsProvider} launchingApp=ProcessRecord{46faf3b 19795:com.tencent.mtt/u0a106} caller pid= 7207
W/ActivityManager( 1415): getRunningAppProcesses: caller 10080 does not hold REAL_GET_TASKS; limiting output
I/ActivityManager( 1415): collectReceiverComponents for intent: Intent { act=android.intent.action.SIG_STR flg=0x20000010 (has extras) }, receivers: null
W/ActivityManager( 1415): getRunningAppProcesses: caller 10080 does not hold REAL_GET_TASKS; limiting output
D/HwBatteryService( 1415): onUEvent fcp_values = 0
D/WifiService( 1415): onReceive, action:android.intent.action.BATTERY_CHANGED
D/WifiService( 1415): ACTION_BATTERY_CHANGED pluggedType: 2
I/ActivityManager( 1415): collectReceiverComponents for intent: Intent { act=android.intent.action.SIG_STR flg=0x20000010 (has extras) }, receivers: null
W/ActivityManager( 1415): getRunningAppProcesses: caller 10080 does not hold REAL_GET_TASKS; limiting output
I/UsageStatsService( 1415): User[0] Flushing usage stats to disk
I/ActivityManager( 1415): collectReceiverComponents for intent: Intent { act=android.intent.action.SIG_STR flg=0x20000010 (has extras) }, receivers: null
W/ActivityManager( 1415): getRunningAppProcesses: caller 10080 does not hold REAL_GET_TASKS; limiting output
V/AlarmManager( 1415): Alarm triggering (type 0 or 2): [Alarm{e796096 type 0 when 1530201262128 android}]
V/AlarmManager( 1415): sending alarm Alarm{e796096 type 0 when 1530201262128 android},repeatInterval = 0
I/ActivityManager( 1415): collectReceiverComponents for intent: Intent { act=com.huawei.intent.action.PUSH flg=0x14 pkg=android (has extras) }, receivers: null
V/AlarmManager( 1415): set(PendingIntent{f200417: PendingIntentRecord{d03bb2d android broadcastIntent}}) : type=0 triggerAtTime=1530201272153 win=0 tElapsed=139625335 maxElapsed=139625335 interval=0 flags=0x9
V/AlarmManager( 1415): set(PendingIntent{2aaf004: PendingIntentRecord{d9e5084 android broadcastIntent}}) : type=0 triggerAtTime=1530201532250 win=0 tElapsed=139885433 maxElapsed=139885433 interval=0 flags=0x9
I/ActivityManager( 1415): collectReceiverComponents for intent: Intent { act=android.intent.action.SIG_STR flg=0x20000010 (has extras) }, receivers: null
W/ActivityManager( 1415): getRunningAppProcesses: caller 10080 does not hold REAL_GET_TASKS; limiting output
I/ActivityManager( 1415): collectReceiverComponents for intent: Intent { act=android.intent.action.SIG_STR flg=0x20000010 (has extras) }, receivers: null
W/ActivityManager( 1415): getRunningAppProcesses: caller 10080 does not hold REAL_GET_TASKS; limiting output
I/ActivityManager( 1415): collectReceiverComponents for intent: Intent { act=android.intent.action.SIG_STR flg=0x20000010 (has extras) }, receivers: null
W/ActivityManager( 1415): getRunningAppProcesses: caller 10080 does not hold REAL_GET_TASKS; limiting output
I/ActivityManager( 1415): collectReceiverComponents for intent: Intent { act=android.intent.action.SIG_STR flg=0x20000010 (has extras) }, receivers: null
W/ActivityManager( 1415): getRunningAppProcesses: caller 10080 does not hold REAL_GET_TASKS; limiting output
E/NetlinkEvent(  403): NetlinkEvent::FindParam(): Parameter 'UID' not found
W/SocketListener(  403): sending broadcast to Pid = 1415, Uid = 1000 
D/NetdConnector( 1415): RCV <- {613 IfaceClass idle 1 139630448998965}
D/NetdConnector( 1415): RCV <- {613 IfaceClass idle 1 139630448998965}
D/NetdConnector( 1415): RCV unsolicited event from native daemon, event = 613 IfaceClass idle 1 139630448998965
D/NetworkManagement( 1415): notifyInterfaceClassActivity: client is com.android.server.connectivity.Vpn$3@2e9d13
D/NetworkManagement( 1415): notifyInterfaceClassActivity: client is com.android.server.net.NetworkPolicyManagerService$14@8b1e60
D/NetworkManagement( 1415): notifyInterfaceClassActivity: client is com.android.server.connectivity.Tethering@f68685
D/NetworkManagement( 1415): notifyInterfaceClassActivity: client is com.android.server.ethernet.EthernetNetworkFactory$InterfaceObserver@18b31c2
D/NetworkManagement( 1415): notifyInterfaceClassActivity: client is com.android.server.ConnectivityService$2@5d1fcda
I/ActivityManager( 1415): collectReceiverComponents for intent: Intent { act=android.net.conn.DATA_ACTIVITY_CHANGE flg=0x10 (has extras) }, receivers: null
D/NetworkManagement( 1415): notifyInterfaceClassActivity: client is com.android.server.net.NetlinkTracker@ae7a114
D/NetworkManagement( 1415): notifyInterfaceClassActivity: client is com.android.server.net.NetworkStatsService$7@de16201
D/NetworkManagement( 1415): notifyInterfaceClassActivity: client is android.net.INetworkManagementEventObserver$Stub$Proxy@14e31ef
I/ActivityManager( 1415): collectReceiverComponents for intent: Intent { act=android.intent.action.SIG_STR flg=0x20000010 (has extras) }, receivers: null
W/ActivityManager( 1415): getRunningAppProcesses: caller 10080 does not hold REAL_GET_TASKS; limiting output
I/ActivityManager( 1415): collectReceiverComponents for intent: Intent { act=android.intent.action.SIG_STR flg=0x20000010 (has extras) }, receivers: null
W/ActivityManager( 1415): getRunningAppProcesses: caller 10080 does not hold REAL_GET_TASKS; limiting output
W/ActivityManager( 1415): getRunningAppProcesses: caller 10080 does not hold REAL_GET_TASKS; limiting output
D/HwBatteryService( 1415): onUEvent fcp_values = 0
D/WifiService( 1415): onReceive, action:android.intent.action.BATTERY_CHANGED
D/WifiService( 1415): ACTION_BATTERY_CHANGED pluggedType: 2
I/ActivityManager( 1415): collectReceiverComponents for intent: Intent { act=android.intent.action.SIG_STR flg=0x20000010 (has extras) }, receivers: null
W/ActivityManager( 1415): getRunningAppProcesses: caller 10080 does not hold REAL_GET_TASKS; limiting output
I/ActivityManager( 1415): collectReceiverComponents for intent: Intent { act=android.intent.action.SIG_STR flg=0x20000010 (has extras) }, receivers: null
W/ActivityManager( 1415): getRunningAppProcesses: caller 10080 does not hold REAL_GET_TASKS; limiting output
E/NetlinkEvent(  403): NetlinkEvent::FindParam(): Parameter 'UID' not found
W/SocketListener(  403): sending broadcast to Pid = 1415, Uid = 1000 
D/NetdConnector( 1415): RCV <- {613 IfaceClass active 1 139644352814376}
D/NetdConnector( 1415): RCV <- {613 IfaceClass active 1 139644352814376}
D/NetdConnector( 1415): RCV unsolicited event from native daemon, event = 613 IfaceClass active 1 139644352814376
D/NetworkManagement( 1415): notifyInterfaceClassActivity: client is com.android.server.connectivity.Vpn$3@2e9d13
D/NetworkManagement( 1415): notifyInterfaceClassActivity: client is com.android.server.net.NetworkPolicyManagerService$14@8b1e60
D/NetworkManagement( 1415): notifyInterfaceClassActivity: client is com.android.server.connectivity.Tethering@f68685
D/NetworkManagement( 1415): notifyInterfaceClassActivity: client is com.android.server.ethernet.EthernetNetworkFactory$InterfaceObserver@18b31c2
D/NetworkManagement( 1415): notifyInterfaceClassActivity: client is com.android.server.ConnectivityService$2@5d1fcda
I/ActivityManager( 1415): collectReceiverComponents for intent: Intent { act=android.net.conn.DATA_ACTIVITY_CHANGE flg=0x10 (has extras) }, receivers: null
D/NetworkManagement( 1415): notifyInterfaceClassActivity: client is com.android.server.net.NetlinkTracker@ae7a114
D/NetworkManagement( 1415): notifyInterfaceClassActivity: client is com.android.server.net.NetworkStatsService$7@de16201
D/NetworkManagement( 1415): notifyInterfaceClassActivity: client is android.net.INetworkManagementEventObserver$Stub$Proxy@14e31ef
I/ActivityManager( 1415): collectReceiverComponents for intent: Intent { act=android.intent.action.SIG_STR flg=0x20000010 (has extras) }, receivers: null
W/ActivityManager( 1415): getRunningAppProcesses: caller 10080 does not hold REAL_GET_TASKS; limiting output
I/ActivityManager( 1415): collectReceiverComponents for intent: Intent { act=android.intent.action.SIG_STR flg=0x20000010 (has extras) }, receivers: null
W/ActivityManager( 1415): getRunningAppProcesses: caller 10080 does not hold REAL_GET_TASKS; limiting output
I/ActivityManager( 1415): collectReceiverComponents for intent: Intent { act=android.intent.action.SIG_STR flg=0x20000010 (has extras) }, receivers: null
W/ActivityManager( 1415): getRunningAppProcesses: caller 10080 does not hold REAL_GET_TASKS; limiting output
I/ActivityManager( 1415): collectReceiverComponents for intent: Intent { act=android.intent.action.SIG_STR flg=0x20000010 (has extras) }, receivers: null
W/ActivityManager( 1415): getRunningAppProcesses: caller 10080 does not hold REAL_GET_TASKS; limiting output
D/WifiService( 1415): onReceive, action:android.intent.action.BATTERY_CHANGED
D/WifiService( 1415): ACTION_BATTERY_CHANGED pluggedType: 2
I/ActivityManager( 1415): collectReceiverComponents for intent: Intent { act=android.intent.action.SIG_STR flg=0x20000010 (has extras) }, receivers: null
W/ActivityManager( 1415): getRunningAppProcesses: caller 10080 does not hold REAL_GET_TASKS; limiting output
W/ActivityManager( 1415): getRunningAppProcesses: caller 10080 does not hold REAL_GET_TASKS; limiting output
I/ActivityManager( 1415): collectReceiverComponents for intent: Intent { act=android.intent.action.SIG_STR flg=0x20000010 (has extras) }, receivers: null
W/ActivityManager( 1415): getRunningAppProcesses: caller 10080 does not hold REAL_GET_TASKS; limiting output
D/HwBatteryService( 1415): onUEvent fcp_values = 0
D/WifiService( 1415): onReceive, action:android.intent.action.BATTERY_CHANGED
D/WifiService( 1415): ACTION_BATTERY_CHANGED pluggedType: 2
I/ActivityManager( 1415): collectReceiverComponents for intent: Intent { act=android.intent.action.SIG_STR flg=0x20000010 (has extras) }, receivers: null
W/ActivityManager( 1415): getRunningAppProcesses: caller 10080 does not hold REAL_GET_TASKS; limiting output
I/ActivityManager( 1415): collectReceiverComponents for intent: Intent { act=android.intent.action.SIG_STR flg=0x20000010 (has extras) }, receivers: null
W/ActivityManager( 1415): getRunningAppProcesses: caller 10080 does not hold REAL_GET_TASKS; limiting output
I/ActivityManager( 1415): collectReceiverComponents for intent: Intent { act=android.intent.action.SIG_STR flg=0x20000010 (has extras) }, receivers: null
W/ActivityManager( 1415): getRunningAppProcesses: caller 10080 does not hold REAL_GET_TASKS; limiting output
V/AlarmManager( 1415): Alarm triggering (type 0 or 2): [Alarm{f0199ed type 2 when 139688239 com.tencent.mm}]
V/AlarmManager( 1415): sending alarm Alarm{ae2f022 type 3 when 139627406 android},repeatInterval = 0
I/ActivityManager( 1415): collectReceiverComponents for intent: Intent { act=android.content.jobscheduler.JOB_DELAY_EXPIRED flg=0x14 (has extras) }, receivers: null
V/AlarmManager( 1415): sending alarm Alarm{416cab3 type 3 when 139653183 android},repeatInterval = 0
V/AlarmManager( 1415): sending alarm Alarm{f0199ed type 2 when 139688239 com.tencent.mm},repeatInterval = 0
I/ActivityManager( 1415): collectReceiverComponents for intent: Intent { act=ALARM_ACTION(31353) flg=0x14 (has extras) }, receivers: null
V/AlarmManager( 1415): set(PendingIntent{8e90870: PendingIntentRecord{26ae7e9 com.tencent.mm broadcastIntent}}) : type=2 triggerAtTime=139696250 win=0 tElapsed=139696250 maxElapsed=139696250 interval=0 flags=0x9
I/ActivityManager( 1415): retrieveServiceLocked, callerApp: ProcessRecord{a7f0842 0:system/1000}, flags: 400
I/ActivityManager( 1415): bindServiceLocked, r: ServiceRecord{bae3b9c u0 euid: 0 com.tencent.mtt/.browser.push.external.account.JobschedulService}, euid: 0
V/AlarmManager( 1415): set(PendingIntent{60119a5: PendingIntentRecord{ee6617a com.tencent.mm broadcastIntent}}) : type=2 triggerAtTime=139898260 win=0 tElapsed=139898260 maxElapsed=139898260 interval=0 flags=0x9
I/ActivityManager( 1415): retrieveServiceLocked, callerApp: ProcessRecord{a7f0842 0:system/1000}, flags: 400
I/ActivityManager( 1415): bindServiceLocked, r: ServiceRecord{80eab21 u0 euid: 0 com.ss.android.ugc.aweme/com.ss.android.message.PushJobService}, euid: 0
V/AlarmManager( 1415): set(PendingIntent{2e91b46: PendingIntentRecord{1b42107 com.tencent.mm broadcastIntent}}) : type=2 triggerAtTime=139898286 win=0 tElapsed=139898286 maxElapsed=139898286 interval=0 flags=0x9
W/ActivityManager( 1415): getRunningAppProcesses: caller 10080 does not hold REAL_GET_TASKS; limiting output
I/ActivityManager( 1415): collectReceiverComponents for intent: Intent { act=android.intent.action.SIG_STR flg=0x20000010 (has extras) }, receivers: null
W/ActivityManager( 1415): getRunningAppProcesses: caller 10080 does not hold REAL_GET_TASKS; limiting output
D/HwBatteryService( 1415): onUEvent fcp_values = 0
D/WifiService( 1415): onReceive, action:android.intent.action.BATTERY_CHANGED
D/WifiService( 1415): ACTION_BATTERY_CHANGED pluggedType: 2
I/ActivityManager( 1415): collectReceiverComponents for intent: Intent { act=android.intent.action.SIG_STR flg=0x20000010 (has extras) }, receivers: null
W/ActivityManager( 1415): getRunningAppProcesses: caller 10080 does not hold REAL_GET_TASKS; limiting output
E/NetlinkEvent(  403): NetlinkEvent::FindParam(): Parameter 'UID' not found
W/SocketListener(  403): sending broadcast to Pid = 1415, Uid = 1000 
D/NetdConnector( 1415): RCV <- {613 IfaceClass idle 1 139710449369820}
D/NetdConnector( 1415): RCV <- {613 IfaceClass idle 1 139710449369820}
D/NetdConnector( 1415): RCV unsolicited event from native daemon, event = 613 IfaceClass idle 1 139710449369820
D/NetworkManagement( 1415): notifyInterfaceClassActivity: client is com.android.server.connectivity.Vpn$3@2e9d13
D/NetworkManagement( 1415): notifyInterfaceClassActivity: client is com.android.server.net.NetworkPolicyManagerService$14@8b1e60
D/NetworkManagement( 1415): notifyInterfaceClassActivity: client is com.android.server.connectivity.Tethering@f68685
D/NetworkManagement( 1415): notifyInterfaceClassActivity: client is com.android.server.ethernet.EthernetNetworkFactory$InterfaceObserver@18b31c2
D/NetworkManagement( 1415): notifyInterfaceClassActivity: client is com.android.server.ConnectivityService$2@5d1fcda
I/ActivityManager( 1415): collectReceiverComponents for intent: Intent { act=android.net.conn.DATA_ACTIVITY_CHANGE flg=0x10 (has extras) }, receivers: null
D/NetworkManagement( 1415): notifyInterfaceClassActivity: client is com.android.server.net.NetlinkTracker@ae7a114
D/NetworkManagement( 1415): notifyInterfaceClassActivity: client is com.android.server.net.NetworkStatsService$7@de16201
D/NetworkManagement( 1415): notifyInterfaceClassActivity: client is android.net.INetworkManagementEventObserver$Stub$Proxy@14e31ef
I/ActivityManager( 1415): collectReceiverComponents for intent: Intent { act=android.intent.action.SIG_STR flg=0x20000010 (has extras) }, receivers: null
W/ActivityManager( 1415): getRunningAppProcesses: caller 10080 does not hold REAL_GET_TASKS; limiting output
I/ActivityManager( 1415): collectReceiverComponents for intent: Intent { act=android.intent.action.SIG_STR flg=0x20000010 (has extras) }, receivers: null
W/ActivityManager( 1415): getRunningAppProcesses: caller 10080 does not hold REAL_GET_TASKS; limiting output
D/WifiService( 1415): onReceive, action:android.intent.action.BATTERY_CHANGED
D/WifiService( 1415): ACTION_BATTERY_CHANGED pluggedType: 2
W/ActivityManager( 1415): getRunningAppProcesses: caller 10080 does not hold REAL_GET_TASKS; limiting output
D/HwBatteryService( 1415): onUEvent fcp_values = 0
D/WifiService( 1415): onReceive, action:android.intent.action.BATTERY_CHANGED
D/WifiService( 1415): ACTION_BATTERY_CHANGED pluggedType: 2
I/ActivityManager( 1415): collectReceiverComponents for intent: Intent { act=android.intent.action.SIG_STR flg=0x20000010 (has extras) }, receivers: null
W/ActivityManager( 1415): getRunningAppProcesses: caller 10080 does not hold REAL_GET_TASKS; limiting output
E/NetlinkEvent(  403): NetlinkEvent::FindParam(): Parameter 'UID' not found
W/SocketListener(  403): sending broadcast to Pid = 1415, Uid = 1000 
D/NetdConnector( 1415): RCV <- {613 IfaceClass active 1 139734453745488}
D/NetdConnector( 1415): RCV <- {613 IfaceClass active 1 139734453745488}
D/NetdConnector( 1415): RCV unsolicited event from native daemon, event = 613 IfaceClass active 1 139734453745488
D/NetworkManagement( 1415): notifyInterfaceClassActivity: client is com.android.server.connectivity.Vpn$3@2e9d13
D/NetworkManagement( 1415): notifyInterfaceClassActivity: client is com.android.server.net.NetworkPolicyManagerService$14@8b1e60
D/NetworkManagement( 1415): notifyInterfaceClassActivity: client is com.android.server.connectivity.Tethering@f68685
D/NetworkManagement( 1415): notifyInterfaceClassActivity: client is com.android.server.ethernet.EthernetNetworkFactory$InterfaceObserver@18b31c2
D/NetworkManagement( 1415): notifyInterfaceClassActivity: client is com.android.server.ConnectivityService$2@5d1fcda
I/ActivityManager( 1415): collectReceiverComponents for intent: Intent { act=android.net.conn.DATA_ACTIVITY_CHANGE flg=0x10 (has extras) }, receivers: null
D/NetworkManagement( 1415): notifyInterfaceClassActivity: client is com.android.server.net.NetlinkTracker@ae7a114
D/NetworkManagement( 1415): notifyInterfaceClassActivity: client is com.android.server.net.NetworkStatsService$7@de16201
D/NetworkManagement( 1415): notifyInterfaceClassActivity: client is android.net.INetworkManagementEventObserver$Stub$Proxy@14e31ef
I/ActivityManager( 1415): collectReceiverComponents for intent: Intent { act=android.intent.action.SIG_STR flg=0x20000010 (has extras) }, receivers: null
W/ActivityManager( 1415): getRunningAppProcesses: caller 10080 does not hold REAL_GET_TASKS; limiting output
D/LocationManagerServiceUtil( 1415): ServiceStateChanged numeric = 46000
D/LocationManagerServiceUtil( 1415): ServiceStateChanged use pkgName = com.baidu.map.location
I/ActivityManager( 1415): collectReceiverComponents for intent: Intent { act=android.intent.action.SERVICE_STATE flg=0x10 (has extras) }, receivers: [ResolveInfo{40ba5d2 com.android.phone/.HwCustLteEnableReceiver m=0x108000 euid=0}, ResolveInfo{7e7c6a3 com.android.mms/.transaction.ServiceStateChangeReceiver m=0x108000 euid=0}, ResolveInfo{1476da0 com.android.settings/.RoamingDataAlertReceiver m=0x108000 euid=0}]
D/HwMultiNlpPolicy( 1415): PhoneStateListener 1, mDataSub 1
D/HwMultiNlpPolicy( 1415): setSimCardReady 1
D/HwMultiNlpPolicy( 1415): setRegistedNetwork 46000
D/CarrierLabel( 2099): mSub=0 dualCardMode=0
D/CarrierLabel( 2099): mSub=1 dualCardMode=0
D/Telecom ( 1415): TelecomServiceImpl: isInCall callState is 0
I/ActivityManager( 1415): new Process app=ProcessRecord{8909d59 0:com.android.mms/u0a88}, name: com.android.mms, euid: 0
I/ActivityManager( 1415): Start proc 19920:com.android.mms/u0a88 for broadcast com.android.mms/.transaction.ServiceStateChangeReceiver
I/ActivityManager( 1415): collectReceiverComponents for intent: Intent { act=android.intent.action.ANY_DATA_STATE flg=0x10 (has extras) }, receivers: null
I/ActivityManager( 1415): collectReceiverComponents for intent: Intent { act=android.intent.action.PRECISE_DATA_CONNECTION_STATE_CHANGED flg=0x10 (has extras) }, receivers: null
I/ActivityManager( 1415): collectReceiverComponents for intent: Intent { act=android.intent.action.ANY_DATA_STATE flg=0x10 (has extras) }, receivers: null
I/ActivityManager( 1415): collectReceiverComponents for intent: Intent { act=android.intent.action.PRECISE_DATA_CONNECTION_STATE_CHANGED flg=0x10 (has extras) }, receivers: null
I/ActivityManager( 1415): collectReceiverComponents for intent: Intent { act=android.intent.action.ANY_DATA_STATE flg=0x10 (has extras) }, receivers: null
I/ActivityManager( 1415): collectReceiverComponents for intent: Intent { act=android.intent.action.PRECISE_DATA_CONNECTION_STATE_CHANGED flg=0x10 (has extras) }, receivers: null
I/ActivityManager( 1415): collectReceiverComponents for intent: Intent { act=android.intent.action.ANY_DATA_STATE flg=0x10 (has extras) }, receivers: null
I/ActivityManager( 1415): collectReceiverComponents for intent: Intent { act=android.intent.action.PRECISE_DATA_CONNECTION_STATE_CHANGED flg=0x10 (has extras) }, receivers: null
I/ActivityManager( 1415): collectReceiverComponents for intent: Intent { act=android.intent.action.ANY_DATA_STATE flg=0x10 (has extras) }, receivers: null
I/ActivityManager( 1415): collectReceiverComponents for intent: Intent { act=android.intent.action.PRECISE_DATA_CONNECTION_STATE_CHANGED flg=0x10 (has extras) }, receivers: null
I/ActivityManager( 1415): collectReceiverComponents for intent: Intent { act=android.intent.action.ANY_DATA_STATE flg=0x10 (has extras) }, receivers: null
D/ActivityThread(19920): ActivityThread,attachApplication
D/ActivityManager( 1415): ActivityManagerService,attachApplication,callingPid = 19920
V/ActivityManager( 1415): New app record ProcessRecord{8909d59 19920:com.android.mms/u0a88} thread=android.os.BinderProxy@15a4d1e pid=19920
I/ActivityManager( 1415): collectReceiverComponents for intent: Intent { act=android.intent.action.PRECISE_DATA_CONNECTION_STATE_CHANGED flg=0x10 (has extras) }, receivers: null
I/ActivityManager( 1415): collectReceiverComponents for intent: Intent { act=android.intent.action.ANY_DATA_STATE flg=0x10 (has extras) }, receivers: null
I/ActivityManager( 1415): collectReceiverComponents for intent: Intent { act=android.intent.action.PRECISE_DATA_CONNECTION_STATE_CHANGED flg=0x10 (has extras) }, receivers: null
I/ActivityManager( 1415): collectReceiverComponents for intent: Intent { act=android.intent.action.ANY_DATA_STATE flg=0x10 (has extras) }, receivers: null
I/ActivityManager( 1415): collectReceiverComponents for intent: Intent { act=android.intent.action.PRECISE_DATA_CONNECTION_STATE_CHANGED flg=0x10 (has extras) }, receivers: null
I/ActivityManager( 1415): collectReceiverComponents for intent: Intent { act=android.intent.action.ANY_DATA_STATE flg=0x10 (has extras) }, receivers: null
I/ActivityManager( 1415): collectReceiverComponents for intent: Intent { act=android.intent.action.PRECISE_DATA_CONNECTION_STATE_CHANGED flg=0x10 (has extras) }, receivers: null
I/ActivityManager( 1415): collectReceiverComponents for intent: Intent { act=android.intent.action.ANY_DATA_STATE flg=0x10 (has extras) }, receivers: null
I/ActivityManager( 1415): collectReceiverComponents for intent: Intent { act=android.intent.action.PRECISE_DATA_CONNECTION_STATE_CHANGED flg=0x10 (has extras) }, receivers: null
W/ActivityManager( 1415): getRunningAppProcesses: caller 10080 does not hold REAL_GET_TASKS; limiting output
I/ActivityManager( 1415): collectReceiverComponents for intent: Intent { act=android.intent.action.SIG_STR flg=0x20000010 (has extras) }, receivers: null
D/CountryDetector( 1415): The first listener is added
D/CountryDetector( 1415): isValidCountryIso: CN
D/CountryDetector( 1415): isValidCountryIso: CN
D/CountryDetector( 1415): isValidCountryIso: CN
D/AlarmManager( 1415): setTimeZoneImpl,uid is 1001,pid is 2522,tz = Asia/Shanghai
I/ActivityManager( 1415): collectReceiverComponents for intent: Intent { act=android.intent.action.NETWORK_SET_TIMEZONE flg=0x20000010 (has extras) }, receivers: null
D/LocationManagerServiceUtil( 1415): ServiceStateChanged numeric = 46000
D/LocationManagerServiceUtil( 1415): ServiceStateChanged use pkgName = com.baidu.map.location
D/HwMultiNlpPolicy( 1415): PhoneStateListener 1, mDataSub 1
D/HwMultiNlpPolicy( 1415): setSimCardReady 0
D/HwMultiNlpPolicy( 1415): setRegistedNetwork 46000
D/CountryDetector( 1415): isValidCountryIso: CN
I/ActivityManager( 1415): collectReceiverComponents for intent: Intent { act=android.intent.action.SERVICE_STATE flg=0x10 (has extras) }, receivers: [ResolveInfo{2a390ef com.android.phone/.HwCustLteEnableReceiver m=0x108000 euid=0}, ResolveInfo{da7b7fc com.android.mms/.transaction.ServiceStateChangeReceiver m=0x108000 euid=0}, ResolveInfo{3604e85 com.android.settings/.RoamingDataAlertReceiver m=0x108000 euid=0}]
D/CarrierLabel( 2099): mSub=0 dualCardMode=0
D/CarrierLabel( 2099): mSub=1 dualCardMode=0
D/Telecom ( 1415): TelecomServiceImpl: isInCall callState is 0
I/ActivityManager( 1415): collectReceiverComponents for intent: Intent { act=android.intent.action.ANY_DATA_STATE flg=0x10 (has extras) }, receivers: null
I/ActivityManager( 1415): collectReceiverComponents for intent: Intent { act=android.intent.action.PRECISE_DATA_CONNECTION_STATE_CHANGED flg=0x10 (has extras) }, receivers: null
I/ActivityManager( 1415): collectReceiverComponents for intent: Intent { act=android.intent.action.ANY_DATA_STATE flg=0x10 (has extras) }, receivers: null
I/ActivityManager( 1415): collectReceiverComponents for intent: Intent { act=android.intent.action.PRECISE_DATA_CONNECTION_STATE_CHANGED flg=0x10 (has extras) }, receivers: null
I/ActivityManager( 1415): collectReceiverComponents for intent: Intent { act=android.intent.action.ANY_DATA_STATE flg=0x10 (has extras) }, receivers: null
I/ActivityManager( 1415): collectReceiverComponents for intent: Intent { act=android.intent.action.PRECISE_DATA_CONNECTION_STATE_CHANGED flg=0x10 (has extras) }, receivers: null
I/ActivityManager( 1415): collectReceiverComponents for intent: Intent { act=android.intent.action.ANY_DATA_STATE flg=0x10 (has extras) }, receivers: null
I/ActivityManager( 1415): collectReceiverComponents for intent: Intent { act=android.intent.action.PRECISE_DATA_CONNECTION_STATE_CHANGED flg=0x10 (has extras) }, receivers: null
I/ActivityManager( 1415): collectReceiverComponents for intent: Intent { act=huawei.floatapp.notice.orginapp.launch.mms flg=0x10 }, receivers: null
I/ActivityManager( 1415): collectReceiverComponents for intent: Intent { act=android.intent.action.ANY_DATA_STATE flg=0x10 (has extras) }, receivers: null
I/ActivityManager( 1415): collectReceiverComponents for intent: Intent { act=android.intent.action.PRECISE_DATA_CONNECTION_STATE_CHANGED flg=0x10 (has extras) }, receivers: null
I/ActivityManager( 1415): collectReceiverComponents for intent: Intent { act=android.intent.action.ANY_DATA_STATE flg=0x10 (has extras) }, receivers: null
